Java HotSpot(TM) 64-Bit Server VM (25.66-b17) for linux-amd64 JRE (1.8.0_66-b17), built on Oct  6 2015 17:28:34 by "java_re" with gcc 4.3.0 20080428 (Red Hat 4.3.0-8)
Memory: 4k page, physical 32882904k(22109956k free), swap 7811068k(7811068k free)
CommandLine flags: -XX:CMSInitiatingOccupancyFraction=50 -XX:CMSMaxAbortablePrecleanTime=6000 -XX:+CMSParallelRemarkEnabled -XX:+CMSScavengeBeforeRemark -XX:ConcGCThreads=4 -XX:InitialHeapSize=1073741824 -XX:MaxHeapSize=1073741824 -XX:MaxTenuringThreshold=8 -XX:NewRatio=3 -XX:OldPLABSize=16 -XX:ParallelGCThreads=4 -XX:+ParallelRefProcEnabled -XX:PretenureSizeThreshold=67108864 -XX:+PrintGC -XX:+PrintGCApplicationStoppedTime -XX:+PrintGCDateStamps -XX:+PrintGCDetails -XX:+PrintGCTimeStamps -XX:+PrintHeapAtGC -XX:+PrintTenuringDistribution -XX:SurvivorRatio=4 -XX:TargetSurvivorRatio=90 -XX:ThreadStackSize=256 -XX:+UseCMSInitiatingOccupancyOnly -XX:+UseCompressedClassPointers -XX:+UseCompressedOops -XX:+UseConcMarkSweepGC -XX:+UseParNewGC 
2016-02-04T13:51:19.792+0100: 0,091: Total time for which application threads were stopped: 0,0000726 seconds, Stopping threads took: 0,0000160 seconds
2016-02-04T13:51:19.918+0100: 0,218: Total time for which application threads were stopped: 0,0001230 seconds, Stopping threads took: 0,0000150 seconds
2016-02-04T13:51:19.980+0100: 0,279: Total time for which application threads were stopped: 0,0001001 seconds, Stopping threads took: 0,0000129 seconds
2016-02-04T13:51:20.041+0100: 0,341: Total time for which application threads were stopped: 0,0001216 seconds, Stopping threads took: 0,0000205 seconds
2016-02-04T13:51:20.076+0100: 0,375: Total time for which application threads were stopped: 0,0001340 seconds, Stopping threads took: 0,0000194 seconds
2016-02-04T13:51:20.086+0100: 0,385: Total time for which application threads were stopped: 0,0001399 seconds, Stopping threads took: 0,0000218 seconds
2016-02-04T13:51:20.093+0100: 0,393: Total time for which application threads were stopped: 0,0001358 seconds, Stopping threads took: 0,0000211 seconds
2016-02-04T13:51:20.346+0100: 0,646: Total time for which application threads were stopped: 0,0002238 seconds, Stopping threads took: 0,0000223 seconds
2016-02-04T13:51:20.780+0100: 1,079: Total time for which application threads were stopped: 0,0002237 seconds, Stopping threads took: 0,0000206 seconds
2016-02-04T13:51:20.781+0100: 1,080: Total time for which application threads were stopped: 0,0001536 seconds, Stopping threads took: 0,0000128 seconds
2016-02-04T13:51:20.784+0100: 1,083: Total time for which application threads were stopped: 0,0001664 seconds, Stopping threads took: 0,0000156 seconds
2016-02-04T13:51:20.879+0100: 1,178: Total time for which application threads were stopped: 0,0002147 seconds, Stopping threads took: 0,0000207 seconds
{Heap before GC invocations=0 (full 0):
 par new generation   total 218496K, used 174848K [0x00000000c0000000, 0x00000000d0000000, 0x00000000d0000000)
  eden space 174848K, 100% used [0x00000000c0000000, 0x00000000caac0000, 0x00000000caac0000)
  from space 43648K,   0% used [0x00000000caac0000, 0x00000000caac0000, 0x00000000cd560000)
  to   space 43648K,   0% used [0x00000000cd560000, 0x00000000cd560000, 0x00000000d0000000)
 concurrent mark-sweep generation total 786432K, used 0K [0x00000000d0000000, 0x0000000100000000, 0x0000000100000000)
 Metaspace       used 18634K, capacity 18950K, committed 19328K, reserved 1067008K
  class space    used 2219K, capacity 2331K, committed 2432K, reserved 1048576K
2016-02-04T13:51:20.905+0100: 1,205: [GC (Allocation Failure) 2016-02-04T13:51:20.905+0100: 1,205: [ParNew
Desired survivor size 40225992 bytes, new threshold 8 (max 8)
- age   1:   13011160 bytes,   13011160 total
: 174848K->12845K(218496K), 0,0103103 secs] 174848K->12845K(1004928K), 0,0104125 secs] [Times: user=0,04 sys=0,00, real=0,01 secs] 
Heap after GC invocations=1 (full 0):
 par new generation   total 218496K, used 12845K [0x00000000c0000000, 0x00000000d0000000, 0x00000000d0000000)
  eden space 174848K,   0% used [0x00000000c0000000, 0x00000000c0000000, 0x00000000caac0000)
  from space 43648K,  29% used [0x00000000cd560000, 0x00000000ce1eb4f0, 0x00000000d0000000)
  to   space 43648K,   0% used [0x00000000caac0000, 0x00000000caac0000, 0x00000000cd560000)
 concurrent mark-sweep generation total 786432K, used 0K [0x00000000d0000000, 0x0000000100000000, 0x0000000100000000)
 Metaspace       used 18634K, capacity 18950K, committed 19328K, reserved 1067008K
  class space    used 2219K, capacity 2331K, committed 2432K, reserved 1048576K
}
2016-02-04T13:51:20.916+0100: 1,215: Total time for which application threads were stopped: 0,0106201 seconds, Stopping threads took: 0,0000672 seconds
2016-02-04T13:51:21.916+0100: 2,216: Total time for which application threads were stopped: 0,0000760 seconds, Stopping threads took: 0,0000225 seconds
2016-02-04T13:51:22.096+0100: 2,395: Total time for which application threads were stopped: 0,0002856 seconds, Stopping threads took: 0,0000249 seconds
2016-02-04T13:51:23.096+0100: 3,395: Total time for which application threads were stopped: 0,0000995 seconds, Stopping threads took: 0,0000237 seconds
2016-02-04T13:51:23.171+0100: 3,470: Total time for which application threads were stopped: 0,0002319 seconds, Stopping threads took: 0,0000165 seconds
2016-02-04T13:51:23.229+0100: 3,528: Total time for which application threads were stopped: 0,0001489 seconds, Stopping threads took: 0,0000647 seconds
2016-02-04T13:51:23.229+0100: 3,529: Total time for which application threads were stopped: 0,0002178 seconds, Stopping threads took: 0,0000128 seconds
2016-02-04T13:51:23.252+0100: 3,551: Total time for which application threads were stopped: 0,0002825 seconds, Stopping threads took: 0,0000245 seconds
2016-02-04T13:51:23.273+0100: 3,572: Total time for which application threads were stopped: 0,0000870 seconds, Stopping threads took: 0,0000194 seconds
2016-02-04T13:51:23.313+0100: 3,612: Total time for which application threads were stopped: 0,0001092 seconds, Stopping threads took: 0,0000287 seconds
2016-02-04T13:51:23.334+0100: 3,634: Total time for which application threads were stopped: 0,0000825 seconds, Stopping threads took: 0,0000213 seconds
2016-02-04T13:51:23.351+0100: 3,651: Total time for which application threads were stopped: 0,0000801 seconds, Stopping threads took: 0,0000194 seconds
2016-02-04T13:51:23.454+0100: 3,754: Total time for which application threads were stopped: 0,0000840 seconds, Stopping threads took: 0,0000224 seconds
2016-02-04T13:51:23.500+0100: 3,800: Total time for which application threads were stopped: 0,0001116 seconds, Stopping threads took: 0,0000234 seconds
2016-02-04T13:51:23.519+0100: 3,818: Total time for which application threads were stopped: 0,0000987 seconds, Stopping threads took: 0,0000216 seconds
2016-02-04T13:51:23.533+0100: 3,832: Total time for which application threads were stopped: 0,0001076 seconds, Stopping threads took: 0,0000272 seconds
2016-02-04T13:51:23.550+0100: 3,849: Total time for which application threads were stopped: 0,0003448 seconds, Stopping threads took: 0,0000240 seconds
2016-02-04T13:51:23.556+0100: 3,856: Total time for which application threads were stopped: 0,0001098 seconds, Stopping threads took: 0,0000227 seconds
2016-02-04T13:51:23.573+0100: 3,873: Total time for which application threads were stopped: 0,0001161 seconds, Stopping threads took: 0,0000274 seconds
2016-02-04T13:51:23.625+0100: 3,924: Total time for which application threads were stopped: 0,0001000 seconds, Stopping threads took: 0,0000172 seconds
2016-02-04T13:51:23.649+0100: 3,948: Total time for which application threads were stopped: 0,0001057 seconds, Stopping threads took: 0,0000376 seconds
2016-02-04T13:51:23.749+0100: 4,048: Total time for which application threads were stopped: 0,0003440 seconds, Stopping threads took: 0,0000192 seconds
2016-02-04T13:51:23.852+0100: 4,152: Total time for which application threads were stopped: 0,0002002 seconds, Stopping threads took: 0,0000560 seconds
2016-02-04T13:51:24.915+0100: 5,215: [GC (CMS Initial Mark) [1 CMS-initial-mark: 0K(786432K)] 117181K(1004928K), 0,0108811 secs] [Times: user=0,04 sys=0,00, real=0,01 secs] 
2016-02-04T13:51:24.926+0100: 5,226: Total time for which application threads were stopped: 0,0110202 seconds, Stopping threads took: 0,0000224 seconds
2016-02-04T13:51:24.926+0100: 5,226: [CMS-concurrent-mark-start]
2016-02-04T13:51:24.926+0100: 5,226: [CMS-concurrent-mark: 0,000/0,000 secs] [Times: user=0,00 sys=0,00, real=0,00 secs] 
2016-02-04T13:51:24.927+0100: 5,226: [CMS-concurrent-preclean-start]
2016-02-04T13:51:24.928+0100: 5,228: [CMS-concurrent-preclean: 0,001/0,001 secs] [Times: user=0,01 sys=0,00, real=0,00 secs] 
2016-02-04T13:51:24.928+0100: 5,228: [CMS-concurrent-abortable-preclean-start]
2016-02-04T13:51:27.927+0100: 8,226: Total time for which application threads were stopped: 0,0000774 seconds, Stopping threads took: 0,0000244 seconds
2016-02-04T13:51:29.486+0100: 9,786: Total time for which application threads were stopped: 0,0001857 seconds, Stopping threads took: 0,0000214 seconds
 CMS: abort preclean due to time 2016-02-04T13:51:30.942+0100: 11,241: [CMS-concurrent-abortable-preclean: 1,919/6,014 secs] [Times: user=1,93 sys=0,01, real=6,02 secs] 
2016-02-04T13:51:30.942+0100: 11,241: [GC (CMS Final Remark) [YG occupancy: 117182 K (218496 K)]{Heap before GC invocations=1 (full 1):
 par new generation   total 218496K, used 117182K [0x00000000c0000000, 0x00000000d0000000, 0x00000000d0000000)
  eden space 174848K,  59% used [0x00000000c0000000, 0x00000000c65e4428, 0x00000000caac0000)
  from space 43648K,  29% used [0x00000000cd560000, 0x00000000ce1eb4f0, 0x00000000d0000000)
  to   space 43648K,   0% used [0x00000000caac0000, 0x00000000caac0000, 0x00000000cd560000)
 concurrent mark-sweep generation total 786432K, used 0K [0x00000000d0000000, 0x0000000100000000, 0x0000000100000000)
 Metaspace       used 24956K, capacity 25246K, committed 25536K, reserved 1071104K
  class space    used 2984K, capacity 3107K, committed 3196K, reserved 1048576K
2016-02-04T13:51:30.942+0100: 11,241: [GC (CMS Final Remark) 2016-02-04T13:51:30.942+0100: 11,241: [ParNew
Desired survivor size 40225992 bytes, new threshold 8 (max 8)
- age   1:    8729168 bytes,    8729168 total
- age   2:    5395072 bytes,   14124240 total
: 117182K->18244K(218496K), 0,0091315 secs] 117182K->18244K(1004928K), 0,0091924 secs] [Times: user=0,03 sys=0,00, real=0,01 secs] 
Heap after GC invocations=2 (full 1):
 par new generation   total 218496K, used 18244K [0x00000000c0000000, 0x00000000d0000000, 0x00000000d0000000)
  eden space 174848K,   0% used [0x00000000c0000000, 0x00000000c0000000, 0x00000000caac0000)
  from space 43648K,  41% used [0x00000000caac0000, 0x00000000cbc91110, 0x00000000cd560000)
  to   space 43648K,   0% used [0x00000000cd560000, 0x00000000cd560000, 0x00000000d0000000)
 concurrent mark-sweep generation total 786432K, used 0K [0x00000000d0000000, 0x0000000100000000, 0x0000000100000000)
 Metaspace       used 24956K, capacity 25246K, committed 25536K, reserved 1071104K
  class space    used 2984K, capacity 3107K, committed 3196K, reserved 1048576K
}
2016-02-04T13:51:30.951+0100: 11,251: [Rescan (parallel) , 0,0031052 secs]2016-02-04T13:51:30.954+0100: 11,254: [weak refs processing, 0,0004183 secs]2016-02-04T13:51:30.955+0100: 11,254: [class unloading, 0,0026211 secs]2016-02-04T13:51:30.957+0100: 11,257: [scrub symbol table, 0,0024260 secs]2016-02-04T13:51:30.960+0100: 11,259: [scrub string table, 0,0003765 secs][1 CMS-remark: 0K(786432K)] 18244K(1004928K), 0,0190078 secs] [Times: user=0,05 sys=0,00, real=0,02 secs] 
2016-02-04T13:51:30.961+0100: 11,260: Total time for which application threads were stopped: 0,0191107 seconds, Stopping threads took: 0,0000232 seconds
2016-02-04T13:51:30.961+0100: 11,261: [CMS-concurrent-sweep-start]
2016-02-04T13:51:30.961+0100: 11,261: [CMS-concurrent-sweep: 0,000/0,000 secs] [Times: user=0,00 sys=0,00, real=0,00 secs] 
2016-02-04T13:51:30.961+0100: 11,261: [CMS-concurrent-reset-start]
2016-02-04T13:51:30.964+0100: 11,263: [CMS-concurrent-reset: 0,003/0,003 secs] [Times: user=0,01 sys=0,00, real=0,00 secs] 
2016-02-04T13:51:44.962+0100: 25,261: Total time for which application threads were stopped: 0,0000814 seconds, Stopping threads took: 0,0000257 seconds
2016-02-04T13:52:04.963+0100: 45,263: Total time for which application threads were stopped: 0,0001004 seconds, Stopping threads took: 0,0000442 seconds
2016-02-04T13:54:09.094+0100: 169,394: Total time for which application threads were stopped: 0,0001078 seconds, Stopping threads took: 0,0000271 seconds
2016-02-04T13:54:09.098+0100: 169,398: Total time for which application threads were stopped: 0,0000811 seconds, Stopping threads took: 0,0000192 seconds
2016-02-04T13:54:09.122+0100: 169,422: Total time for which application threads were stopped: 0,0004388 seconds, Stopping threads took: 0,0000236 seconds
2016-02-04T13:54:09.183+0100: 169,483: Total time for which application threads were stopped: 0,0001046 seconds, Stopping threads took: 0,0000250 seconds
2016-02-04T13:54:09.234+0100: 169,534: Total time for which application threads were stopped: 0,0003884 seconds, Stopping threads took: 0,0000298 seconds
2016-02-04T13:54:09.236+0100: 169,535: Total time for which application threads were stopped: 0,0001073 seconds, Stopping threads took: 0,0000234 seconds
2016-02-04T13:54:09.309+0100: 169,609: Total time for which application threads were stopped: 0,0004276 seconds, Stopping threads took: 0,0000256 seconds
2016-02-04T13:54:09.328+0100: 169,628: Total time for which application threads were stopped: 0,0001080 seconds, Stopping threads took: 0,0000269 seconds
2016-02-04T13:54:09.329+0100: 169,628: Total time for which application threads were stopped: 0,0000744 seconds, Stopping threads took: 0,0000165 seconds
2016-02-04T13:54:09.331+0100: 169,630: Total time for which application threads were stopped: 0,0001021 seconds, Stopping threads took: 0,0000228 seconds
2016-02-04T13:54:09.346+0100: 169,646: Total time for which application threads were stopped: 0,0001172 seconds, Stopping threads took: 0,0000334 seconds
2016-02-04T13:54:09.400+0100: 169,700: Total time for which application threads were stopped: 0,0001554 seconds, Stopping threads took: 0,0000477 seconds
2016-02-04T13:54:09.400+0100: 169,700: Total time for which application threads were stopped: 0,0001030 seconds, Stopping threads took: 0,0000437 seconds
2016-02-04T13:54:09.400+0100: 169,700: Total time for which application threads were stopped: 0,0000687 seconds, Stopping threads took: 0,0000197 seconds
2016-02-04T13:54:09.401+0100: 169,700: Total time for which application threads were stopped: 0,0001683 seconds, Stopping threads took: 0,0001155 seconds
2016-02-04T13:54:09.401+0100: 169,701: Total time for which application threads were stopped: 0,0000608 seconds, Stopping threads took: 0,0000127 seconds
2016-02-04T13:54:09.867+0100: 170,166: Total time for which application threads were stopped: 0,0002057 seconds, Stopping threads took: 0,0000346 seconds
2016-02-04T13:54:10.683+0100: 170,983: Total time for which application threads were stopped: 0,0001946 seconds, Stopping threads took: 0,0000214 seconds
2016-02-04T13:54:11.684+0100: 171,983: Total time for which application threads were stopped: 0,0001876 seconds, Stopping threads took: 0,0000345 seconds
{Heap before GC invocations=2 (full 1):
 par new generation   total 218496K, used 193092K [0x00000000c0000000, 0x00000000d0000000, 0x00000000d0000000)
  eden space 174848K, 100% used [0x00000000c0000000, 0x00000000caac0000, 0x00000000caac0000)
  from space 43648K,  41% used [0x00000000caac0000, 0x00000000cbc91110, 0x00000000cd560000)
  to   space 43648K,   0% used [0x00000000cd560000, 0x00000000cd560000, 0x00000000d0000000)
 concurrent mark-sweep generation total 786432K, used 0K [0x00000000d0000000, 0x0000000100000000, 0x0000000100000000)
 Metaspace       used 27580K, capacity 27944K, committed 28284K, reserved 1075200K
  class space    used 3240K, capacity 3366K, committed 3452K, reserved 1048576K
2016-02-04T13:54:11.744+0100: 172,044: [GC (Allocation Failure) 2016-02-04T13:54:11.744+0100: 172,044: [ParNew
Desired survivor size 40225992 bytes, new threshold 8 (max 8)
- age   1:   12388016 bytes,   12388016 total
- age   2:    3617304 bytes,   16005320 total
- age   3:    5389480 bytes,   21394800 total
: 193092K->25197K(218496K), 0,0286491 secs] 193092K->25197K(1004928K), 0,0287700 secs] [Times: user=0,08 sys=0,01, real=0,03 secs] 
Heap after GC invocations=3 (full 1):
 par new generation   total 218496K, used 25197K [0x00000000c0000000, 0x00000000d0000000, 0x00000000d0000000)
  eden space 174848K,   0% used [0x00000000c0000000, 0x00000000c0000000, 0x00000000caac0000)
  from space 43648K,  57% used [0x00000000cd560000, 0x00000000cedfb740, 0x00000000d0000000)
  to   space 43648K,   0% used [0x00000000caac0000, 0x00000000caac0000, 0x00000000cd560000)
 concurrent mark-sweep generation total 786432K, used 0K [0x00000000d0000000, 0x0000000100000000, 0x0000000100000000)
 Metaspace       used 27580K, capacity 27944K, committed 28284K, reserved 1075200K
  class space    used 3240K, capacity 3366K, committed 3452K, reserved 1048576K
}
2016-02-04T13:54:11.773+0100: 172,072: Total time for which application threads were stopped: 0,0289787 seconds, Stopping threads took: 0,0000306 seconds
2016-02-04T13:54:12.773+0100: 173,073: Total time for which application threads were stopped: 0,0000832 seconds, Stopping threads took: 0,0000240 seconds
2016-02-04T13:54:14.241+0100: 174,540: Total time for which application threads were stopped: 0,0005968 seconds, Stopping threads took: 0,0000435 seconds
2016-02-04T13:54:14.373+0100: 174,672: Total time for which application threads were stopped: 0,0001290 seconds, Stopping threads took: 0,0000282 seconds
2016-02-04T13:54:14.375+0100: 174,674: Total time for which application threads were stopped: 0,0005259 seconds, Stopping threads took: 0,0000245 seconds
2016-02-04T13:54:14.541+0100: 174,841: Total time for which application threads were stopped: 0,0001190 seconds, Stopping threads took: 0,0000266 seconds
2016-02-04T13:54:14.682+0100: 174,982: Total time for which application threads were stopped: 0,0001596 seconds, Stopping threads took: 0,0000461 seconds
2016-02-04T13:54:14.682+0100: 174,982: Total time for which application threads were stopped: 0,0000751 seconds, Stopping threads took: 0,0000362 seconds
2016-02-04T13:54:14.683+0100: 174,983: Total time for which application threads were stopped: 0,0001013 seconds, Stopping threads took: 0,0000339 seconds
2016-02-04T13:54:14.689+0100: 174,988: Total time for which application threads were stopped: 0,0001256 seconds, Stopping threads took: 0,0000423 seconds
2016-02-04T13:54:14.689+0100: 174,988: Total time for which application threads were stopped: 0,0000679 seconds, Stopping threads took: 0,0000216 seconds
2016-02-04T13:54:14.709+0100: 175,009: Total time for which application threads were stopped: 0,0001312 seconds, Stopping threads took: 0,0000457 seconds
2016-02-04T13:54:14.784+0100: 175,084: Total time for which application threads were stopped: 0,0001574 seconds, Stopping threads took: 0,0000299 seconds
2016-02-04T13:54:14.902+0100: 175,202: Total time for which application threads were stopped: 0,0006747 seconds, Stopping threads took: 0,0000306 seconds
2016-02-04T13:54:15.162+0100: 175,461: Total time for which application threads were stopped: 0,0008385 seconds, Stopping threads took: 0,0000237 seconds
2016-02-04T13:54:15.162+0100: 175,462: Total time for which application threads were stopped: 0,0005068 seconds, Stopping threads took: 0,0000237 seconds
2016-02-04T13:54:15.164+0100: 175,464: Total time for which application threads were stopped: 0,0001093 seconds, Stopping threads took: 0,0000415 seconds
2016-02-04T13:54:15.164+0100: 175,464: Total time for which application threads were stopped: 0,0000744 seconds, Stopping threads took: 0,0000255 seconds
2016-02-04T13:54:15.164+0100: 175,464: Total time for which application threads were stopped: 0,0000713 seconds, Stopping threads took: 0,0000213 seconds
2016-02-04T13:54:15.164+0100: 175,464: Total time for which application threads were stopped: 0,0000552 seconds, Stopping threads took: 0,0000153 seconds
2016-02-04T13:54:15.164+0100: 175,464: Total time for which application threads were stopped: 0,0000567 seconds, Stopping threads took: 0,0000168 seconds
2016-02-04T13:54:15.167+0100: 175,467: Total time for which application threads were stopped: 0,0000963 seconds, Stopping threads took: 0,0000174 seconds
2016-02-04T13:54:15.167+0100: 175,467: Total time for which application threads were stopped: 0,0000862 seconds, Stopping threads took: 0,0000202 seconds
2016-02-04T13:54:15.167+0100: 175,467: Total time for which application threads were stopped: 0,0000621 seconds, Stopping threads took: 0,0000197 seconds
2016-02-04T13:54:15.168+0100: 175,467: Total time for which application threads were stopped: 0,0000725 seconds, Stopping threads took: 0,0000375 seconds
2016-02-04T13:54:15.168+0100: 175,467: Total time for which application threads were stopped: 0,0000480 seconds, Stopping threads took: 0,0000138 seconds
2016-02-04T13:54:15.187+0100: 175,487: Total time for which application threads were stopped: 0,0001536 seconds, Stopping threads took: 0,0000240 seconds
2016-02-04T13:54:15.189+0100: 175,488: Total time for which application threads were stopped: 0,0001076 seconds, Stopping threads took: 0,0000329 seconds
2016-02-04T13:54:15.189+0100: 175,489: Total time for which application threads were stopped: 0,0000624 seconds, Stopping threads took: 0,0000150 seconds
2016-02-04T13:54:16.189+0100: 176,489: Total time for which application threads were stopped: 0,0000864 seconds, Stopping threads took: 0,0000239 seconds
2016-02-04T13:54:16.660+0100: 176,959: Total time for which application threads were stopped: 0,0001238 seconds, Stopping threads took: 0,0000393 seconds
2016-02-04T13:54:16.661+0100: 176,960: Total time for which application threads were stopped: 0,0009323 seconds, Stopping threads took: 0,0008464 seconds
2016-02-04T13:54:16.661+0100: 176,961: Total time for which application threads were stopped: 0,0004429 seconds, Stopping threads took: 0,0000216 seconds
2016-02-04T13:54:16.662+0100: 176,961: Total time for which application threads were stopped: 0,0000679 seconds, Stopping threads took: 0,0000118 seconds
2016-02-04T13:54:16.663+0100: 176,962: Total time for which application threads were stopped: 0,0002294 seconds, Stopping threads took: 0,0000412 seconds
2016-02-04T13:54:16.664+0100: 176,963: Total time for which application threads were stopped: 0,0001127 seconds, Stopping threads took: 0,0000308 seconds
2016-02-04T13:54:16.664+0100: 176,964: Total time for which application threads were stopped: 0,0001194 seconds, Stopping threads took: 0,0000384 seconds
2016-02-04T13:54:16.680+0100: 176,980: Total time for which application threads were stopped: 0,0001269 seconds, Stopping threads took: 0,0000389 seconds
2016-02-04T13:54:16.680+0100: 176,980: Total time for which application threads were stopped: 0,0000841 seconds, Stopping threads took: 0,0000199 seconds
2016-02-04T13:54:16.684+0100: 176,984: Total time for which application threads were stopped: 0,0002289 seconds, Stopping threads took: 0,0001245 seconds
2016-02-04T13:54:16.685+0100: 176,984: Total time for which application threads were stopped: 0,0002233 seconds, Stopping threads took: 0,0001380 seconds
2016-02-04T13:54:16.685+0100: 176,985: Total time for which application threads were stopped: 0,0001596 seconds, Stopping threads took: 0,0000584 seconds
2016-02-04T13:54:16.685+0100: 176,985: Total time for which application threads were stopped: 0,0001326 seconds, Stopping threads took: 0,0000447 seconds
2016-02-04T13:54:16.685+0100: 176,985: Total time for which application threads were stopped: 0,0001605 seconds, Stopping threads took: 0,0000739 seconds
2016-02-04T13:54:16.687+0100: 176,986: Total time for which application threads were stopped: 0,0001980 seconds, Stopping threads took: 0,0001072 seconds
2016-02-04T13:54:16.687+0100: 176,986: Total time for which application threads were stopped: 0,0000934 seconds, Stopping threads took: 0,0000231 seconds
2016-02-04T13:54:16.687+0100: 176,987: Total time for which application threads were stopped: 0,0000855 seconds, Stopping threads took: 0,0000313 seconds
2016-02-04T13:54:16.687+0100: 176,987: Total time for which application threads were stopped: 0,0001004 seconds, Stopping threads took: 0,0000454 seconds
2016-02-04T13:54:16.687+0100: 176,987: Total time for which application threads were stopped: 0,0001058 seconds, Stopping threads took: 0,0000657 seconds
2016-02-04T13:54:16.688+0100: 176,987: Total time for which application threads were stopped: 0,0002078 seconds, Stopping threads took: 0,0001419 seconds
2016-02-04T13:54:16.688+0100: 176,987: Total time for which application threads were stopped: 0,0000929 seconds, Stopping threads took: 0,0000375 seconds
2016-02-04T13:54:16.688+0100: 176,988: Total time for which application threads were stopped: 0,0000945 seconds, Stopping threads took: 0,0000278 seconds
2016-02-04T13:54:16.690+0100: 176,989: Total time for which application threads were stopped: 0,0000882 seconds, Stopping threads took: 0,0000329 seconds
2016-02-04T13:54:16.690+0100: 176,990: Total time for which application threads were stopped: 0,0000761 seconds, Stopping threads took: 0,0000289 seconds
2016-02-04T13:54:16.692+0100: 176,992: Total time for which application threads were stopped: 0,0001127 seconds, Stopping threads took: 0,0000426 seconds
2016-02-04T13:54:17.692+0100: 177,992: Total time for which application threads were stopped: 0,0001367 seconds, Stopping threads took: 0,0000341 seconds
2016-02-04T13:54:18.504+0100: 178,804: Total time for which application threads were stopped: 0,0001139 seconds, Stopping threads took: 0,0000263 seconds
2016-02-04T13:54:18.504+0100: 178,804: Total time for which application threads were stopped: 0,0000737 seconds, Stopping threads took: 0,0000162 seconds
2016-02-04T13:54:18.504+0100: 178,804: Total time for which application threads were stopped: 0,0000587 seconds, Stopping threads took: 0,0000208 seconds
2016-02-04T13:54:19.504+0100: 179,804: Total time for which application threads were stopped: 0,0001168 seconds, Stopping threads took: 0,0000420 seconds
2016-02-04T13:54:22.505+0100: 182,804: Total time for which application threads were stopped: 0,0000991 seconds, Stopping threads took: 0,0000272 seconds
2016-02-04T13:54:22.565+0100: 182,864: Total time for which application threads were stopped: 0,0001217 seconds, Stopping threads took: 0,0000266 seconds
2016-02-04T13:54:22.638+0100: 182,937: Total time for which application threads were stopped: 0,0001177 seconds, Stopping threads took: 0,0000260 seconds
2016-02-04T13:54:23.638+0100: 183,938: Total time for which application threads were stopped: 0,0000938 seconds, Stopping threads took: 0,0000256 seconds
2016-02-04T13:54:24.240+0100: 184,540: Total time for which application threads were stopped: 0,0000913 seconds, Stopping threads took: 0,0000216 seconds
2016-02-04T13:54:24.683+0100: 184,983: Total time for which application threads were stopped: 0,0000983 seconds, Stopping threads took: 0,0000261 seconds
2016-02-04T13:54:25.684+0100: 185,983: Total time for which application threads were stopped: 0,0001177 seconds, Stopping threads took: 0,0000300 seconds
2016-02-04T13:54:42.379+0100: 202,678: Total time for which application threads were stopped: 0,0001100 seconds, Stopping threads took: 0,0000371 seconds
2016-02-04T13:54:42.379+0100: 202,678: Total time for which application threads were stopped: 0,0001409 seconds, Stopping threads took: 0,0000761 seconds
2016-02-04T13:54:43.379+0100: 203,679: Total time for which application threads were stopped: 0,0000927 seconds, Stopping threads took: 0,0000268 seconds
2016-02-04T13:54:48.379+0100: 208,679: Total time for which application threads were stopped: 0,0000931 seconds, Stopping threads took: 0,0000263 seconds
2016-02-04T13:55:02.380+0100: 222,680: Total time for which application threads were stopped: 0,0000988 seconds, Stopping threads took: 0,0000265 seconds
2016-02-04T13:55:07.421+0100: 227,721: Total time for which application threads were stopped: 0,0001388 seconds, Stopping threads took: 0,0000388 seconds
2016-02-04T13:55:07.424+0100: 227,724: Total time for which application threads were stopped: 0,0001593 seconds, Stopping threads took: 0,0000319 seconds
2016-02-04T13:55:07.428+0100: 227,727: Total time for which application threads were stopped: 0,0001345 seconds, Stopping threads took: 0,0000306 seconds
2016-02-04T13:55:16.686+0100: 236,985: Total time for which application threads were stopped: 0,0001236 seconds, Stopping threads took: 0,0000219 seconds
2016-02-04T13:55:16.688+0100: 236,987: Total time for which application threads were stopped: 0,0000881 seconds, Stopping threads took: 0,0000216 seconds
2016-02-04T13:59:36.884+0100: 497,183: Total time for which application threads were stopped: 0,0000991 seconds, Stopping threads took: 0,0000364 seconds
2016-02-04T13:59:36.884+0100: 497,183: Total time for which application threads were stopped: 0,0000318 seconds, Stopping threads took: 0,0000067 seconds
2016-02-04T13:59:36.885+0100: 497,184: Total time for which application threads were stopped: 0,0000659 seconds, Stopping threads took: 0,0000134 seconds
2016-02-04T13:59:36.963+0100: 497,263: Total time for which application threads were stopped: 0,0005763 seconds, Stopping threads took: 0,0000291 seconds
2016-02-04T13:59:37.004+0100: 497,303: Total time for which application threads were stopped: 0,0001501 seconds, Stopping threads took: 0,0000299 seconds
2016-02-04T13:59:37.004+0100: 497,304: Total time for which application threads were stopped: 0,0000750 seconds, Stopping threads took: 0,0000172 seconds
2016-02-04T13:59:37.007+0100: 497,306: Total time for which application threads were stopped: 0,0001143 seconds, Stopping threads took: 0,0000257 seconds
2016-02-04T13:59:37.013+0100: 497,313: Total time for which application threads were stopped: 0,0001195 seconds, Stopping threads took: 0,0000302 seconds
2016-02-04T13:59:37.021+0100: 497,320: Total time for which application threads were stopped: 0,0000874 seconds, Stopping threads took: 0,0000239 seconds
2016-02-04T13:59:37.021+0100: 497,320: Total time for which application threads were stopped: 0,0000635 seconds, Stopping threads took: 0,0000149 seconds
2016-02-04T13:59:37.022+0100: 497,322: Total time for which application threads were stopped: 0,0000785 seconds, Stopping threads took: 0,0000180 seconds
2016-02-04T13:59:37.022+0100: 497,322: Total time for which application threads were stopped: 0,0000647 seconds, Stopping threads took: 0,0000149 seconds
2016-02-04T13:59:37.023+0100: 497,322: Total time for which application threads were stopped: 0,0000829 seconds, Stopping threads took: 0,0000220 seconds
2016-02-04T13:59:37.023+0100: 497,323: Total time for which application threads were stopped: 0,0000760 seconds, Stopping threads took: 0,0000152 seconds
2016-02-04T13:59:37.023+0100: 497,323: Total time for which application threads were stopped: 0,0000689 seconds, Stopping threads took: 0,0000127 seconds
2016-02-04T13:59:37.024+0100: 497,323: Total time for which application threads were stopped: 0,0000702 seconds, Stopping threads took: 0,0000139 seconds
2016-02-04T13:59:37.024+0100: 497,324: Total time for which application threads were stopped: 0,0000859 seconds, Stopping threads took: 0,0000323 seconds
2016-02-04T13:59:37.024+0100: 497,324: Total time for which application threads were stopped: 0,0000656 seconds, Stopping threads took: 0,0000141 seconds
2016-02-04T13:59:37.025+0100: 497,324: Total time for which application threads were stopped: 0,0000714 seconds, Stopping threads took: 0,0000144 seconds
2016-02-04T13:59:37.025+0100: 497,325: Total time for which application threads were stopped: 0,0000737 seconds, Stopping threads took: 0,0000215 seconds
2016-02-04T13:59:37.025+0100: 497,325: Total time for which application threads were stopped: 0,0000629 seconds, Stopping threads took: 0,0000122 seconds
2016-02-04T13:59:37.026+0100: 497,325: Total time for which application threads were stopped: 0,0000799 seconds, Stopping threads took: 0,0000214 seconds
2016-02-04T13:59:37.026+0100: 497,326: Total time for which application threads were stopped: 0,0000685 seconds, Stopping threads took: 0,0000127 seconds
2016-02-04T13:59:37.026+0100: 497,326: Total time for which application threads were stopped: 0,0000648 seconds, Stopping threads took: 0,0000136 seconds
2016-02-04T13:59:37.027+0100: 497,326: Total time for which application threads were stopped: 0,0000633 seconds, Stopping threads took: 0,0000119 seconds
2016-02-04T13:59:37.027+0100: 497,327: Total time for which application threads were stopped: 0,0002751 seconds, Stopping threads took: 0,0002203 seconds
2016-02-04T13:59:37.036+0100: 497,335: Total time for which application threads were stopped: 0,0084631 seconds, Stopping threads took: 0,0083642 seconds
2016-02-04T13:59:37.037+0100: 497,336: Total time for which application threads were stopped: 0,0002388 seconds, Stopping threads took: 0,0001648 seconds
2016-02-04T13:59:37.037+0100: 497,337: Total time for which application threads were stopped: 0,0002163 seconds, Stopping threads took: 0,0000173 seconds
2016-02-04T13:59:37.045+0100: 497,345: Total time for which application threads were stopped: 0,0001392 seconds, Stopping threads took: 0,0000409 seconds
2016-02-04T13:59:37.054+0100: 497,353: Total time for which application threads were stopped: 0,0001199 seconds, Stopping threads took: 0,0000234 seconds
2016-02-04T13:59:37.054+0100: 497,353: Total time for which application threads were stopped: 0,0000758 seconds, Stopping threads took: 0,0000176 seconds
2016-02-04T13:59:37.054+0100: 497,353: Total time for which application threads were stopped: 0,0000728 seconds, Stopping threads took: 0,0000223 seconds
2016-02-04T13:59:37.055+0100: 497,355: Total time for which application threads were stopped: 0,0001314 seconds, Stopping threads took: 0,0000244 seconds
2016-02-04T13:59:37.061+0100: 497,361: Total time for which application threads were stopped: 0,0001571 seconds, Stopping threads took: 0,0000435 seconds
2016-02-04T13:59:37.062+0100: 497,361: Total time for which application threads were stopped: 0,0001449 seconds, Stopping threads took: 0,0000671 seconds
2016-02-04T13:59:37.071+0100: 497,371: Total time for which application threads were stopped: 0,0005442 seconds, Stopping threads took: 0,0000270 seconds
2016-02-04T13:59:37.100+0100: 497,400: Total time for which application threads were stopped: 0,0001378 seconds, Stopping threads took: 0,0000320 seconds
2016-02-04T13:59:37.114+0100: 497,413: Total time for which application threads were stopped: 0,0001954 seconds, Stopping threads took: 0,0000955 seconds
2016-02-04T13:59:37.126+0100: 497,426: Total time for which application threads were stopped: 0,0001318 seconds, Stopping threads took: 0,0000314 seconds
2016-02-04T13:59:37.126+0100: 497,426: Total time for which application threads were stopped: 0,0001026 seconds, Stopping threads took: 0,0000280 seconds
2016-02-04T13:59:37.126+0100: 497,426: Total time for which application threads were stopped: 0,0001060 seconds, Stopping threads took: 0,0000402 seconds
2016-02-04T13:59:37.131+0100: 497,430: Total time for which application threads were stopped: 0,0005441 seconds, Stopping threads took: 0,0000281 seconds
2016-02-04T13:59:37.134+0100: 497,434: Total time for which application threads were stopped: 0,0002197 seconds, Stopping threads took: 0,0000536 seconds
2016-02-04T13:59:37.139+0100: 497,438: Total time for which application threads were stopped: 0,0001350 seconds, Stopping threads took: 0,0000437 seconds
2016-02-04T13:59:37.141+0100: 497,440: Total time for which application threads were stopped: 0,0001078 seconds, Stopping threads took: 0,0000281 seconds
2016-02-04T13:59:37.142+0100: 497,441: Total time for which application threads were stopped: 0,0000995 seconds, Stopping threads took: 0,0000203 seconds
2016-02-04T13:59:37.143+0100: 497,443: Total time for which application threads were stopped: 0,0001138 seconds, Stopping threads took: 0,0000250 seconds
2016-02-04T13:59:37.144+0100: 497,443: Total time for which application threads were stopped: 0,0000818 seconds, Stopping threads took: 0,0000142 seconds
2016-02-04T13:59:37.172+0100: 497,472: Total time for which application threads were stopped: 0,0001518 seconds, Stopping threads took: 0,0000279 seconds
2016-02-04T13:59:37.172+0100: 497,472: Total time for which application threads were stopped: 0,0000863 seconds, Stopping threads took: 0,0000197 seconds
2016-02-04T13:59:37.175+0100: 497,475: Total time for which application threads were stopped: 0,0001232 seconds, Stopping threads took: 0,0000269 seconds
2016-02-04T13:59:37.176+0100: 497,475: Total time for which application threads were stopped: 0,0000909 seconds, Stopping threads took: 0,0000216 seconds
2016-02-04T13:59:37.176+0100: 497,475: Total time for which application threads were stopped: 0,0000894 seconds, Stopping threads took: 0,0000300 seconds
2016-02-04T13:59:37.176+0100: 497,476: Total time for which application threads were stopped: 0,0001989 seconds, Stopping threads took: 0,0000195 seconds
2016-02-04T13:59:37.178+0100: 497,478: Total time for which application threads were stopped: 0,0000990 seconds, Stopping threads took: 0,0000210 seconds
2016-02-04T13:59:37.208+0100: 497,508: Total time for which application threads were stopped: 0,0001302 seconds, Stopping threads took: 0,0000323 seconds
2016-02-04T13:59:37.209+0100: 497,508: Total time for which application threads were stopped: 0,0000685 seconds, Stopping threads took: 0,0000142 seconds
2016-02-04T13:59:37.209+0100: 497,509: Total time for which application threads were stopped: 0,0000676 seconds, Stopping threads took: 0,0000131 seconds
2016-02-04T13:59:37.211+0100: 497,511: Total time for which application threads were stopped: 0,0001056 seconds, Stopping threads took: 0,0000219 seconds
2016-02-04T13:59:37.211+0100: 497,511: Total time for which application threads were stopped: 0,0000760 seconds, Stopping threads took: 0,0000212 seconds
2016-02-04T13:59:37.212+0100: 497,511: Total time for which application threads were stopped: 0,0000620 seconds, Stopping threads took: 0,0000105 seconds
2016-02-04T13:59:37.212+0100: 497,511: Total time for which application threads were stopped: 0,0000558 seconds, Stopping threads took: 0,0000094 seconds
2016-02-04T13:59:37.212+0100: 497,511: Total time for which application threads were stopped: 0,0000551 seconds, Stopping threads took: 0,0000098 seconds
2016-02-04T13:59:37.212+0100: 497,512: Total time for which application threads were stopped: 0,0000671 seconds, Stopping threads took: 0,0000098 seconds
2016-02-04T13:59:37.212+0100: 497,512: Total time for which application threads were stopped: 0,0000734 seconds, Stopping threads took: 0,0000100 seconds
2016-02-04T13:59:37.212+0100: 497,512: Total time for which application threads were stopped: 0,0000647 seconds, Stopping threads took: 0,0000187 seconds
2016-02-04T13:59:37.213+0100: 497,512: Total time for which application threads were stopped: 0,0002809 seconds, Stopping threads took: 0,0000125 seconds
2016-02-04T13:59:37.214+0100: 497,514: Total time for which application threads were stopped: 0,0001081 seconds, Stopping threads took: 0,0000245 seconds
2016-02-04T13:59:37.217+0100: 497,517: Total time for which application threads were stopped: 0,0001326 seconds, Stopping threads took: 0,0000281 seconds
2016-02-04T13:59:37.218+0100: 497,517: Total time for which application threads were stopped: 0,0000859 seconds, Stopping threads took: 0,0000228 seconds
2016-02-04T13:59:37.221+0100: 497,521: Total time for which application threads were stopped: 0,0001488 seconds, Stopping threads took: 0,0000322 seconds
2016-02-04T13:59:37.222+0100: 497,521: Total time for which application threads were stopped: 0,0000933 seconds, Stopping threads took: 0,0000280 seconds
2016-02-04T13:59:37.222+0100: 497,522: Total time for which application threads were stopped: 0,0000622 seconds, Stopping threads took: 0,0000129 seconds
2016-02-04T13:59:37.228+0100: 497,528: Total time for which application threads were stopped: 0,0001443 seconds, Stopping threads took: 0,0000356 seconds
2016-02-04T13:59:37.232+0100: 497,532: Total time for which application threads were stopped: 0,0035567 seconds, Stopping threads took: 0,0034597 seconds
2016-02-04T13:59:37.233+0100: 497,532: Total time for which application threads were stopped: 0,0000669 seconds, Stopping threads took: 0,0000223 seconds
2016-02-04T13:59:37.233+0100: 497,532: Total time for which application threads were stopped: 0,0000627 seconds, Stopping threads took: 0,0000125 seconds
2016-02-04T13:59:37.233+0100: 497,533: Total time for which application threads were stopped: 0,0000560 seconds, Stopping threads took: 0,0000207 seconds
2016-02-04T13:59:37.233+0100: 497,533: Total time for which application threads were stopped: 0,0001186 seconds, Stopping threads took: 0,0000805 seconds
2016-02-04T13:59:37.234+0100: 497,533: Total time for which application threads were stopped: 0,0000527 seconds, Stopping threads took: 0,0000175 seconds
2016-02-04T13:59:37.234+0100: 497,533: Total time for which application threads were stopped: 0,0000551 seconds, Stopping threads took: 0,0000187 seconds
2016-02-04T13:59:37.234+0100: 497,533: Total time for which application threads were stopped: 0,0000564 seconds, Stopping threads took: 0,0000205 seconds
2016-02-04T13:59:37.234+0100: 497,534: Total time for which application threads were stopped: 0,0000443 seconds, Stopping threads took: 0,0000112 seconds
2016-02-04T13:59:37.234+0100: 497,534: Total time for which application threads were stopped: 0,0000453 seconds, Stopping threads took: 0,0000120 seconds
2016-02-04T13:59:37.234+0100: 497,534: Total time for which application threads were stopped: 0,0000432 seconds, Stopping threads took: 0,0000115 seconds
2016-02-04T13:59:37.235+0100: 497,534: Total time for which application threads were stopped: 0,0000608 seconds, Stopping threads took: 0,0000119 seconds
2016-02-04T13:59:37.235+0100: 497,534: Total time for which application threads were stopped: 0,0001633 seconds, Stopping threads took: 0,0000114 seconds
2016-02-04T13:59:37.244+0100: 497,543: Total time for which application threads were stopped: 0,0001834 seconds, Stopping threads took: 0,0000342 seconds
2016-02-04T13:59:37.244+0100: 497,543: Total time for which application threads were stopped: 0,0001266 seconds, Stopping threads took: 0,0000288 seconds
2016-02-04T13:59:37.253+0100: 497,553: Total time for which application threads were stopped: 0,0001195 seconds, Stopping threads took: 0,0000414 seconds
2016-02-04T13:59:37.255+0100: 497,555: Total time for which application threads were stopped: 0,0001084 seconds, Stopping threads took: 0,0000309 seconds
2016-02-04T13:59:37.257+0100: 497,556: Total time for which application threads were stopped: 0,0000997 seconds, Stopping threads took: 0,0000220 seconds
2016-02-04T13:59:37.411+0100: 497,711: Total time for which application threads were stopped: 0,0001454 seconds, Stopping threads took: 0,0000317 seconds
2016-02-04T13:59:37.497+0100: 497,796: Total time for which application threads were stopped: 0,0001635 seconds, Stopping threads took: 0,0000323 seconds
2016-02-04T13:59:37.664+0100: 497,964: Total time for which application threads were stopped: 0,0001396 seconds, Stopping threads took: 0,0000441 seconds
2016-02-04T13:59:37.849+0100: 498,148: Total time for which application threads were stopped: 0,0001466 seconds, Stopping threads took: 0,0000318 seconds
2016-02-04T13:59:37.849+0100: 498,148: Total time for which application threads were stopped: 0,0000777 seconds, Stopping threads took: 0,0000126 seconds
2016-02-04T13:59:37.887+0100: 498,186: Total time for which application threads were stopped: 0,0001470 seconds, Stopping threads took: 0,0000338 seconds
2016-02-04T13:59:37.921+0100: 498,220: Total time for which application threads were stopped: 0,0001267 seconds, Stopping threads took: 0,0000301 seconds
2016-02-04T13:59:37.921+0100: 498,220: Total time for which application threads were stopped: 0,0000793 seconds, Stopping threads took: 0,0000283 seconds
2016-02-04T13:59:37.921+0100: 498,220: Total time for which application threads were stopped: 0,0000850 seconds, Stopping threads took: 0,0000384 seconds
2016-02-04T13:59:37.921+0100: 498,221: Total time for which application threads were stopped: 0,0000672 seconds, Stopping threads took: 0,0000200 seconds
2016-02-04T13:59:37.921+0100: 498,221: Total time for which application threads were stopped: 0,0000626 seconds, Stopping threads took: 0,0000165 seconds
2016-02-04T13:59:37.952+0100: 498,251: Total time for which application threads were stopped: 0,0001471 seconds, Stopping threads took: 0,0000346 seconds
2016-02-04T13:59:37.956+0100: 498,256: Total time for which application threads were stopped: 0,0001248 seconds, Stopping threads took: 0,0000306 seconds
2016-02-04T13:59:38.159+0100: 498,458: Total time for which application threads were stopped: 0,0001940 seconds, Stopping threads took: 0,0000301 seconds
2016-02-04T13:59:38.212+0100: 498,512: Total time for which application threads were stopped: 0,0001371 seconds, Stopping threads took: 0,0000301 seconds
2016-02-04T13:59:38.247+0100: 498,546: Total time for which application threads were stopped: 0,0001142 seconds, Stopping threads took: 0,0000266 seconds
2016-02-04T13:59:38.342+0100: 498,641: Total time for which application threads were stopped: 0,0001616 seconds, Stopping threads took: 0,0000313 seconds
2016-02-04T13:59:38.342+0100: 498,641: Total time for which application threads were stopped: 0,0000620 seconds, Stopping threads took: 0,0000099 seconds
2016-02-04T13:59:38.342+0100: 498,641: Total time for which application threads were stopped: 0,0000690 seconds, Stopping threads took: 0,0000093 seconds
2016-02-04T13:59:38.342+0100: 498,642: Total time for which application threads were stopped: 0,0002338 seconds, Stopping threads took: 0,0000095 seconds
2016-02-04T13:59:39.212+0100: 499,511: Total time for which application threads were stopped: 0,0001905 seconds, Stopping threads took: 0,0000394 seconds
{Heap before GC invocations=3 (full 1):
 par new generation   total 218496K, used 200045K [0x00000000c0000000, 0x00000000d0000000, 0x00000000d0000000)
  eden space 174848K, 100% used [0x00000000c0000000, 0x00000000caac0000, 0x00000000caac0000)
  from space 43648K,  57% used [0x00000000cd560000, 0x00000000cedfb740, 0x00000000d0000000)
  to   space 43648K,   0% used [0x00000000caac0000, 0x00000000caac0000, 0x00000000cd560000)
 concurrent mark-sweep generation total 786432K, used 0K [0x00000000d0000000, 0x0000000100000000, 0x0000000100000000)
 Metaspace       used 32270K, capacity 32686K, committed 33020K, reserved 1079296K
  class space    used 3669K, capacity 3829K, committed 3836K, reserved 1048576K
2016-02-04T13:59:39.655+0100: 499,954: [GC (Allocation Failure) 2016-02-04T13:59:39.655+0100: 499,954: [ParNew
Desired survivor size 40225992 bytes, new threshold 8 (max 8)
- age   1:    4674416 bytes,    4674416 total
- age   2:    1558016 bytes,    6232432 total
- age   3:    3597464 bytes,    9829896 total
- age   4:    5386424 bytes,   15216320 total
: 200045K->21809K(218496K), 0,0121126 secs] 200045K->21809K(1004928K), 0,0122024 secs] [Times: user=0,04 sys=0,00, real=0,01 secs] 
Heap after GC invocations=4 (full 1):
 par new generation   total 218496K, used 21809K [0x00000000c0000000, 0x00000000d0000000, 0x00000000d0000000)
  eden space 174848K,   0% used [0x00000000c0000000, 0x00000000c0000000, 0x00000000caac0000)
  from space 43648K,  49% used [0x00000000caac0000, 0x00000000cc00c530, 0x00000000cd560000)
  to   space 43648K,   0% used [0x00000000cd560000, 0x00000000cd560000, 0x00000000d0000000)
 concurrent mark-sweep generation total 786432K, used 0K [0x00000000d0000000, 0x0000000100000000, 0x0000000100000000)
 Metaspace       used 32270K, capacity 32686K, committed 33020K, reserved 1079296K
  class space    used 3669K, capacity 3829K, committed 3836K, reserved 1048576K
}
2016-02-04T13:59:39.667+0100: 499,967: Total time for which application threads were stopped: 0,0124840 seconds, Stopping threads took: 0,0000319 seconds
2016-02-04T13:59:40.667+0100: 500,967: Total time for which application threads were stopped: 0,0001763 seconds, Stopping threads took: 0,0000406 seconds
2016-02-04T13:59:41.503+0100: 501,803: Total time for which application threads were stopped: 0,0002404 seconds, Stopping threads took: 0,0000322 seconds
2016-02-04T13:59:42.283+0100: 502,583: Total time for which application threads were stopped: 0,0002613 seconds, Stopping threads took: 0,0000310 seconds
2016-02-04T13:59:43.283+0100: 503,583: Total time for which application threads were stopped: 0,0001496 seconds, Stopping threads took: 0,0000221 seconds
{Heap before GC invocations=4 (full 1):
 par new generation   total 218496K, used 196657K [0x00000000c0000000, 0x00000000d0000000, 0x00000000d0000000)
  eden space 174848K, 100% used [0x00000000c0000000, 0x00000000caac0000, 0x00000000caac0000)
  from space 43648K,  49% used [0x00000000caac0000, 0x00000000cc00c530, 0x00000000cd560000)
  to   space 43648K,   0% used [0x00000000cd560000, 0x00000000cd560000, 0x00000000d0000000)
 concurrent mark-sweep generation total 786432K, used 0K [0x00000000d0000000, 0x0000000100000000, 0x0000000100000000)
 Metaspace       used 32859K, capacity 33262K, committed 33532K, reserved 1079296K
  class space    used 3671K, capacity 3829K, committed 3836K, reserved 1048576K
2016-02-04T13:59:43.519+0100: 503,818: [GC (Allocation Failure) 2016-02-04T13:59:43.519+0100: 503,818: [ParNew
Desired survivor size 40225992 bytes, new threshold 8 (max 8)
- age   1:     829992 bytes,     829992 total
- age   2:    2106776 bytes,    2936768 total
- age   3:    1555736 bytes,    4492504 total
- age   4:    3592136 bytes,    8084640 total
- age   5:    5386384 bytes,   13471024 total
: 196657K->17384K(218496K), 0,0126667 secs] 196657K->17384K(1004928K), 0,0127617 secs] [Times: user=0,04 sys=0,00, real=0,01 secs] 
Heap after GC invocations=5 (full 1):
 par new generation   total 218496K, used 17384K [0x00000000c0000000, 0x00000000d0000000, 0x00000000d0000000)
  eden space 174848K,   0% used [0x00000000c0000000, 0x00000000c0000000, 0x00000000caac0000)
  from space 43648K,  39% used [0x00000000cd560000, 0x00000000ce65a388, 0x00000000d0000000)
  to   space 43648K,   0% used [0x00000000caac0000, 0x00000000caac0000, 0x00000000cd560000)
 concurrent mark-sweep generation total 786432K, used 0K [0x00000000d0000000, 0x0000000100000000, 0x0000000100000000)
 Metaspace       used 32859K, capacity 33262K, committed 33532K, reserved 1079296K
  class space    used 3671K, capacity 3829K, committed 3836K, reserved 1048576K
}
2016-02-04T13:59:43.532+0100: 503,831: Total time for which application threads were stopped: 0,0129695 seconds, Stopping threads took: 0,0000422 seconds
2016-02-04T13:59:44.532+0100: 504,831: Total time for which application threads were stopped: 0,0001256 seconds, Stopping threads took: 0,0000234 seconds
2016-02-04T13:59:45.532+0100: 505,832: Total time for which application threads were stopped: 0,0001349 seconds, Stopping threads took: 0,0000229 seconds
2016-02-04T13:59:46.532+0100: 506,832: Total time for which application threads were stopped: 0,0001573 seconds, Stopping threads took: 0,0000285 seconds
{Heap before GC invocations=5 (full 1):
 par new generation   total 218496K, used 192232K [0x00000000c0000000, 0x00000000d0000000, 0x00000000d0000000)
  eden space 174848K, 100% used [0x00000000c0000000, 0x00000000caac0000, 0x00000000caac0000)
  from space 43648K,  39% used [0x00000000cd560000, 0x00000000ce65a388, 0x00000000d0000000)
  to   space 43648K,   0% used [0x00000000caac0000, 0x00000000caac0000, 0x00000000cd560000)
 concurrent mark-sweep generation total 786432K, used 0K [0x00000000d0000000, 0x0000000100000000, 0x0000000100000000)
 Metaspace       used 32882K, capacity 33262K, committed 33532K, reserved 1079296K
  class space    used 3671K, capacity 3829K, committed 3836K, reserved 1048576K
2016-02-04T13:59:46.759+0100: 507,058: [GC (Allocation Failure) 2016-02-04T13:59:46.759+0100: 507,058: [ParNew
Desired survivor size 40225992 bytes, new threshold 8 (max 8)
- age   1:     863792 bytes,     863792 total
- age   2:     717560 bytes,    1581352 total
- age   3:    1597000 bytes,    3178352 total
- age   4:    1621288 bytes,    4799640 total
- age   5:    3592208 bytes,    8391848 total
- age   6:    5386384 bytes,   13778232 total
: 192232K->16687K(218496K), 0,0127353 secs] 192232K->16687K(1004928K), 0,0128296 secs] [Times: user=0,04 sys=0,00, real=0,01 secs] 
Heap after GC invocations=6 (full 1):
 par new generation   total 218496K, used 16687K [0x00000000c0000000, 0x00000000d0000000, 0x00000000d0000000)
  eden space 174848K,   0% used [0x00000000c0000000, 0x00000000c0000000, 0x00000000caac0000)
  from space 43648K,  38% used [0x00000000caac0000, 0x00000000cbb0bf08, 0x00000000cd560000)
  to   space 43648K,   0% used [0x00000000cd560000, 0x00000000cd560000, 0x00000000d0000000)
 concurrent mark-sweep generation total 786432K, used 0K [0x00000000d0000000, 0x0000000100000000, 0x0000000100000000)
 Metaspace       used 32882K, capacity 33262K, committed 33532K, reserved 1079296K
  class space    used 3671K, capacity 3829K, committed 3836K, reserved 1048576K
}
2016-02-04T13:59:46.772+0100: 507,071: Total time for which application threads were stopped: 0,0131162 seconds, Stopping threads took: 0,0000634 seconds
2016-02-04T13:59:47.772+0100: 508,071: Total time for which application threads were stopped: 0,0001277 seconds, Stopping threads took: 0,0000323 seconds
2016-02-04T13:59:48.772+0100: 509,072: Total time for which application threads were stopped: 0,0001118 seconds, Stopping threads took: 0,0000240 seconds
2016-02-04T13:59:49.772+0100: 510,072: Total time for which application threads were stopped: 0,0001441 seconds, Stopping threads took: 0,0000326 seconds
{Heap before GC invocations=6 (full 1):
 par new generation   total 218496K, used 191535K [0x00000000c0000000, 0x00000000d0000000, 0x00000000d0000000)
  eden space 174848K, 100% used [0x00000000c0000000, 0x00000000caac0000, 0x00000000caac0000)
  from space 43648K,  38% used [0x00000000caac0000, 0x00000000cbb0bf08, 0x00000000cd560000)
  to   space 43648K,   0% used [0x00000000cd560000, 0x00000000cd560000, 0x00000000d0000000)
 concurrent mark-sweep generation total 786432K, used 0K [0x00000000d0000000, 0x0000000100000000, 0x0000000100000000)
 Metaspace       used 32897K, capacity 33262K, committed 33532K, reserved 1079296K
  class space    used 3672K, capacity 3829K, committed 3836K, reserved 1048576K
2016-02-04T13:59:49.887+0100: 510,187: [GC (Allocation Failure) 2016-02-04T13:59:49.887+0100: 510,187: [ParNew
Desired survivor size 40225992 bytes, new threshold 8 (max 8)
- age   1:     829120 bytes,     829120 total
- age   2:     739240 bytes,    1568360 total
- age   3:     103632 bytes,    1671992 total
- age   4:    1527296 bytes,    3199288 total
- age   5:    1556120 bytes,    4755408 total
- age   6:    3592664 bytes,    8348072 total
- age   7:    5388016 bytes,   13736088 total
: 191535K->20820K(218496K), 0,0123238 secs] 191535K->20820K(1004928K), 0,0124112 secs] [Times: user=0,04 sys=0,00, real=0,02 secs] 
Heap after GC invocations=7 (full 1):
 par new generation   total 218496K, used 20820K [0x00000000c0000000, 0x00000000d0000000, 0x00000000d0000000)
  eden space 174848K,   0% used [0x00000000c0000000, 0x00000000c0000000, 0x00000000caac0000)
  from space 43648K,  47% used [0x00000000cd560000, 0x00000000ce9b5360, 0x00000000d0000000)
  to   space 43648K,   0% used [0x00000000caac0000, 0x00000000caac0000, 0x00000000cd560000)
 concurrent mark-sweep generation total 786432K, used 0K [0x00000000d0000000, 0x0000000100000000, 0x0000000100000000)
 Metaspace       used 32897K, capacity 33262K, committed 33532K, reserved 1079296K
  class space    used 3672K, capacity 3829K, committed 3836K, reserved 1048576K
}
2016-02-04T13:59:49.899+0100: 510,199: Total time for which application threads were stopped: 0,0126489 seconds, Stopping threads took: 0,0000278 seconds
2016-02-04T13:59:50.900+0100: 511,199: Total time for which application threads were stopped: 0,0001130 seconds, Stopping threads took: 0,0000225 seconds
2016-02-04T13:59:51.900+0100: 512,199: Total time for which application threads were stopped: 0,0001189 seconds, Stopping threads took: 0,0000261 seconds
2016-02-04T13:59:52.900+0100: 513,200: Total time for which application threads were stopped: 0,0001857 seconds, Stopping threads took: 0,0000493 seconds
{Heap before GC invocations=7 (full 1):
 par new generation   total 218496K, used 195668K [0x00000000c0000000, 0x00000000d0000000, 0x00000000d0000000)
  eden space 174848K, 100% used [0x00000000c0000000, 0x00000000caac0000, 0x00000000caac0000)
  from space 43648K,  47% used [0x00000000cd560000, 0x00000000ce9b5360, 0x00000000d0000000)
  to   space 43648K,   0% used [0x00000000caac0000, 0x00000000caac0000, 0x00000000cd560000)
 concurrent mark-sweep generation total 786432K, used 0K [0x00000000d0000000, 0x0000000100000000, 0x0000000100000000)
 Metaspace       used 32906K, capacity 33358K, committed 33660K, reserved 1079296K
  class space    used 3674K, capacity 3861K, committed 3964K, reserved 1048576K
2016-02-04T13:59:52.981+0100: 513,280: [GC (Allocation Failure) 2016-02-04T13:59:52.981+0100: 513,280: [ParNew
Desired survivor size 40225992 bytes, new threshold 8 (max 8)
- age   1:     838800 bytes,     838800 total
- age   2:     728328 bytes,    1567128 total
- age   3:      65344 bytes,    1632472 total
- age   4:      63048 bytes,    1695520 total
- age   5:    1524976 bytes,    3220496 total
- age   6:    1555736 bytes,    4776232 total
- age   7:    3592136 bytes,    8368368 total
- age   8:    5386384 bytes,   13754752 total
: 195668K->17400K(218496K), 0,0119004 secs] 195668K->17400K(1004928K), 0,0119960 secs] [Times: user=0,04 sys=0,00, real=0,01 secs] 
Heap after GC invocations=8 (full 1):
 par new generation   total 218496K, used 17400K [0x00000000c0000000, 0x00000000d0000000, 0x00000000d0000000)
  eden space 174848K,   0% used [0x00000000c0000000, 0x00000000c0000000, 0x00000000caac0000)
  from space 43648K,  39% used [0x00000000caac0000, 0x00000000cbbbe070, 0x00000000cd560000)
  to   space 43648K,   0% used [0x00000000cd560000, 0x00000000cd560000, 0x00000000d0000000)
 concurrent mark-sweep generation total 786432K, used 0K [0x00000000d0000000, 0x0000000100000000, 0x0000000100000000)
 Metaspace       used 32906K, capacity 33358K, committed 33660K, reserved 1079296K
  class space    used 3674K, capacity 3861K, committed 3964K, reserved 1048576K
}
2016-02-04T13:59:52.993+0100: 513,292: Total time for which application threads were stopped: 0,0121731 seconds, Stopping threads took: 0,0000223 seconds
2016-02-04T13:59:53.993+0100: 514,293: Total time for which application threads were stopped: 0,0001543 seconds, Stopping threads took: 0,0000298 seconds
2016-02-04T13:59:54.993+0100: 515,293: Total time for which application threads were stopped: 0,0001109 seconds, Stopping threads took: 0,0000250 seconds
{Heap before GC invocations=8 (full 1):
 par new generation   total 218496K, used 192248K [0x00000000c0000000, 0x00000000d0000000, 0x00000000d0000000)
  eden space 174848K, 100% used [0x00000000c0000000, 0x00000000caac0000, 0x00000000caac0000)
  from space 43648K,  39% used [0x00000000caac0000, 0x00000000cbbbe070, 0x00000000cd560000)
  to   space 43648K,   0% used [0x00000000cd560000, 0x00000000cd560000, 0x00000000d0000000)
 concurrent mark-sweep generation total 786432K, used 0K [0x00000000d0000000, 0x0000000100000000, 0x0000000100000000)
 Metaspace       used 32908K, capacity 33358K, committed 33660K, reserved 1079296K
  class space    used 3674K, capacity 3861K, committed 3964K, reserved 1048576K
2016-02-04T13:59:55.969+0100: 516,269: [GC (Allocation Failure) 2016-02-04T13:59:55.969+0100: 516,269: [ParNew
Desired survivor size 40225992 bytes, new threshold 8 (max 8)
- age   1:     757768 bytes,     757768 total
- age   2:     740288 bytes,    1498056 total
- age   3:      89960 bytes,    1588016 total
- age   4:      24032 bytes,    1612048 total
- age   5:      58728 bytes,    1670776 total
- age   6:    1522936 bytes,    3193712 total
- age   7:    1555736 bytes,    4749448 total
- age   8:    3592136 bytes,    8341584 total
: 192248K->11583K(218496K), 0,0233356 secs] 192248K->17390K(1004928K), 0,0234081 secs] [Times: user=0,07 sys=0,00, real=0,02 secs] 
Heap after GC invocations=9 (full 1):
 par new generation   total 218496K, used 11583K [0x00000000c0000000, 0x00000000d0000000, 0x00000000d0000000)
  eden space 174848K,   0% used [0x00000000c0000000, 0x00000000c0000000, 0x00000000caac0000)
  from space 43648K,  26% used [0x00000000cd560000, 0x00000000ce0afcc8, 0x00000000d0000000)
  to   space 43648K,   0% used [0x00000000caac0000, 0x00000000caac0000, 0x00000000cd560000)
 concurrent mark-sweep generation total 786432K, used 5807K [0x00000000d0000000, 0x0000000100000000, 0x0000000100000000)
 Metaspace       used 32908K, capacity 33358K, committed 33660K, reserved 1079296K
  class space    used 3674K, capacity 3861K, committed 3964K, reserved 1048576K
}
2016-02-04T13:59:55.993+0100: 516,292: Total time for which application threads were stopped: 0,0236126 seconds, Stopping threads took: 0,0000270 seconds
2016-02-04T13:59:56.993+0100: 517,293: Total time for which application threads were stopped: 0,0000957 seconds, Stopping threads took: 0,0000256 seconds
2016-02-04T13:59:57.993+0100: 518,293: Total time for which application threads were stopped: 0,0000857 seconds, Stopping threads took: 0,0000241 seconds
{Heap before GC invocations=9 (full 1):
 par new generation   total 218496K, used 186431K [0x00000000c0000000, 0x00000000d0000000, 0x00000000d0000000)
  eden space 174848K, 100% used [0x00000000c0000000, 0x00000000caac0000, 0x00000000caac0000)
  from space 43648K,  26% used [0x00000000cd560000, 0x00000000ce0afcc8, 0x00000000d0000000)
  to   space 43648K,   0% used [0x00000000caac0000, 0x00000000caac0000, 0x00000000cd560000)
 concurrent mark-sweep generation total 786432K, used 5807K [0x00000000d0000000, 0x0000000100000000, 0x0000000100000000)
 Metaspace       used 32908K, capacity 33358K, committed 33660K, reserved 1079296K
  class space    used 3674K, capacity 3861K, committed 3964K, reserved 1048576K
2016-02-04T13:59:58.867+0100: 519,166: [GC (Allocation Failure) 2016-02-04T13:59:58.867+0100: 519,166: [ParNew
Desired survivor size 40225992 bytes, new threshold 8 (max 8)
- age   1:     815992 bytes,     815992 total
- age   2:     677992 bytes,    1493984 total
- age   3:     104168 bytes,    1598152 total
- age   4:      27144 bytes,    1625296 total
- age   5:      18592 bytes,    1643888 total
- age   6:      54720 bytes,    1698608 total
- age   7:    1520904 bytes,    3219512 total
- age   8:    1555736 bytes,    4775248 total
: 186431K->7064K(218496K), 0,0125014 secs] 192238K->16645K(1004928K), 0,0125836 secs] [Times: user=0,04 sys=0,00, real=0,02 secs] 
Heap after GC invocations=10 (full 1):
 par new generation   total 218496K, used 7064K [0x00000000c0000000, 0x00000000d0000000, 0x00000000d0000000)
  eden space 174848K,   0% used [0x00000000c0000000, 0x00000000c0000000, 0x00000000caac0000)
  from space 43648K,  16% used [0x00000000caac0000, 0x00000000cb1a6130, 0x00000000cd560000)
  to   space 43648K,   0% used [0x00000000cd560000, 0x00000000cd560000, 0x00000000d0000000)
 concurrent mark-sweep generation total 786432K, used 9581K [0x00000000d0000000, 0x0000000100000000, 0x0000000100000000)
 Metaspace       used 32908K, capacity 33358K, committed 33660K, reserved 1079296K
  class space    used 3674K, capacity 3861K, committed 3964K, reserved 1048576K
}
2016-02-04T13:59:58.879+0100: 519,179: Total time for which application threads were stopped: 0,0127568 seconds, Stopping threads took: 0,0000231 seconds
2016-02-04T13:59:59.879+0100: 520,179: Total time for which application threads were stopped: 0,0001220 seconds, Stopping threads took: 0,0000334 seconds
2016-02-04T14:00:00.880+0100: 521,179: Total time for which application threads were stopped: 0,0001391 seconds, Stopping threads took: 0,0000424 seconds
2016-02-04T14:00:01.174+0100: 521,474: Total time for which application threads were stopped: 0,0000986 seconds, Stopping threads took: 0,0000234 seconds
{Heap before GC invocations=10 (full 1):
 par new generation   total 218496K, used 181912K [0x00000000c0000000, 0x00000000d0000000, 0x00000000d0000000)
  eden space 174848K, 100% used [0x00000000c0000000, 0x00000000caac0000, 0x00000000caac0000)
  from space 43648K,  16% used [0x00000000caac0000, 0x00000000cb1a6130, 0x00000000cd560000)
  to   space 43648K,   0% used [0x00000000cd560000, 0x00000000cd560000, 0x00000000d0000000)
 concurrent mark-sweep generation total 786432K, used 9581K [0x00000000d0000000, 0x0000000100000000, 0x0000000100000000)
 Metaspace       used 32909K, capacity 33358K, committed 33660K, reserved 1079296K
  class space    used 3674K, capacity 3861K, committed 3964K, reserved 1048576K
2016-02-04T14:00:01.492+0100: 521,791: [GC (Allocation Failure) 2016-02-04T14:00:01.492+0100: 521,791: [ParNew
Desired survivor size 40225992 bytes, new threshold 8 (max 8)
- age   1:     847496 bytes,     847496 total
- age   2:     711048 bytes,    1558544 total
- age   3:      46912 bytes,    1605456 total
- age   4:      20976 bytes,    1626432 total
- age   5:      25776 bytes,    1652208 total
- age   6:      17080 bytes,    1669288 total
- age   7:      52072 bytes,    1721360 total
- age   8:    1520040 bytes,    3241400 total
: 181912K->4100K(218496K), 0,0090191 secs] 191493K->15205K(1004928K), 0,0091144 secs] [Times: user=0,02 sys=0,00, real=0,01 secs] 
Heap after GC invocations=11 (full 1):
 par new generation   total 218496K, used 4100K [0x00000000c0000000, 0x00000000d0000000, 0x00000000d0000000)
  eden space 174848K,   0% used [0x00000000c0000000, 0x00000000c0000000, 0x00000000caac0000)
  from space 43648K,   9% used [0x00000000cd560000, 0x00000000cd961250, 0x00000000d0000000)
  to   space 43648K,   0% used [0x00000000caac0000, 0x00000000caac0000, 0x00000000cd560000)
 concurrent mark-sweep generation total 786432K, used 11104K [0x00000000d0000000, 0x0000000100000000, 0x0000000100000000)
 Metaspace       used 32909K, capacity 33358K, committed 33660K, reserved 1079296K
  class space    used 3674K, capacity 3861K, committed 3964K, reserved 1048576K
}
2016-02-04T14:00:01.501+0100: 521,801: Total time for which application threads were stopped: 0,0093320 seconds, Stopping threads took: 0,0000259 seconds
2016-02-04T14:00:02.501+0100: 522,801: Total time for which application threads were stopped: 0,0000982 seconds, Stopping threads took: 0,0000228 seconds
2016-02-04T14:00:03.501+0100: 523,801: Total time for which application threads were stopped: 0,0001065 seconds, Stopping threads took: 0,0000210 seconds
{Heap before GC invocations=11 (full 1):
 par new generation   total 218496K, used 178948K [0x00000000c0000000, 0x00000000d0000000, 0x00000000d0000000)
  eden space 174848K, 100% used [0x00000000c0000000, 0x00000000caac0000, 0x00000000caac0000)
  from space 43648K,   9% used [0x00000000cd560000, 0x00000000cd961250, 0x00000000d0000000)
  to   space 43648K,   0% used [0x00000000caac0000, 0x00000000caac0000, 0x00000000cd560000)
 concurrent mark-sweep generation total 786432K, used 11104K [0x00000000d0000000, 0x0000000100000000, 0x0000000100000000)
 Metaspace       used 32910K, capacity 33358K, committed 33660K, reserved 1079296K
  class space    used 3675K, capacity 3861K, committed 3964K, reserved 1048576K
2016-02-04T14:00:04.105+0100: 524,405: [GC (Allocation Failure) 2016-02-04T14:00:04.105+0100: 524,405: [ParNew
Desired survivor size 40225992 bytes, new threshold 8 (max 8)
- age   1:     784856 bytes,     784856 total
- age   2:     758736 bytes,    1543592 total
- age   3:      65464 bytes,    1609056 total
- age   4:      16408 bytes,    1625464 total
- age   5:      19656 bytes,    1645120 total
- age   6:      24816 bytes,    1669936 total
- age   7:      15928 bytes,    1685864 total
- age   8:      50728 bytes,    1736592 total
: 178948K->2659K(218496K), 0,0102272 secs] 190053K->15254K(1004928K), 0,0103119 secs] [Times: user=0,04 sys=0,00, real=0,01 secs] 
Heap after GC invocations=12 (full 1):
 par new generation   total 218496K, used 2659K [0x00000000c0000000, 0x00000000d0000000, 0x00000000d0000000)
  eden space 174848K,   0% used [0x00000000c0000000, 0x00000000c0000000, 0x00000000caac0000)
  from space 43648K,   6% used [0x00000000caac0000, 0x00000000cad58c80, 0x00000000cd560000)
  to   space 43648K,   0% used [0x00000000cd560000, 0x00000000cd560000, 0x00000000d0000000)
 concurrent mark-sweep generation total 786432K, used 12595K [0x00000000d0000000, 0x0000000100000000, 0x0000000100000000)
 Metaspace       used 32910K, capacity 33358K, committed 33660K, reserved 1079296K
  class space    used 3675K, capacity 3861K, committed 3964K, reserved 1048576K
}
2016-02-04T14:00:04.116+0100: 524,415: Total time for which application threads were stopped: 0,0105197 seconds, Stopping threads took: 0,0000301 seconds
2016-02-04T14:00:05.116+0100: 525,415: Total time for which application threads were stopped: 0,0001254 seconds, Stopping threads took: 0,0000295 seconds
2016-02-04T14:00:06.116+0100: 526,416: Total time for which application threads were stopped: 0,0001702 seconds, Stopping threads took: 0,0000300 seconds
{Heap before GC invocations=12 (full 1):
 par new generation   total 218496K, used 177507K [0x00000000c0000000, 0x00000000d0000000, 0x00000000d0000000)
  eden space 174848K, 100% used [0x00000000c0000000, 0x00000000caac0000, 0x00000000caac0000)
  from space 43648K,   6% used [0x00000000caac0000, 0x00000000cad58c80, 0x00000000cd560000)
  to   space 43648K,   0% used [0x00000000cd560000, 0x00000000cd560000, 0x00000000d0000000)
 concurrent mark-sweep generation total 786432K, used 12595K [0x00000000d0000000, 0x0000000100000000, 0x0000000100000000)
 Metaspace       used 32914K, capacity 33422K, committed 33916K, reserved 1079296K
  class space    used 3675K, capacity 3861K, committed 3964K, reserved 1048576K
2016-02-04T14:00:06.791+0100: 527,091: [GC (Allocation Failure) 2016-02-04T14:00:06.792+0100: 527,091: [ParNew
Desired survivor size 40225992 bytes, new threshold 8 (max 8)
- age   1:     958056 bytes,     958056 total
- age   2:     595632 bytes,    1553688 total
- age   3:      61168 bytes,    1614856 total
- age   4:      26344 bytes,    1641200 total
- age   5:      15592 bytes,    1656792 total
- age   6:      18936 bytes,    1675728 total
- age   7:      24192 bytes,    1699920 total
- age   8:      15136 bytes,    1715056 total
: 177507K->2167K(218496K), 0,0113758 secs] 190102K->14810K(1004928K), 0,0114670 secs] [Times: user=0,02 sys=0,00, real=0,01 secs] 
Heap after GC invocations=13 (full 1):
 par new generation   total 218496K, used 2167K [0x00000000c0000000, 0x00000000d0000000, 0x00000000d0000000)
  eden space 174848K,   0% used [0x00000000c0000000, 0x00000000c0000000, 0x00000000caac0000)
  from space 43648K,   4% used [0x00000000cd560000, 0x00000000cd77df40, 0x00000000d0000000)
  to   space 43648K,   0% used [0x00000000caac0000, 0x00000000caac0000, 0x00000000cd560000)
 concurrent mark-sweep generation total 786432K, used 12642K [0x00000000d0000000, 0x0000000100000000, 0x0000000100000000)
 Metaspace       used 32914K, capacity 33422K, committed 33916K, reserved 1079296K
  class space    used 3675K, capacity 3861K, committed 3964K, reserved 1048576K
}
2016-02-04T14:00:06.803+0100: 527,103: Total time for which application threads were stopped: 0,0116763 seconds, Stopping threads took: 0,0000260 seconds
2016-02-04T14:00:07.803+0100: 528,103: Total time for which application threads were stopped: 0,0001043 seconds, Stopping threads took: 0,0000279 seconds
2016-02-04T14:00:08.803+0100: 529,103: Total time for which application threads were stopped: 0,0000882 seconds, Stopping threads took: 0,0000254 seconds
{Heap before GC invocations=13 (full 1):
 par new generation   total 218496K, used 177015K [0x00000000c0000000, 0x00000000d0000000, 0x00000000d0000000)
  eden space 174848K, 100% used [0x00000000c0000000, 0x00000000caac0000, 0x00000000caac0000)
  from space 43648K,   4% used [0x00000000cd560000, 0x00000000cd77df40, 0x00000000d0000000)
  to   space 43648K,   0% used [0x00000000caac0000, 0x00000000caac0000, 0x00000000cd560000)
 concurrent mark-sweep generation total 786432K, used 12642K [0x00000000d0000000, 0x0000000100000000, 0x0000000100000000)
 Metaspace       used 32917K, capacity 33422K, committed 33916K, reserved 1079296K
  class space    used 3676K, capacity 3861K, committed 3964K, reserved 1048576K
2016-02-04T14:00:09.303+0100: 529,602: [GC (Allocation Failure) 2016-02-04T14:00:09.303+0100: 529,602: [ParNew
Desired survivor size 40225992 bytes, new threshold 8 (max 8)
- age   1:     853152 bytes,     853152 total
- age   2:     692088 bytes,    1545240 total
- age   3:      51696 bytes,    1596936 total
- age   4:      29976 bytes,    1626912 total
- age   5:      23480 bytes,    1650392 total
- age   6:      15352 bytes,    1665744 total
- age   7:      16160 bytes,    1681904 total
- age   8:      23784 bytes,    1705688 total
: 177015K->2112K(218496K), 0,0059947 secs] 189658K->14769K(1004928K), 0,0060769 secs] [Times: user=0,02 sys=0,00, real=0,01 secs] 
Heap after GC invocations=14 (full 1):
 par new generation   total 218496K, used 2112K [0x00000000c0000000, 0x00000000d0000000, 0x00000000d0000000)
  eden space 174848K,   0% used [0x00000000c0000000, 0x00000000c0000000, 0x00000000caac0000)
  from space 43648K,   4% used [0x00000000caac0000, 0x00000000cacd0070, 0x00000000cd560000)
  to   space 43648K,   0% used [0x00000000cd560000, 0x00000000cd560000, 0x00000000d0000000)
 concurrent mark-sweep generation total 786432K, used 12656K [0x00000000d0000000, 0x0000000100000000, 0x0000000100000000)
 Metaspace       used 32917K, capacity 33422K, committed 33916K, reserved 1079296K
  class space    used 3676K, capacity 3861K, committed 3964K, reserved 1048576K
}
2016-02-04T14:00:09.309+0100: 529,609: Total time for which application threads were stopped: 0,0062601 seconds, Stopping threads took: 0,0000346 seconds
2016-02-04T14:00:11.309+0100: 531,609: Total time for which application threads were stopped: 0,0001263 seconds, Stopping threads took: 0,0000363 seconds
{Heap before GC invocations=14 (full 1):
 par new generation   total 218496K, used 176960K [0x00000000c0000000, 0x00000000d0000000, 0x00000000d0000000)
  eden space 174848K, 100% used [0x00000000c0000000, 0x00000000caac0000, 0x00000000caac0000)
  from space 43648K,   4% used [0x00000000caac0000, 0x00000000cacd0070, 0x00000000cd560000)
  to   space 43648K,   0% used [0x00000000cd560000, 0x00000000cd560000, 0x00000000d0000000)
 concurrent mark-sweep generation total 786432K, used 12656K [0x00000000d0000000, 0x0000000100000000, 0x0000000100000000)
 Metaspace       used 32917K, capacity 33422K, committed 33916K, reserved 1079296K
  class space    used 3676K, capacity 3861K, committed 3964K, reserved 1048576K
2016-02-04T14:00:11.814+0100: 532,114: [GC (Allocation Failure) 2016-02-04T14:00:11.814+0100: 532,114: [ParNew
Desired survivor size 40225992 bytes, new threshold 8 (max 8)
- age   1:     879744 bytes,     879744 total
- age   2:     638592 bytes,    1518336 total
- age   3:      51400 bytes,    1569736 total
- age   4:      14248 bytes,    1583984 total
- age   5:      29424 bytes,    1613408 total
- age   6:      22984 bytes,    1636392 total
- age   7:      14904 bytes,    1651296 total
- age   8:      15800 bytes,    1667096 total
: 176960K->2555K(218496K), 0,0073337 secs] 189617K->15235K(1004928K), 0,0074073 secs] [Times: user=0,02 sys=0,00, real=0,01 secs] 
Heap after GC invocations=15 (full 1):
 par new generation   total 218496K, used 2555K [0x00000000c0000000, 0x00000000d0000000, 0x00000000d0000000)
  eden space 174848K,   0% used [0x00000000c0000000, 0x00000000c0000000, 0x00000000caac0000)
  from space 43648K,   5% used [0x00000000cd560000, 0x00000000cd7def80, 0x00000000d0000000)
  to   space 43648K,   0% used [0x00000000caac0000, 0x00000000caac0000, 0x00000000cd560000)
 concurrent mark-sweep generation total 786432K, used 12679K [0x00000000d0000000, 0x0000000100000000, 0x0000000100000000)
 Metaspace       used 32917K, capacity 33422K, committed 33916K, reserved 1079296K
  class space    used 3676K, capacity 3861K, committed 3964K, reserved 1048576K
}
2016-02-04T14:00:11.822+0100: 532,121: Total time for which application threads were stopped: 0,0075709 seconds, Stopping threads took: 0,0000205 seconds
2016-02-04T14:00:12.822+0100: 533,121: Total time for which application threads were stopped: 0,0001023 seconds, Stopping threads took: 0,0000269 seconds
{Heap before GC invocations=15 (full 1):
 par new generation   total 218496K, used 177403K [0x00000000c0000000, 0x00000000d0000000, 0x00000000d0000000)
  eden space 174848K, 100% used [0x00000000c0000000, 0x00000000caac0000, 0x00000000caac0000)
  from space 43648K,   5% used [0x00000000cd560000, 0x00000000cd7def80, 0x00000000d0000000)
  to   space 43648K,   0% used [0x00000000caac0000, 0x00000000caac0000, 0x00000000cd560000)
 concurrent mark-sweep generation total 786432K, used 12679K [0x00000000d0000000, 0x0000000100000000, 0x0000000100000000)
 Metaspace       used 32918K, capacity 33422K, committed 33916K, reserved 1079296K
  class space    used 3677K, capacity 3861K, committed 3964K, reserved 1048576K
2016-02-04T14:00:14.410+0100: 534,710: [GC (Allocation Failure) 2016-02-04T14:00:14.410+0100: 534,710: [ParNew
Desired survivor size 40225992 bytes, new threshold 8 (max 8)
- age   1:     777320 bytes,     777320 total
- age   2:     752984 bytes,    1530304 total
- age   3:      34168 bytes,    1564472 total
- age   4:      17616 bytes,    1582088 total
- age   5:      14056 bytes,    1596144 total
- age   6:      29160 bytes,    1625304 total
- age   7:      22792 bytes,    1648096 total
- age   8:      14640 bytes,    1662736 total
: 177403K->2123K(218496K), 0,0075577 secs] 190083K->14817K(1004928K), 0,0076479 secs] [Times: user=0,03 sys=0,00, real=0,01 secs] 
Heap after GC invocations=16 (full 1):
 par new generation   total 218496K, used 2123K [0x00000000c0000000, 0x00000000d0000000, 0x00000000d0000000)
  eden space 174848K,   0% used [0x00000000c0000000, 0x00000000c0000000, 0x00000000caac0000)
  from space 43648K,   4% used [0x00000000caac0000, 0x00000000cacd2d60, 0x00000000cd560000)
  to   space 43648K,   0% used [0x00000000cd560000, 0x00000000cd560000, 0x00000000d0000000)
 concurrent mark-sweep generation total 786432K, used 12694K [0x00000000d0000000, 0x0000000100000000, 0x0000000100000000)
 Metaspace       used 32918K, capacity 33422K, committed 33916K, reserved 1079296K
  class space    used 3677K, capacity 3861K, committed 3964K, reserved 1048576K
}
2016-02-04T14:00:14.418+0100: 534,718: Total time for which application threads were stopped: 0,0078502 seconds, Stopping threads took: 0,0000281 seconds
2016-02-04T14:00:15.418+0100: 535,718: Total time for which application threads were stopped: 0,0000872 seconds, Stopping threads took: 0,0000228 seconds
{Heap before GC invocations=16 (full 1):
 par new generation   total 218496K, used 176971K [0x00000000c0000000, 0x00000000d0000000, 0x00000000d0000000)
  eden space 174848K, 100% used [0x00000000c0000000, 0x00000000caac0000, 0x00000000caac0000)
  from space 43648K,   4% used [0x00000000caac0000, 0x00000000cacd2d60, 0x00000000cd560000)
  to   space 43648K,   0% used [0x00000000cd560000, 0x00000000cd560000, 0x00000000d0000000)
 concurrent mark-sweep generation total 786432K, used 12694K [0x00000000d0000000, 0x0000000100000000, 0x0000000100000000)
 Metaspace       used 32918K, capacity 33422K, committed 33916K, reserved 1079296K
  class space    used 3677K, capacity 3861K, committed 3964K, reserved 1048576K
2016-02-04T14:00:16.852+0100: 537,152: [GC (Allocation Failure) 2016-02-04T14:00:16.852+0100: 537,152: [ParNew
Desired survivor size 40225992 bytes, new threshold 8 (max 8)
- age   1:     817976 bytes,     817976 total
- age   2:     697504 bytes,    1515480 total
- age   3:      89760 bytes,    1605240 total
- age   4:      13928 bytes,    1619168 total
- age   5:      16584 bytes,    1635752 total
- age   6:      13792 bytes,    1649544 total
- age   7:      28968 bytes,    1678512 total
- age   8:      22296 bytes,    1700808 total
: 176971K->2205K(218496K), 0,0087003 secs] 189665K->14913K(1004928K), 0,0088040 secs] [Times: user=0,02 sys=0,00, real=0,01 secs] 
Heap after GC invocations=17 (full 1):
 par new generation   total 218496K, used 2205K [0x00000000c0000000, 0x00000000d0000000, 0x00000000d0000000)
  eden space 174848K,   0% used [0x00000000c0000000, 0x00000000c0000000, 0x00000000caac0000)
  from space 43648K,   5% used [0x00000000cd560000, 0x00000000cd787550, 0x00000000d0000000)
  to   space 43648K,   0% used [0x00000000caac0000, 0x00000000caac0000, 0x00000000cd560000)
 concurrent mark-sweep generation total 786432K, used 12708K [0x00000000d0000000, 0x0000000100000000, 0x0000000100000000)
 Metaspace       used 32918K, capacity 33422K, committed 33916K, reserved 1079296K
  class space    used 3677K, capacity 3861K, committed 3964K, reserved 1048576K
}
2016-02-04T14:00:16.861+0100: 537,161: Total time for which application threads were stopped: 0,0090267 seconds, Stopping threads took: 0,0000281 seconds
{Heap before GC invocations=17 (full 1):
 par new generation   total 218496K, used 177053K [0x00000000c0000000, 0x00000000d0000000, 0x00000000d0000000)
  eden space 174848K, 100% used [0x00000000c0000000, 0x00000000caac0000, 0x00000000caac0000)
  from space 43648K,   5% used [0x00000000cd560000, 0x00000000cd787550, 0x00000000d0000000)
  to   space 43648K,   0% used [0x00000000caac0000, 0x00000000caac0000, 0x00000000cd560000)
 concurrent mark-sweep generation total 786432K, used 12708K [0x00000000d0000000, 0x0000000100000000, 0x0000000100000000)
 Metaspace       used 32918K, capacity 33422K, committed 33916K, reserved 1079296K
  class space    used 3677K, capacity 3861K, committed 3964K, reserved 1048576K
2016-02-04T14:00:19.265+0100: 539,565: [GC (Allocation Failure) 2016-02-04T14:00:19.265+0100: 539,565: [ParNew
Desired survivor size 40225992 bytes, new threshold 8 (max 8)
- age   1:     835344 bytes,     835344 total
- age   2:     706440 bytes,    1541784 total
- age   3:      54832 bytes,    1596616 total
- age   4:      15696 bytes,    1612312 total
- age   5:      13688 bytes,    1626000 total
- age   6:      16176 bytes,    1642176 total
- age   7:      13552 bytes,    1655728 total
- age   8:      28848 bytes,    1684576 total
: 177053K->1852K(218496K), 0,0109480 secs] 189761K->14582K(1004928K), 0,0111422 secs] [Times: user=0,03 sys=0,00, real=0,02 secs] 
Heap after GC invocations=18 (full 1):
 par new generation   total 218496K, used 1852K [0x00000000c0000000, 0x00000000d0000000, 0x00000000d0000000)
  eden space 174848K,   0% used [0x00000000c0000000, 0x00000000c0000000, 0x00000000caac0000)
  from space 43648K,   4% used [0x00000000caac0000, 0x00000000cac8f218, 0x00000000cd560000)
  to   space 43648K,   0% used [0x00000000cd560000, 0x00000000cd560000, 0x00000000d0000000)
 concurrent mark-sweep generation total 786432K, used 12730K [0x00000000d0000000, 0x0000000100000000, 0x0000000100000000)
 Metaspace       used 32918K, capacity 33422K, committed 33916K, reserved 1079296K
  class space    used 3677K, capacity 3861K, committed 3964K, reserved 1048576K
}
2016-02-04T14:00:19.277+0100: 539,576: Total time for which application threads were stopped: 0,0113466 seconds, Stopping threads took: 0,0000265 seconds
2016-02-04T14:00:20.277+0100: 540,576: Total time for which application threads were stopped: 0,0000855 seconds, Stopping threads took: 0,0000230 seconds
2016-02-04T14:00:20.310+0100: 540,610: Total time for which application threads were stopped: 0,0001341 seconds, Stopping threads took: 0,0000512 seconds
2016-02-04T14:00:20.314+0100: 540,614: Total time for which application threads were stopped: 0,0000925 seconds, Stopping threads took: 0,0000204 seconds
2016-02-04T14:00:21.314+0100: 541,614: Total time for which application threads were stopped: 0,0001085 seconds, Stopping threads took: 0,0000365 seconds
2016-02-04T14:00:27.315+0100: 547,614: Total time for which application threads were stopped: 0,0001105 seconds, Stopping threads took: 0,0000286 seconds
2016-02-04T14:00:46.452+0100: 566,751: Total time for which application threads were stopped: 0,0001523 seconds, Stopping threads took: 0,0000704 seconds
2016-02-04T14:00:46.452+0100: 566,752: Total time for which application threads were stopped: 0,0000683 seconds, Stopping threads took: 0,0000165 seconds
{Heap before GC invocations=18 (full 1):
 par new generation   total 218496K, used 176700K [0x00000000c0000000, 0x00000000d0000000, 0x00000000d0000000)
  eden space 174848K, 100% used [0x00000000c0000000, 0x00000000caac0000, 0x00000000caac0000)
  from space 43648K,   4% used [0x00000000caac0000, 0x00000000cac8f218, 0x00000000cd560000)
  to   space 43648K,   0% used [0x00000000cd560000, 0x00000000cd560000, 0x00000000d0000000)
 concurrent mark-sweep generation total 786432K, used 12730K [0x00000000d0000000, 0x0000000100000000, 0x0000000100000000)
 Metaspace       used 32918K, capacity 33422K, committed 33916K, reserved 1079296K
  class space    used 3677K, capacity 3861K, committed 3964K, reserved 1048576K
2016-02-04T14:00:46.522+0100: 566,821: [GC (Allocation Failure) 2016-02-04T14:00:46.522+0100: 566,821: [ParNew
Desired survivor size 40225992 bytes, new threshold 8 (max 8)
- age   1:     957040 bytes,     957040 total
- age   2:     555632 bytes,    1512672 total
- age   3:      47296 bytes,    1559968 total
- age   4:      14608 bytes,    1574576 total
- age   5:      15504 bytes,    1590080 total
- age   6:      13448 bytes,    1603528 total
- age   7:      15960 bytes,    1619488 total
- age   8:      13456 bytes,    1632944 total
: 176700K->2519K(218496K), 0,0081541 secs] 189430K->15269K(1004928K), 0,0082513 secs] [Times: user=0,02 sys=0,00, real=0,01 secs] 
Heap after GC invocations=19 (full 1):
 par new generation   total 218496K, used 2519K [0x00000000c0000000, 0x00000000d0000000, 0x00000000d0000000)
  eden space 174848K,   0% used [0x00000000c0000000, 0x00000000c0000000, 0x00000000caac0000)
  from space 43648K,   5% used [0x00000000cd560000, 0x00000000cd7d5d98, 0x00000000d0000000)
  to   space 43648K,   0% used [0x00000000caac0000, 0x00000000caac0000, 0x00000000cd560000)
 concurrent mark-sweep generation total 786432K, used 12749K [0x00000000d0000000, 0x0000000100000000, 0x0000000100000000)
 Metaspace       used 32918K, capacity 33422K, committed 33916K, reserved 1079296K
  class space    used 3677K, capacity 3861K, committed 3964K, reserved 1048576K
}
2016-02-04T14:00:46.530+0100: 566,830: Total time for which application threads were stopped: 0,0084379 seconds, Stopping threads took: 0,0000229 seconds
2016-02-04T14:00:47.530+0100: 567,830: Total time for which application threads were stopped: 0,0001493 seconds, Stopping threads took: 0,0000332 seconds
{Heap before GC invocations=19 (full 1):
 par new generation   total 218496K, used 177367K [0x00000000c0000000, 0x00000000d0000000, 0x00000000d0000000)
  eden space 174848K, 100% used [0x00000000c0000000, 0x00000000caac0000, 0x00000000caac0000)
  from space 43648K,   5% used [0x00000000cd560000, 0x00000000cd7d5d98, 0x00000000d0000000)
  to   space 43648K,   0% used [0x00000000caac0000, 0x00000000caac0000, 0x00000000cd560000)
 concurrent mark-sweep generation total 786432K, used 12749K [0x00000000d0000000, 0x0000000100000000, 0x0000000100000000)
 Metaspace       used 32918K, capacity 33422K, committed 33916K, reserved 1079296K
  class space    used 3677K, capacity 3861K, committed 3964K, reserved 1048576K
2016-02-04T14:00:48.916+0100: 569,216: [GC (Allocation Failure) 2016-02-04T14:00:48.916+0100: 569,216: [ParNew
Desired survivor size 40225992 bytes, new threshold 8 (max 8)
- age   1:     813328 bytes,     813328 total
- age   2:     727488 bytes,    1540816 total
- age   3:      35704 bytes,    1576520 total
- age   4:      13944 bytes,    1590464 total
- age   5:      12000 bytes,    1602464 total
- age   6:      15360 bytes,    1617824 total
- age   7:      12944 bytes,    1630768 total
- age   8:      15696 bytes,    1646464 total
: 177367K->2086K(218496K), 0,0079283 secs] 190117K->14849K(1004928K), 0,0080165 secs] [Times: user=0,02 sys=0,00, real=0,01 secs] 
Heap after GC invocations=20 (full 1):
 par new generation   total 218496K, used 2086K [0x00000000c0000000, 0x00000000d0000000, 0x00000000d0000000)
  eden space 174848K,   0% used [0x00000000c0000000, 0x00000000c0000000, 0x00000000caac0000)
  from space 43648K,   4% used [0x00000000caac0000, 0x00000000cacc9830, 0x00000000cd560000)
  to   space 43648K,   0% used [0x00000000cd560000, 0x00000000cd560000, 0x00000000d0000000)
 concurrent mark-sweep generation total 786432K, used 12763K [0x00000000d0000000, 0x0000000100000000, 0x0000000100000000)
 Metaspace       used 32918K, capacity 33422K, committed 33916K, reserved 1079296K
  class space    used 3677K, capacity 3861K, committed 3964K, reserved 1048576K
}
2016-02-04T14:00:48.924+0100: 569,224: Total time for which application threads were stopped: 0,0082494 seconds, Stopping threads took: 0,0000385 seconds
2016-02-04T14:00:50.924+0100: 571,224: Total time for which application threads were stopped: 0,0000933 seconds, Stopping threads took: 0,0000264 seconds
{Heap before GC invocations=20 (full 1):
 par new generation   total 218496K, used 176934K [0x00000000c0000000, 0x00000000d0000000, 0x00000000d0000000)
  eden space 174848K, 100% used [0x00000000c0000000, 0x00000000caac0000, 0x00000000caac0000)
  from space 43648K,   4% used [0x00000000caac0000, 0x00000000cacc9830, 0x00000000cd560000)
  to   space 43648K,   0% used [0x00000000cd560000, 0x00000000cd560000, 0x00000000d0000000)
 concurrent mark-sweep generation total 786432K, used 12763K [0x00000000d0000000, 0x0000000100000000, 0x0000000100000000)
 Metaspace       used 32918K, capacity 33422K, committed 33916K, reserved 1079296K
  class space    used 3677K, capacity 3861K, committed 3964K, reserved 1048576K
2016-02-04T14:00:51.267+0100: 571,567: [GC (Allocation Failure) 2016-02-04T14:00:51.267+0100: 571,567: [ParNew
Desired survivor size 40225992 bytes, new threshold 8 (max 8)
- age   1:     821520 bytes,     821520 total
- age   2:     705160 bytes,    1526680 total
- age   3:      56680 bytes,    1583360 total
- age   4:      10152 bytes,    1593512 total
- age   5:      13680 bytes,    1607192 total
- age   6:      11808 bytes,    1619000 total
- age   7:      15152 bytes,    1634152 total
- age   8:      12776 bytes,    1646928 total
: 176934K->1981K(218496K), 0,0073012 secs] 189697K->14759K(1004928K), 0,0073741 secs] [Times: user=0,02 sys=0,00, real=0,01 secs] 
Heap after GC invocations=21 (full 1):
 par new generation   total 218496K, used 1981K [0x00000000c0000000, 0x00000000d0000000, 0x00000000d0000000)
  eden space 174848K,   0% used [0x00000000c0000000, 0x00000000c0000000, 0x00000000caac0000)
  from space 43648K,   4% used [0x00000000cd560000, 0x00000000cd74f5f0, 0x00000000d0000000)
  to   space 43648K,   0% used [0x00000000caac0000, 0x00000000caac0000, 0x00000000cd560000)
 concurrent mark-sweep generation total 786432K, used 12778K [0x00000000d0000000, 0x0000000100000000, 0x0000000100000000)
 Metaspace       used 32918K, capacity 33422K, committed 33916K, reserved 1079296K
  class space    used 3677K, capacity 3861K, committed 3964K, reserved 1048576K
}
2016-02-04T14:00:51.275+0100: 571,574: Total time for which application threads were stopped: 0,0075623 seconds, Stopping threads took: 0,0000318 seconds
{Heap before GC invocations=21 (full 1):
 par new generation   total 218496K, used 176829K [0x00000000c0000000, 0x00000000d0000000, 0x00000000d0000000)
  eden space 174848K, 100% used [0x00000000c0000000, 0x00000000caac0000, 0x00000000caac0000)
  from space 43648K,   4% used [0x00000000cd560000, 0x00000000cd74f5f0, 0x00000000d0000000)
  to   space 43648K,   0% used [0x00000000caac0000, 0x00000000caac0000, 0x00000000cd560000)
 concurrent mark-sweep generation total 786432K, used 12778K [0x00000000d0000000, 0x0000000100000000, 0x0000000100000000)
 Metaspace       used 32918K, capacity 33422K, committed 33916K, reserved 1079296K
  class space    used 3677K, capacity 3861K, committed 3964K, reserved 1048576K
2016-02-04T14:00:53.833+0100: 574,132: [GC (Allocation Failure) 2016-02-04T14:00:53.833+0100: 574,132: [ParNew
Desired survivor size 40225992 bytes, new threshold 8 (max 8)
- age   1:     879272 bytes,     879272 total
- age   2:     666616 bytes,    1545888 total
- age   3:      40048 bytes,    1585936 total
- age   4:      21624 bytes,    1607560 total
- age   5:       9984 bytes,    1617544 total
- age   6:      11072 bytes,    1628616 total
- age   7:      11640 bytes,    1640256 total
- age   8:      15032 bytes,    1655288 total
: 176829K->2457K(218496K), 0,0058556 secs] 189607K->15248K(1004928K), 0,0059327 secs] [Times: user=0,03 sys=0,00, real=0,01 secs] 
Heap after GC invocations=22 (full 1):
 par new generation   total 218496K, used 2457K [0x00000000c0000000, 0x00000000d0000000, 0x00000000d0000000)
  eden space 174848K,   0% used [0x00000000c0000000, 0x00000000c0000000, 0x00000000caac0000)
  from space 43648K,   5% used [0x00000000caac0000, 0x00000000cad26710, 0x00000000cd560000)
  to   space 43648K,   0% used [0x00000000cd560000, 0x00000000cd560000, 0x00000000d0000000)
 concurrent mark-sweep generation total 786432K, used 12790K [0x00000000d0000000, 0x0000000100000000, 0x0000000100000000)
 Metaspace       used 32918K, capacity 33422K, committed 33916K, reserved 1079296K
  class space    used 3677K, capacity 3861K, committed 3964K, reserved 1048576K
}
2016-02-04T14:00:53.839+0100: 574,138: Total time for which application threads were stopped: 0,0061130 seconds, Stopping threads took: 0,0000258 seconds
2016-02-04T14:00:55.839+0100: 576,139: Total time for which application threads were stopped: 0,0001229 seconds, Stopping threads took: 0,0000256 seconds
{Heap before GC invocations=22 (full 1):
 par new generation   total 218496K, used 177305K [0x00000000c0000000, 0x00000000d0000000, 0x00000000d0000000)
  eden space 174848K, 100% used [0x00000000c0000000, 0x00000000caac0000, 0x00000000caac0000)
  from space 43648K,   5% used [0x00000000caac0000, 0x00000000cad26710, 0x00000000cd560000)
  to   space 43648K,   0% used [0x00000000cd560000, 0x00000000cd560000, 0x00000000d0000000)
 concurrent mark-sweep generation total 786432K, used 12790K [0x00000000d0000000, 0x0000000100000000, 0x0000000100000000)
 Metaspace       used 32918K, capacity 33422K, committed 33916K, reserved 1079296K
  class space    used 3677K, capacity 3861K, committed 3964K, reserved 1048576K
2016-02-04T14:00:56.289+0100: 576,589: [GC (Allocation Failure) 2016-02-04T14:00:56.289+0100: 576,589: [ParNew
Desired survivor size 40225992 bytes, new threshold 8 (max 8)
- age   1:     791288 bytes,     791288 total
- age   2:     711496 bytes,    1502784 total
- age   3:      46112 bytes,    1548896 total
- age   4:      11920 bytes,    1560816 total
- age   5:      21576 bytes,    1582392 total
- age   6:       9888 bytes,    1592280 total
- age   7:      10696 bytes,    1602976 total
- age   8:      11224 bytes,    1614200 total
: 177305K->2076K(218496K), 0,0077891 secs] 190096K->14881K(1004928K), 0,0078929 secs] [Times: user=0,02 sys=0,00, real=0,01 secs] 
Heap after GC invocations=23 (full 1):
 par new generation   total 218496K, used 2076K [0x00000000c0000000, 0x00000000d0000000, 0x00000000d0000000)
  eden space 174848K,   0% used [0x00000000c0000000, 0x00000000c0000000, 0x00000000caac0000)
  from space 43648K,   4% used [0x00000000cd560000, 0x00000000cd767368, 0x00000000d0000000)
  to   space 43648K,   0% used [0x00000000caac0000, 0x00000000caac0000, 0x00000000cd560000)
 concurrent mark-sweep generation total 786432K, used 12805K [0x00000000d0000000, 0x0000000100000000, 0x0000000100000000)
 Metaspace       used 32918K, capacity 33422K, committed 33916K, reserved 1079296K
  class space    used 3677K, capacity 3861K, committed 3964K, reserved 1048576K
}
2016-02-04T14:00:56.297+0100: 576,597: Total time for which application threads were stopped: 0,0081168 seconds, Stopping threads took: 0,0000293 seconds
{Heap before GC invocations=23 (full 1):
 par new generation   total 218496K, used 176924K [0x00000000c0000000, 0x00000000d0000000, 0x00000000d0000000)
  eden space 174848K, 100% used [0x00000000c0000000, 0x00000000caac0000, 0x00000000caac0000)
  from space 43648K,   4% used [0x00000000cd560000, 0x00000000cd767368, 0x00000000d0000000)
  to   space 43648K,   0% used [0x00000000caac0000, 0x00000000caac0000, 0x00000000cd560000)
 concurrent mark-sweep generation total 786432K, used 12805K [0x00000000d0000000, 0x0000000100000000, 0x0000000100000000)
 Metaspace       used 32918K, capacity 33422K, committed 33916K, reserved 1079296K
  class space    used 3677K, capacity 3861K, committed 3964K, reserved 1048576K
2016-02-04T14:00:58.680+0100: 578,980: [GC (Allocation Failure) 2016-02-04T14:00:58.680+0100: 578,980: [ParNew
Desired survivor size 40225992 bytes, new threshold 8 (max 8)
- age   1:     729056 bytes,     729056 total
- age   2:     726976 bytes,    1456032 total
- age   3:      83928 bytes,    1539960 total
- age   4:      14648 bytes,    1554608 total
- age   5:      11704 bytes,    1566312 total
- age   6:      21408 bytes,    1587720 total
- age   7:       9840 bytes,    1597560 total
- age   8:      10552 bytes,    1608112 total
: 176924K->1949K(218496K), 0,0069599 secs] 189729K->14765K(1004928K), 0,0070427 secs] [Times: user=0,03 sys=0,00, real=0,00 secs] 
Heap after GC invocations=24 (full 1):
 par new generation   total 218496K, used 1949K [0x00000000c0000000, 0x00000000d0000000, 0x00000000d0000000)
  eden space 174848K,   0% used [0x00000000c0000000, 0x00000000c0000000, 0x00000000caac0000)
  from space 43648K,   4% used [0x00000000caac0000, 0x00000000caca7760, 0x00000000cd560000)
  to   space 43648K,   0% used [0x00000000cd560000, 0x00000000cd560000, 0x00000000d0000000)
 concurrent mark-sweep generation total 786432K, used 12815K [0x00000000d0000000, 0x0000000100000000, 0x0000000100000000)
 Metaspace       used 32918K, capacity 33422K, committed 33916K, reserved 1079296K
  class space    used 3677K, capacity 3861K, committed 3964K, reserved 1048576K
}
2016-02-04T14:00:58.687+0100: 578,987: Total time for which application threads were stopped: 0,0072155 seconds, Stopping threads took: 0,0000223 seconds
2016-02-04T14:01:00.687+0100: 580,987: Total time for which application threads were stopped: 0,0000849 seconds, Stopping threads took: 0,0000250 seconds
{Heap before GC invocations=24 (full 1):
 par new generation   total 218496K, used 176797K [0x00000000c0000000, 0x00000000d0000000, 0x00000000d0000000)
  eden space 174848K, 100% used [0x00000000c0000000, 0x00000000caac0000, 0x00000000caac0000)
  from space 43648K,   4% used [0x00000000caac0000, 0x00000000caca7760, 0x00000000cd560000)
  to   space 43648K,   0% used [0x00000000cd560000, 0x00000000cd560000, 0x00000000d0000000)
 concurrent mark-sweep generation total 786432K, used 12815K [0x00000000d0000000, 0x0000000100000000, 0x0000000100000000)
 Metaspace       used 32925K, capacity 33422K, committed 33916K, reserved 1079296K
  class space    used 3677K, capacity 3861K, committed 3964K, reserved 1048576K
2016-02-04T14:01:01.069+0100: 581,369: [GC (Allocation Failure) 2016-02-04T14:01:01.070+0100: 581,369: [ParNew
Desired survivor size 40225992 bytes, new threshold 8 (max 8)
- age   1:     871200 bytes,     871200 total
- age   2:     662592 bytes,    1533792 total
- age   3:      69240 bytes,    1603032 total
- age   4:      10752 bytes,    1613784 total
- age   5:      13688 bytes,    1627472 total
- age   6:      10976 bytes,    1638448 total
- age   7:      21216 bytes,    1659664 total
- age   8:       9648 bytes,    1669312 total
: 176797K->2402K(218496K), 0,0080221 secs] 189613K->15228K(1004928K), 0,0081205 secs] [Times: user=0,03 sys=0,00, real=0,01 secs] 
Heap after GC invocations=25 (full 1):
 par new generation   total 218496K, used 2402K [0x00000000c0000000, 0x00000000d0000000, 0x00000000d0000000)
  eden space 174848K,   0% used [0x00000000c0000000, 0x00000000c0000000, 0x00000000caac0000)
  from space 43648K,   5% used [0x00000000cd560000, 0x00000000cd7b89b0, 0x00000000d0000000)
  to   space 43648K,   0% used [0x00000000caac0000, 0x00000000caac0000, 0x00000000cd560000)
 concurrent mark-sweep generation total 786432K, used 12826K [0x00000000d0000000, 0x0000000100000000, 0x0000000100000000)
 Metaspace       used 32925K, capacity 33422K, committed 33916K, reserved 1079296K
  class space    used 3677K, capacity 3861K, committed 3964K, reserved 1048576K
}
2016-02-04T14:01:01.078+0100: 581,377: Total time for which application threads were stopped: 0,0083464 seconds, Stopping threads took: 0,0000314 seconds
2016-02-04T14:01:03.078+0100: 583,377: Total time for which application threads were stopped: 0,0000850 seconds, Stopping threads took: 0,0000246 seconds
{Heap before GC invocations=25 (full 1):
 par new generation   total 218496K, used 177250K [0x00000000c0000000, 0x00000000d0000000, 0x00000000d0000000)
  eden space 174848K, 100% used [0x00000000c0000000, 0x00000000caac0000, 0x00000000caac0000)
  from space 43648K,   5% used [0x00000000cd560000, 0x00000000cd7b89b0, 0x00000000d0000000)
  to   space 43648K,   0% used [0x00000000caac0000, 0x00000000caac0000, 0x00000000cd560000)
 concurrent mark-sweep generation total 786432K, used 12826K [0x00000000d0000000, 0x0000000100000000, 0x0000000100000000)
 Metaspace       used 32925K, capacity 33422K, committed 33916K, reserved 1079296K
  class space    used 3677K, capacity 3861K, committed 3964K, reserved 1048576K
2016-02-04T14:01:03.297+0100: 583,597: [GC (Allocation Failure) 2016-02-04T14:01:03.297+0100: 583,597: [ParNew
Desired survivor size 40225992 bytes, new threshold 8 (max 8)
- age   1:     765896 bytes,     765896 total
- age   2:     740520 bytes,    1506416 total
- age   3:      43480 bytes,    1549896 total
- age   4:      11200 bytes,    1561096 total
- age   5:      10608 bytes,    1571704 total
- age   6:      12992 bytes,    1584696 total
- age   7:      10880 bytes,    1595576 total
- age   8:      21144 bytes,    1616720 total
: 177250K->2386K(218496K), 0,0069369 secs] 190076K->15221K(1004928K), 0,0070228 secs] [Times: user=0,02 sys=0,00, real=0,00 secs] 
Heap after GC invocations=26 (full 1):
 par new generation   total 218496K, used 2386K [0x00000000c0000000, 0x00000000d0000000, 0x00000000d0000000)
  eden space 174848K,   0% used [0x00000000c0000000, 0x00000000c0000000, 0x00000000caac0000)
  from space 43648K,   5% used [0x00000000caac0000, 0x00000000cad14900, 0x00000000cd560000)
  to   space 43648K,   0% used [0x00000000cd560000, 0x00000000cd560000, 0x00000000d0000000)
 concurrent mark-sweep generation total 786432K, used 12835K [0x00000000d0000000, 0x0000000100000000, 0x0000000100000000)
 Metaspace       used 32925K, capacity 33422K, committed 33916K, reserved 1079296K
  class space    used 3677K, capacity 3861K, committed 3964K, reserved 1048576K
}
2016-02-04T14:01:03.304+0100: 583,604: Total time for which application threads were stopped: 0,0072138 seconds, Stopping threads took: 0,0000242 seconds
2016-02-04T14:01:03.387+0100: 583,687: Total time for which application threads were stopped: 0,0001011 seconds, Stopping threads took: 0,0000228 seconds
2016-02-04T14:01:03.394+0100: 583,694: Total time for which application threads were stopped: 0,0001059 seconds, Stopping threads took: 0,0000195 seconds
2016-02-04T14:01:04.394+0100: 584,694: Total time for which application threads were stopped: 0,0000908 seconds, Stopping threads took: 0,0000255 seconds
{Heap before GC invocations=26 (full 1):
 par new generation   total 218496K, used 177234K [0x00000000c0000000, 0x00000000d0000000, 0x00000000d0000000)
  eden space 174848K, 100% used [0x00000000c0000000, 0x00000000caac0000, 0x00000000caac0000)
  from space 43648K,   5% used [0x00000000caac0000, 0x00000000cad14900, 0x00000000cd560000)
  to   space 43648K,   0% used [0x00000000cd560000, 0x00000000cd560000, 0x00000000d0000000)
 concurrent mark-sweep generation total 786432K, used 12835K [0x00000000d0000000, 0x0000000100000000, 0x0000000100000000)
 Metaspace       used 32925K, capacity 33422K, committed 33916K, reserved 1079296K
  class space    used 3677K, capacity 3861K, committed 3964K, reserved 1048576K
2016-02-04T14:01:05.597+0100: 585,897: [GC (Allocation Failure) 2016-02-04T14:01:05.597+0100: 585,897: [ParNew
Desired survivor size 40225992 bytes, new threshold 8 (max 8)
- age   1:     866120 bytes,     866120 total
- age   2:     659256 bytes,    1525376 total
- age   3:      51864 bytes,    1577240 total
- age   4:      14304 bytes,    1591544 total
- age   5:      11152 bytes,    1602696 total
- age   6:      10416 bytes,    1613112 total
- age   7:      12752 bytes,    1625864 total
- age   8:      10784 bytes,    1636648 total
: 177234K->1899K(218496K), 0,0055792 secs] 190069K->14747K(1004928K), 0,0056474 secs] [Times: user=0,01 sys=0,00, real=0,00 secs] 
Heap after GC invocations=27 (full 1):
 par new generation   total 218496K, used 1899K [0x00000000c0000000, 0x00000000d0000000, 0x00000000d0000000)
  eden space 174848K,   0% used [0x00000000c0000000, 0x00000000c0000000, 0x00000000caac0000)
  from space 43648K,   4% used [0x00000000cd560000, 0x00000000cd73afc0, 0x00000000d0000000)
  to   space 43648K,   0% used [0x00000000caac0000, 0x00000000caac0000, 0x00000000cd560000)
 concurrent mark-sweep generation total 786432K, used 12847K [0x00000000d0000000, 0x0000000100000000, 0x0000000100000000)
 Metaspace       used 32925K, capacity 33422K, committed 33916K, reserved 1079296K
  class space    used 3677K, capacity 3861K, committed 3964K, reserved 1048576K
}
2016-02-04T14:01:05.603+0100: 585,902: Total time for which application threads were stopped: 0,0058165 seconds, Stopping threads took: 0,0000242 seconds
2016-02-04T14:01:06.603+0100: 586,903: Total time for which application threads were stopped: 0,0001602 seconds, Stopping threads took: 0,0000576 seconds
2016-02-04T14:01:07.603+0100: 587,903: Total time for which application threads were stopped: 0,0001077 seconds, Stopping threads took: 0,0000288 seconds
{Heap before GC invocations=27 (full 1):
 par new generation   total 218496K, used 176747K [0x00000000c0000000, 0x00000000d0000000, 0x00000000d0000000)
  eden space 174848K, 100% used [0x00000000c0000000, 0x00000000caac0000, 0x00000000caac0000)
  from space 43648K,   4% used [0x00000000cd560000, 0x00000000cd73afc0, 0x00000000d0000000)
  to   space 43648K,   0% used [0x00000000caac0000, 0x00000000caac0000, 0x00000000cd560000)
 concurrent mark-sweep generation total 786432K, used 12847K [0x00000000d0000000, 0x0000000100000000, 0x0000000100000000)
 Metaspace       used 32926K, capacity 33422K, committed 33916K, reserved 1079296K
  class space    used 3677K, capacity 3861K, committed 3964K, reserved 1048576K
2016-02-04T14:01:07.928+0100: 588,228: [GC (Allocation Failure) 2016-02-04T14:01:07.928+0100: 588,228: [ParNew
Desired survivor size 40225992 bytes, new threshold 8 (max 8)
- age   1:     965304 bytes,     965304 total
- age   2:     540512 bytes,    1505816 total
- age   3:      37616 bytes,    1543432 total
- age   4:      15264 bytes,    1558696 total
- age   5:      14136 bytes,    1572832 total
- age   6:      11056 bytes,    1583888 total
- age   7:      10296 bytes,    1594184 total
- age   8:      12608 bytes,    1606792 total
: 176747K->2714K(218496K), 0,0076078 secs] 189595K->15572K(1004928K), 0,0076843 secs] [Times: user=0,02 sys=0,00, real=0,00 secs] 
Heap after GC invocations=28 (full 1):
 par new generation   total 218496K, used 2714K [0x00000000c0000000, 0x00000000d0000000, 0x00000000d0000000)
  eden space 174848K,   0% used [0x00000000c0000000, 0x00000000c0000000, 0x00000000caac0000)
  from space 43648K,   6% used [0x00000000caac0000, 0x00000000cad66880, 0x00000000cd560000)
  to   space 43648K,   0% used [0x00000000cd560000, 0x00000000cd560000, 0x00000000d0000000)
 concurrent mark-sweep generation total 786432K, used 12858K [0x00000000d0000000, 0x0000000100000000, 0x0000000100000000)
 Metaspace       used 32926K, capacity 33422K, committed 33916K, reserved 1079296K
  class space    used 3677K, capacity 3861K, committed 3964K, reserved 1048576K
}
2016-02-04T14:01:07.936+0100: 588,236: Total time for which application threads were stopped: 0,0078405 seconds, Stopping threads took: 0,0000217 seconds
2016-02-04T14:01:08.936+0100: 589,236: Total time for which application threads were stopped: 0,0001022 seconds, Stopping threads took: 0,0000282 seconds
2016-02-04T14:01:09.936+0100: 590,236: Total time for which application threads were stopped: 0,0001236 seconds, Stopping threads took: 0,0000515 seconds
{Heap before GC invocations=28 (full 1):
 par new generation   total 218496K, used 177562K [0x00000000c0000000, 0x00000000d0000000, 0x00000000d0000000)
  eden space 174848K, 100% used [0x00000000c0000000, 0x00000000caac0000, 0x00000000caac0000)
  from space 43648K,   6% used [0x00000000caac0000, 0x00000000cad66880, 0x00000000cd560000)
  to   space 43648K,   0% used [0x00000000cd560000, 0x00000000cd560000, 0x00000000d0000000)
 concurrent mark-sweep generation total 786432K, used 12858K [0x00000000d0000000, 0x0000000100000000, 0x0000000100000000)
 Metaspace       used 32928K, capacity 33422K, committed 33916K, reserved 1079296K
  class space    used 3677K, capacity 3861K, committed 3964K, reserved 1048576K
2016-02-04T14:01:10.265+0100: 590,565: [GC (Allocation Failure) 2016-02-04T14:01:10.265+0100: 590,565: [ParNew
Desired survivor size 40225992 bytes, new threshold 8 (max 8)
- age   1:     814648 bytes,     814648 total
- age   2:     746760 bytes,    1561408 total
- age   3:      40256 bytes,    1601664 total
- age   4:       9184 bytes,    1610848 total
- age   5:      10192 bytes,    1621040 total
- age   6:      13944 bytes,    1634984 total
- age   7:      10984 bytes,    1645968 total
- age   8:      10200 bytes,    1656168 total
: 177562K->2011K(218496K), 0,0063363 secs] 190420K->14882K(1004928K), 0,0064278 secs] [Times: user=0,02 sys=0,00, real=0,01 secs] 
Heap after GC invocations=29 (full 1):
 par new generation   total 218496K, used 2011K [0x00000000c0000000, 0x00000000d0000000, 0x00000000d0000000)
  eden space 174848K,   0% used [0x00000000c0000000, 0x00000000c0000000, 0x00000000caac0000)
  from space 43648K,   4% used [0x00000000cd560000, 0x00000000cd756f30, 0x00000000d0000000)
  to   space 43648K,   0% used [0x00000000caac0000, 0x00000000caac0000, 0x00000000cd560000)
 concurrent mark-sweep generation total 786432K, used 12870K [0x00000000d0000000, 0x0000000100000000, 0x0000000100000000)
 Metaspace       used 32928K, capacity 33422K, committed 33916K, reserved 1079296K
  class space    used 3677K, capacity 3861K, committed 3964K, reserved 1048576K
}
2016-02-04T14:01:10.272+0100: 590,571: Total time for which application threads were stopped: 0,0066074 seconds, Stopping threads took: 0,0000248 seconds
{Heap before GC invocations=29 (full 1):
 par new generation   total 218496K, used 176859K [0x00000000c0000000, 0x00000000d0000000, 0x00000000d0000000)
  eden space 174848K, 100% used [0x00000000c0000000, 0x00000000caac0000, 0x00000000caac0000)
  from space 43648K,   4% used [0x00000000cd560000, 0x00000000cd756f30, 0x00000000d0000000)
  to   space 43648K,   0% used [0x00000000caac0000, 0x00000000caac0000, 0x00000000cd560000)
 concurrent mark-sweep generation total 786432K, used 12870K [0x00000000d0000000, 0x0000000100000000, 0x0000000100000000)
 Metaspace       used 32928K, capacity 33422K, committed 33916K, reserved 1079296K
  class space    used 3677K, capacity 3861K, committed 3964K, reserved 1048576K
2016-02-04T14:01:12.541+0100: 592,840: [GC (Allocation Failure) 2016-02-04T14:01:12.541+0100: 592,841: [ParNew
Desired survivor size 40225992 bytes, new threshold 8 (max 8)
- age   1:     740960 bytes,     740960 total
- age   2:     683592 bytes,    1424552 total
- age   3:     114328 bytes,    1538880 total
- age   4:      17880 bytes,    1556760 total
- age   5:       8992 bytes,    1565752 total
- age   6:      10048 bytes,    1575800 total
- age   7:      11040 bytes,    1586840 total
- age   8:      10864 bytes,    1597704 total
: 176859K->2442K(218496K), 0,0066186 secs] 189730K->15323K(1004928K), 0,0066910 secs] [Times: user=0,03 sys=0,00, real=0,00 secs] 
Heap after GC invocations=30 (full 1):
 par new generation   total 218496K, used 2442K [0x00000000c0000000, 0x00000000d0000000, 0x00000000d0000000)
  eden space 174848K,   0% used [0x00000000c0000000, 0x00000000c0000000, 0x00000000caac0000)
  from space 43648K,   5% used [0x00000000caac0000, 0x00000000cad22b58, 0x00000000cd560000)
  to   space 43648K,   0% used [0x00000000cd560000, 0x00000000cd560000, 0x00000000d0000000)
 concurrent mark-sweep generation total 786432K, used 12880K [0x00000000d0000000, 0x0000000100000000, 0x0000000100000000)
 Metaspace       used 32928K, capacity 33422K, committed 33916K, reserved 1079296K
  class space    used 3677K, capacity 3861K, committed 3964K, reserved 1048576K
}
2016-02-04T14:01:12.548+0100: 592,847: Total time for which application threads were stopped: 0,0070854 seconds, Stopping threads took: 0,0000243 seconds
2016-02-04T14:01:13.548+0100: 593,848: Total time for which application threads were stopped: 0,0000930 seconds, Stopping threads took: 0,0000228 seconds
{Heap before GC invocations=30 (full 1):
 par new generation   total 218496K, used 177290K [0x00000000c0000000, 0x00000000d0000000, 0x00000000d0000000)
  eden space 174848K, 100% used [0x00000000c0000000, 0x00000000caac0000, 0x00000000caac0000)
  from space 43648K,   5% used [0x00000000caac0000, 0x00000000cad22b58, 0x00000000cd560000)
  to   space 43648K,   0% used [0x00000000cd560000, 0x00000000cd560000, 0x00000000d0000000)
 concurrent mark-sweep generation total 786432K, used 12880K [0x00000000d0000000, 0x0000000100000000, 0x0000000100000000)
 Metaspace       used 32928K, capacity 33422K, committed 33916K, reserved 1079296K
  class space    used 3677K, capacity 3861K, committed 3964K, reserved 1048576K
2016-02-04T14:01:14.863+0100: 595,163: [GC (Allocation Failure) 2016-02-04T14:01:14.863+0100: 595,163: [ParNew
Desired survivor size 40225992 bytes, new threshold 8 (max 8)
- age   1:     963112 bytes,     963112 total
- age   2:     568608 bytes,    1531720 total
- age   3:      34216 bytes,    1565936 total
- age   4:      11512 bytes,    1577448 total
- age   5:      17688 bytes,    1595136 total
- age   6:       8968 bytes,    1604104 total
- age   7:       9952 bytes,    1614056 total
- age   8:      10944 bytes,    1625000 total
: 177290K->1847K(218496K), 0,0067129 secs] 190171K->14737K(1004928K), 0,0067901 secs] [Times: user=0,02 sys=0,00, real=0,01 secs] 
Heap after GC invocations=31 (full 1):
 par new generation   total 218496K, used 1847K [0x00000000c0000000, 0x00000000d0000000, 0x00000000d0000000)
  eden space 174848K,   0% used [0x00000000c0000000, 0x00000000c0000000, 0x00000000caac0000)
  from space 43648K,   4% used [0x00000000cd560000, 0x00000000cd72de50, 0x00000000d0000000)
  to   space 43648K,   0% used [0x00000000caac0000, 0x00000000caac0000, 0x00000000cd560000)
 concurrent mark-sweep generation total 786432K, used 12889K [0x00000000d0000000, 0x0000000100000000, 0x0000000100000000)
 Metaspace       used 32928K, capacity 33422K, committed 33916K, reserved 1079296K
  class space    used 3677K, capacity 3861K, committed 3964K, reserved 1048576K
}
2016-02-04T14:01:14.870+0100: 595,169: Total time for which application threads were stopped: 0,0069569 seconds, Stopping threads took: 0,0000239 seconds
{Heap before GC invocations=31 (full 1):
 par new generation   total 218496K, used 176695K [0x00000000c0000000, 0x00000000d0000000, 0x00000000d0000000)
  eden space 174848K, 100% used [0x00000000c0000000, 0x00000000caac0000, 0x00000000caac0000)
  from space 43648K,   4% used [0x00000000cd560000, 0x00000000cd72de50, 0x00000000d0000000)
  to   space 43648K,   0% used [0x00000000caac0000, 0x00000000caac0000, 0x00000000cd560000)
 concurrent mark-sweep generation total 786432K, used 12889K [0x00000000d0000000, 0x0000000100000000, 0x0000000100000000)
 Metaspace       used 32928K, capacity 33422K, committed 33916K, reserved 1079296K
  class space    used 3677K, capacity 3861K, committed 3964K, reserved 1048576K
2016-02-04T14:01:17.153+0100: 597,453: [GC (Allocation Failure) 2016-02-04T14:01:17.153+0100: 597,453: [ParNew
Desired survivor size 40225992 bytes, new threshold 8 (max 8)
- age   1:     696232 bytes,     696232 total
- age   2:     817944 bytes,    1514176 total
- age   3:      51792 bytes,    1565968 total
- age   4:       8472 bytes,    1574440 total
- age   5:      10600 bytes,    1585040 total
- age   6:      17592 bytes,    1602632 total
- age   7:       8920 bytes,    1611552 total
- age   8:       9880 bytes,    1621432 total
: 176695K->2406K(218496K), 0,0061818 secs] 189585K->15306K(1004928K), 0,0062529 secs] [Times: user=0,02 sys=0,00, real=0,01 secs] 
Heap after GC invocations=32 (full 1):
 par new generation   total 218496K, used 2406K [0x00000000c0000000, 0x00000000d0000000, 0x00000000d0000000)
  eden space 174848K,   0% used [0x00000000c0000000, 0x00000000c0000000, 0x00000000caac0000)
  from space 43648K,   5% used [0x00000000caac0000, 0x00000000cad198c8, 0x00000000cd560000)
  to   space 43648K,   0% used [0x00000000cd560000, 0x00000000cd560000, 0x00000000d0000000)
 concurrent mark-sweep generation total 786432K, used 12900K [0x00000000d0000000, 0x0000000100000000, 0x0000000100000000)
 Metaspace       used 32928K, capacity 33422K, committed 33916K, reserved 1079296K
  class space    used 3677K, capacity 3861K, committed 3964K, reserved 1048576K
}
2016-02-04T14:01:17.159+0100: 597,459: Total time for which application threads were stopped: 0,0064161 seconds, Stopping threads took: 0,0000214 seconds
{Heap before GC invocations=32 (full 1):
 par new generation   total 218496K, used 177254K [0x00000000c0000000, 0x00000000d0000000, 0x00000000d0000000)
  eden space 174848K, 100% used [0x00000000c0000000, 0x00000000caac0000, 0x00000000caac0000)
  from space 43648K,   5% used [0x00000000caac0000, 0x00000000cad198c8, 0x00000000cd560000)
  to   space 43648K,   0% used [0x00000000cd560000, 0x00000000cd560000, 0x00000000d0000000)
 concurrent mark-sweep generation total 786432K, used 12900K [0x00000000d0000000, 0x0000000100000000, 0x0000000100000000)
 Metaspace       used 32928K, capacity 33422K, committed 33916K, reserved 1079296K
  class space    used 3677K, capacity 3861K, committed 3964K, reserved 1048576K
2016-02-04T14:01:19.421+0100: 599,720: [GC (Allocation Failure) 2016-02-04T14:01:19.421+0100: 599,720: [ParNew
Desired survivor size 40225992 bytes, new threshold 8 (max 8)
- age   1:     859456 bytes,     859456 total
- age   2:     618464 bytes,    1477920 total
- age   3:     103960 bytes,    1581880 total
- age   4:      11960 bytes,    1593840 total
- age   5:       8376 bytes,    1602216 total
- age   6:       9960 bytes,    1612176 total
- age   7:      17496 bytes,    1629672 total
- age   8:       8848 bytes,    1638520 total
: 177254K->2033K(218496K), 0,0065142 secs] 190154K->14944K(1004928K), 0,0065956 secs] [Times: user=0,03 sys=0,00, real=0,00 secs] 
Heap after GC invocations=33 (full 1):
 par new generation   total 218496K, used 2033K [0x00000000c0000000, 0x00000000d0000000, 0x00000000d0000000)
  eden space 174848K,   0% used [0x00000000c0000000, 0x00000000c0000000, 0x00000000caac0000)
  from space 43648K,   4% used [0x00000000cd560000, 0x00000000cd75c788, 0x00000000d0000000)
  to   space 43648K,   0% used [0x00000000caac0000, 0x00000000caac0000, 0x00000000cd560000)
 concurrent mark-sweep generation total 786432K, used 12910K [0x00000000d0000000, 0x0000000100000000, 0x0000000100000000)
 Metaspace       used 32928K, capacity 33422K, committed 33916K, reserved 1079296K
  class space    used 3677K, capacity 3861K, committed 3964K, reserved 1048576K
}
2016-02-04T14:01:19.427+0100: 599,727: Total time for which application threads were stopped: 0,0067642 seconds, Stopping threads took: 0,0000220 seconds
2016-02-04T14:01:20.427+0100: 600,727: Total time for which application threads were stopped: 0,0000952 seconds, Stopping threads took: 0,0000220 seconds
2016-02-04T14:01:20.634+0100: 600,933: Total time for which application threads were stopped: 0,0001321 seconds, Stopping threads took: 0,0000590 seconds
2016-02-04T14:01:20.637+0100: 600,937: Total time for which application threads were stopped: 0,0001642 seconds, Stopping threads took: 0,0000289 seconds
2016-02-04T14:01:21.638+0100: 601,937: Total time for which application threads were stopped: 0,0000855 seconds, Stopping threads took: 0,0000232 seconds
{Heap before GC invocations=33 (full 1):
 par new generation   total 218496K, used 176881K [0x00000000c0000000, 0x00000000d0000000, 0x00000000d0000000)
  eden space 174848K, 100% used [0x00000000c0000000, 0x00000000caac0000, 0x00000000caac0000)
  from space 43648K,   4% used [0x00000000cd560000, 0x00000000cd75c788, 0x00000000d0000000)
  to   space 43648K,   0% used [0x00000000caac0000, 0x00000000caac0000, 0x00000000cd560000)
 concurrent mark-sweep generation total 786432K, used 12910K [0x00000000d0000000, 0x0000000100000000, 0x0000000100000000)
 Metaspace       used 32928K, capacity 33422K, committed 33916K, reserved 1079296K
  class space    used 3677K, capacity 3861K, committed 3964K, reserved 1048576K
2016-02-04T14:01:21.713+0100: 602,013: [GC (Allocation Failure) 2016-02-04T14:01:21.713+0100: 602,013: [ParNew
Desired survivor size 40225992 bytes, new threshold 8 (max 8)
- age   1:     735312 bytes,     735312 total
- age   2:     744672 bytes,    1479984 total
- age   3:      91408 bytes,    1571392 total
- age   4:      11520 bytes,    1582912 total
- age   5:      11936 bytes,    1594848 total
- age   6:       8328 bytes,    1603176 total
- age   7:       9912 bytes,    1613088 total
- age   8:       8928 bytes,    1622016 total
: 176881K->2423K(218496K), 0,0066902 secs] 189792K->15342K(1004928K), 0,0067699 secs] [Times: user=0,02 sys=0,00, real=0,01 secs] 
