Java HotSpot(TM) 64-Bit Server VM (25.66-b17) for linux-amd64 JRE (1.8.0_66-b17), built on Oct  6 2015 17:28:34 by "java_re" with gcc 4.3.0 20080428 (Red Hat 4.3.0-8)
Memory: 4k page, physical 32882904k(16357136k free), swap 7811068k(7811068k free)
CommandLine flags: -XX:CMSInitiatingOccupancyFraction=50 -XX:CMSMaxAbortablePrecleanTime=6000 -XX:+CMSParallelRemarkEnabled -XX:+CMSScavengeBeforeRemark -XX:ConcGCThreads=4 -XX:InitialHeapSize=2147483648 -XX:MaxHeapSize=2147483648 -XX:MaxTenuringThreshold=8 -XX:NewRatio=3 -XX:OldPLABSize=16 -XX:ParallelGCThreads=4 -XX:+ParallelRefProcEnabled -XX:PretenureSizeThreshold=67108864 -XX:+PrintGC -XX:+PrintGCApplicationStoppedTime -XX:+PrintGCDateStamps -XX:+PrintGCDetails -XX:+PrintGCTimeStamps -XX:+PrintHeapAtGC -XX:+PrintTenuringDistribution -XX:SurvivorRatio=4 -XX:TargetSurvivorRatio=90 -XX:ThreadStackSize=256 -XX:+UseCMSInitiatingOccupancyOnly -XX:+UseCompressedClassPointers -XX:+UseCompressedOops -XX:+UseConcMarkSweepGC -XX:+UseParNewGC 
2016-02-11T15:37:37.006+0100: 0,091: Total time for which application threads were stopped: 0,0000710 seconds, Stopping threads took: 0,0000161 seconds
2016-02-11T15:37:37.157+0100: 0,242: Total time for which application threads were stopped: 0,0001314 seconds, Stopping threads took: 0,0000153 seconds
2016-02-11T15:37:37.222+0100: 0,307: Total time for which application threads were stopped: 0,0001278 seconds, Stopping threads took: 0,0000118 seconds
2016-02-11T15:37:37.284+0100: 0,369: Total time for which application threads were stopped: 0,0001123 seconds, Stopping threads took: 0,0000151 seconds
2016-02-11T15:37:37.317+0100: 0,402: Total time for which application threads were stopped: 0,0001430 seconds, Stopping threads took: 0,0000188 seconds
2016-02-11T15:37:37.327+0100: 0,412: Total time for which application threads were stopped: 0,0001854 seconds, Stopping threads took: 0,0000229 seconds
2016-02-11T15:37:37.335+0100: 0,420: Total time for which application threads were stopped: 0,0001699 seconds, Stopping threads took: 0,0000193 seconds
2016-02-11T15:37:37.554+0100: 0,639: Total time for which application threads were stopped: 0,0001908 seconds, Stopping threads took: 0,0000183 seconds
2016-02-11T15:37:37.904+0100: 0,989: Total time for which application threads were stopped: 0,0003018 seconds, Stopping threads took: 0,0000278 seconds
2016-02-11T15:37:37.905+0100: 0,990: Total time for which application threads were stopped: 0,0002428 seconds, Stopping threads took: 0,0000246 seconds
2016-02-11T15:37:37.908+0100: 0,993: Total time for which application threads were stopped: 0,0001902 seconds, Stopping threads took: 0,0000141 seconds
2016-02-11T15:37:38.003+0100: 1,088: Total time for which application threads were stopped: 0,0002947 seconds, Stopping threads took: 0,0000270 seconds
2016-02-11T15:37:38.450+0100: 1,535: Total time for which application threads were stopped: 0,0002703 seconds, Stopping threads took: 0,0000213 seconds
2016-02-11T15:37:38.498+0100: 1,583: Total time for which application threads were stopped: 0,0002543 seconds, Stopping threads took: 0,0000339 seconds
2016-02-11T15:37:38.499+0100: 1,584: Total time for which application threads were stopped: 0,0000923 seconds, Stopping threads took: 0,0000313 seconds
2016-02-11T15:37:39.006+0100: 2,091: [GC (CMS Initial Mark) [1 CMS-initial-mark: 0K(1572864K)] 293673K(2009792K), 0,0772596 secs] [Times: user=0,08 sys=0,00, real=0,07 secs] 
2016-02-11T15:37:39.083+0100: 2,168: Total time for which application threads were stopped: 0,0775418 seconds, Stopping threads took: 0,0000315 seconds
2016-02-11T15:37:39.083+0100: 2,168: [CMS-concurrent-mark-start]
2016-02-11T15:37:39.084+0100: 2,169: [CMS-concurrent-mark: 0,000/0,000 secs] [Times: user=0,00 sys=0,00, real=0,00 secs] 
2016-02-11T15:37:39.084+0100: 2,169: [CMS-concurrent-preclean-start]
2016-02-11T15:37:39.090+0100: 2,175: [CMS-concurrent-preclean: 0,006/0,006 secs] [Times: user=0,01 sys=0,00, real=0,01 secs] 
2016-02-11T15:37:39.090+0100: 2,175: [CMS-concurrent-abortable-preclean-start]
2016-02-11T15:37:40.384+0100: 3,469: Total time for which application threads were stopped: 0,0001415 seconds, Stopping threads took: 0,0000281 seconds
2016-02-11T15:37:40.388+0100: 3,473: Total time for which application threads were stopped: 0,0002884 seconds, Stopping threads took: 0,0000260 seconds
2016-02-11T15:37:40.457+0100: 3,542: Total time for which application threads were stopped: 0,0001252 seconds, Stopping threads took: 0,0000230 seconds
2016-02-11T15:37:40.473+0100: 3,558: Total time for which application threads were stopped: 0,0002691 seconds, Stopping threads took: 0,0000243 seconds
2016-02-11T15:37:40.505+0100: 3,590: Total time for which application threads were stopped: 0,0003218 seconds, Stopping threads took: 0,0000261 seconds
2016-02-11T15:37:40.514+0100: 3,599: Total time for which application threads were stopped: 0,0001358 seconds, Stopping threads took: 0,0000287 seconds
2016-02-11T15:37:40.545+0100: 3,630: Total time for which application threads were stopped: 0,0001080 seconds, Stopping threads took: 0,0000240 seconds
2016-02-11T15:37:40.575+0100: 3,660: Total time for which application threads were stopped: 0,0000932 seconds, Stopping threads took: 0,0000205 seconds
2016-02-11T15:37:40.598+0100: 3,683: Total time for which application threads were stopped: 0,0001128 seconds, Stopping threads took: 0,0000206 seconds
2016-02-11T15:37:40.617+0100: 3,702: Total time for which application threads were stopped: 0,0001128 seconds, Stopping threads took: 0,0000242 seconds
2016-02-11T15:37:40.733+0100: 3,818: Total time for which application threads were stopped: 0,0001168 seconds, Stopping threads took: 0,0000341 seconds
2016-02-11T15:37:40.746+0100: 3,831: Total time for which application threads were stopped: 0,0000970 seconds, Stopping threads took: 0,0000223 seconds
{Heap before GC invocations=0 (full 1):
 par new generation   total 436928K, used 349568K [0x0000000080000000, 0x00000000a0000000, 0x00000000a0000000)
  eden space 349568K, 100% used [0x0000000080000000, 0x0000000095560000, 0x0000000095560000)
  from space 87360K,   0% used [0x0000000095560000, 0x0000000095560000, 0x000000009aab0000)
  to   space 87360K,   0% used [0x000000009aab0000, 0x000000009aab0000, 0x00000000a0000000)
 concurrent mark-sweep generation total 1572864K, used 0K [0x00000000a0000000, 0x0000000100000000, 0x0000000100000000)
 Metaspace       used 23871K, capacity 24286K, committed 24540K, reserved 1071104K
  class space    used 2854K, capacity 2979K, committed 3016K, reserved 1048576K
2016-02-11T15:37:40.760+0100: 3,845: [GC (Allocation Failure) 2016-02-11T15:37:40.760+0100: 3,845: [ParNew
Desired survivor size 80510976 bytes, new threshold 8 (max 8)
- age   1:   18628000 bytes,   18628000 total
: 349568K->18377K(436928K), 0,0123308 secs] 349568K->18377K(2009792K), 0,0124404 secs] [Times: user=0,06 sys=0,00, real=0,01 secs] 
Heap after GC invocations=1 (full 1):
 par new generation   total 436928K, used 18377K [0x0000000080000000, 0x00000000a0000000, 0x00000000a0000000)
  eden space 349568K,   0% used [0x0000000080000000, 0x0000000080000000, 0x0000000095560000)
  from space 87360K,  21% used [0x000000009aab0000, 0x000000009bca2448, 0x00000000a0000000)
  to   space 87360K,   0% used [0x0000000095560000, 0x0000000095560000, 0x000000009aab0000)
 concurrent mark-sweep generation total 1572864K, used 0K [0x00000000a0000000, 0x0000000100000000, 0x0000000100000000)
 Metaspace       used 23871K, capacity 24286K, committed 24540K, reserved 1071104K
  class space    used 2854K, capacity 2979K, committed 3016K, reserved 1048576K
}
2016-02-11T15:37:40.772+0100: 3,857: Total time for which application threads were stopped: 0,0126065 seconds, Stopping threads took: 0,0000242 seconds
2016-02-11T15:37:40.785+0100: 3,870: Total time for which application threads were stopped: 0,0001184 seconds, Stopping threads took: 0,0000255 seconds
2016-02-11T15:37:40.799+0100: 3,884: Total time for which application threads were stopped: 0,0000952 seconds, Stopping threads took: 0,0000212 seconds
2016-02-11T15:37:40.803+0100: 3,888: Total time for which application threads were stopped: 0,0003292 seconds, Stopping threads took: 0,0000251 seconds
2016-02-11T15:37:40.819+0100: 3,904: Total time for which application threads were stopped: 0,0001315 seconds, Stopping threads took: 0,0000307 seconds
2016-02-11T15:37:40.855+0100: 3,940: Total time for which application threads were stopped: 0,0002090 seconds, Stopping threads took: 0,0000361 seconds
2016-02-11T15:37:40.877+0100: 3,962: Total time for which application threads were stopped: 0,0001745 seconds, Stopping threads took: 0,0000178 seconds
2016-02-11T15:37:40.966+0100: 4,051: Total time for which application threads were stopped: 0,0003803 seconds, Stopping threads took: 0,0000230 seconds
2016-02-11T15:37:41.020+0100: 4,105: Total time for which application threads were stopped: 0,0002547 seconds, Stopping threads took: 0,0000431 seconds
2016-02-11T15:37:41.079+0100: 4,164: Total time for which application threads were stopped: 0,0003015 seconds, Stopping threads took: 0,0000764 seconds
2016-02-11T15:37:42.079+0100: 5,164: Total time for which application threads were stopped: 0,0001139 seconds, Stopping threads took: 0,0000337 seconds
2016-02-11T15:37:43.080+0100: 6,165: Total time for which application threads were stopped: 0,0000817 seconds, Stopping threads took: 0,0000237 seconds
2016-02-11T15:37:44.607+0100: 7,692: Total time for which application threads were stopped: 0,0000835 seconds, Stopping threads took: 0,0000202 seconds
 CMS: abort preclean due to time 2016-02-11T15:37:45.187+0100: 8,272: [CMS-concurrent-abortable-preclean: 1,937/6,097 secs] [Times: user=3,28 sys=0,04, real=6,10 secs] 
2016-02-11T15:37:45.188+0100: 8,273: [GC (CMS Final Remark) [YG occupancy: 64390 K (436928 K)]{Heap before GC invocations=1 (full 1):
 par new generation   total 436928K, used 64390K [0x0000000080000000, 0x00000000a0000000, 0x00000000a0000000)
  eden space 349568K,  13% used [0x0000000080000000, 0x0000000082cef550, 0x0000000095560000)
  from space 87360K,  21% used [0x000000009aab0000, 0x000000009bca2448, 0x00000000a0000000)
  to   space 87360K,   0% used [0x0000000095560000, 0x0000000095560000, 0x000000009aab0000)
 concurrent mark-sweep generation total 1572864K, used 0K [0x00000000a0000000, 0x0000000100000000, 0x0000000100000000)
 Metaspace       used 25705K, capacity 26110K, committed 26532K, reserved 1073152K
  class space    used 3057K, capacity 3203K, committed 3296K, reserved 1048576K
2016-02-11T15:37:45.188+0100: 8,273: [GC (CMS Final Remark) 2016-02-11T15:37:45.188+0100: 8,273: [ParNew
Desired survivor size 80510976 bytes, new threshold 8 (max 8)
- age   1:    3765320 bytes,    3765320 total
- age   2:    6965528 bytes,   10730848 total
: 64390K->16521K(436928K), 0,0149254 secs] 64390K->16521K(2009792K), 0,0150006 secs] [Times: user=0,05 sys=0,00, real=0,01 secs] 
Heap after GC invocations=2 (full 1):
 par new generation   total 436928K, used 16521K [0x0000000080000000, 0x00000000a0000000, 0x00000000a0000000)
  eden space 349568K,   0% used [0x0000000080000000, 0x0000000080000000, 0x0000000095560000)
  from space 87360K,  18% used [0x0000000095560000, 0x00000000965825e0, 0x000000009aab0000)
  to   space 87360K,   0% used [0x000000009aab0000, 0x000000009aab0000, 0x00000000a0000000)
 concurrent mark-sweep generation total 1572864K, used 0K [0x00000000a0000000, 0x0000000100000000, 0x0000000100000000)
 Metaspace       used 25705K, capacity 26110K, committed 26532K, reserved 1073152K
  class space    used 3057K, capacity 3203K, committed 3296K, reserved 1048576K
}
2016-02-11T15:37:45.203+0100: 8,288: [Rescan (parallel) , 0,0041931 secs]2016-02-11T15:37:45.207+0100: 8,292: [weak refs processing, 0,0003670 secs]2016-02-11T15:37:45.207+0100: 8,293: [class unloading, 0,0029975 secs]2016-02-11T15:37:45.210+0100: 8,296: [scrub symbol table, 0,0034369 secs]2016-02-11T15:37:45.214+0100: 8,299: [scrub string table, 0,0003902 secs][1 CMS-remark: 0K(1572864K)] 16521K(2009792K), 0,0273308 secs] [Times: user=0,07 sys=0,00, real=0,02 secs] 
2016-02-11T15:37:45.215+0100: 8,300: Total time for which application threads were stopped: 0,0274966 seconds, Stopping threads took: 0,0000369 seconds
2016-02-11T15:37:45.215+0100: 8,300: [CMS-concurrent-sweep-start]
2016-02-11T15:37:45.215+0100: 8,300: [CMS-concurrent-sweep: 0,000/0,000 secs] [Times: user=0,01 sys=0,00, real=0,00 secs] 
2016-02-11T15:37:45.215+0100: 8,300: [CMS-concurrent-reset-start]
2016-02-11T15:37:45.222+0100: 8,307: [CMS-concurrent-reset: 0,007/0,007 secs] [Times: user=0,00 sys=0,01, real=0,01 secs] 
2016-02-11T15:37:46.215+0100: 9,300: Total time for which application threads were stopped: 0,0001055 seconds, Stopping threads took: 0,0000256 seconds
2016-02-11T15:37:47.216+0100: 10,301: Total time for which application threads were stopped: 0,0002266 seconds, Stopping threads took: 0,0000510 seconds
2016-02-11T15:37:47.464+0100: 10,549: Total time for which application threads were stopped: 0,0001849 seconds, Stopping threads took: 0,0000698 seconds
2016-02-11T15:37:47.467+0100: 10,552: Total time for which application threads were stopped: 0,0001079 seconds, Stopping threads took: 0,0000266 seconds
2016-02-11T15:37:47.484+0100: 10,569: Total time for which application threads were stopped: 0,0003102 seconds, Stopping threads took: 0,0000199 seconds
2016-02-11T15:37:47.523+0100: 10,608: Total time for which application threads were stopped: 0,0001110 seconds, Stopping threads took: 0,0000345 seconds
2016-02-11T15:37:47.524+0100: 10,609: Total time for which application threads were stopped: 0,0000797 seconds, Stopping threads took: 0,0000155 seconds
2016-02-11T15:37:47.538+0100: 10,623: Total time for which application threads were stopped: 0,0001424 seconds, Stopping threads took: 0,0000335 seconds
2016-02-11T15:37:47.540+0100: 10,625: Total time for which application threads were stopped: 0,0001378 seconds, Stopping threads took: 0,0000511 seconds
2016-02-11T15:37:47.540+0100: 10,625: Total time for which application threads were stopped: 0,0001050 seconds, Stopping threads took: 0,0000344 seconds
2016-02-11T15:37:47.540+0100: 10,625: Total time for which application threads were stopped: 0,0000750 seconds, Stopping threads took: 0,0000247 seconds
2016-02-11T15:37:47.540+0100: 10,625: Total time for which application threads were stopped: 0,0000685 seconds, Stopping threads took: 0,0000213 seconds
2016-02-11T15:37:47.553+0100: 10,638: Total time for which application threads were stopped: 0,0001463 seconds, Stopping threads took: 0,0000460 seconds
2016-02-11T15:37:47.567+0100: 10,652: Total time for which application threads were stopped: 0,0001439 seconds, Stopping threads took: 0,0000284 seconds
2016-02-11T15:37:47.567+0100: 10,652: Total time for which application threads were stopped: 0,0000941 seconds, Stopping threads took: 0,0000154 seconds
2016-02-11T15:37:47.569+0100: 10,654: Total time for which application threads were stopped: 0,0001606 seconds, Stopping threads took: 0,0000585 seconds
2016-02-11T15:37:47.569+0100: 10,654: Total time for which application threads were stopped: 0,0000840 seconds, Stopping threads took: 0,0000259 seconds
2016-02-11T15:37:47.569+0100: 10,654: Total time for which application threads were stopped: 0,0000523 seconds, Stopping threads took: 0,0000079 seconds
2016-02-11T15:37:47.569+0100: 10,654: Total time for which application threads were stopped: 0,0000483 seconds, Stopping threads took: 0,0000068 seconds
2016-02-11T15:37:47.569+0100: 10,654: Total time for which application threads were stopped: 0,0000473 seconds, Stopping threads took: 0,0000066 seconds
2016-02-11T15:37:47.570+0100: 10,655: Total time for which application threads were stopped: 0,0000465 seconds, Stopping threads took: 0,0000063 seconds
2016-02-11T15:37:47.573+0100: 10,658: Total time for which application threads were stopped: 0,0001007 seconds, Stopping threads took: 0,0000237 seconds
2016-02-11T15:37:47.573+0100: 10,658: Total time for which application threads were stopped: 0,0000784 seconds, Stopping threads took: 0,0000250 seconds
2016-02-11T15:37:47.583+0100: 10,668: Total time for which application threads were stopped: 0,0001466 seconds, Stopping threads took: 0,0000321 seconds
2016-02-11T15:37:47.585+0100: 10,670: Total time for which application threads were stopped: 0,0000956 seconds, Stopping threads took: 0,0000200 seconds
2016-02-11T15:37:47.586+0100: 10,671: Total time for which application threads were stopped: 0,0001774 seconds, Stopping threads took: 0,0001162 seconds
2016-02-11T15:37:47.586+0100: 10,671: Total time for which application threads were stopped: 0,0000722 seconds, Stopping threads took: 0,0000128 seconds
2016-02-11T15:37:47.589+0100: 10,674: Total time for which application threads were stopped: 0,0004133 seconds, Stopping threads took: 0,0003351 seconds
2016-02-11T15:37:47.590+0100: 10,675: Total time for which application threads were stopped: 0,0003465 seconds, Stopping threads took: 0,0002914 seconds
2016-02-11T15:37:47.596+0100: 10,681: Total time for which application threads were stopped: 0,0001429 seconds, Stopping threads took: 0,0000243 seconds
2016-02-11T15:37:47.597+0100: 10,682: Total time for which application threads were stopped: 0,0000993 seconds, Stopping threads took: 0,0000180 seconds
2016-02-11T15:37:47.597+0100: 10,682: Total time for which application threads were stopped: 0,0002717 seconds, Stopping threads took: 0,0000452 seconds
2016-02-11T15:37:47.602+0100: 10,687: Total time for which application threads were stopped: 0,0001699 seconds, Stopping threads took: 0,0000274 seconds
2016-02-11T15:37:47.603+0100: 10,688: Total time for which application threads were stopped: 0,0001472 seconds, Stopping threads took: 0,0000172 seconds
2016-02-11T15:37:47.605+0100: 10,690: Total time for which application threads were stopped: 0,0001285 seconds, Stopping threads took: 0,0000242 seconds
2016-02-11T15:37:47.606+0100: 10,691: Total time for which application threads were stopped: 0,0001438 seconds, Stopping threads took: 0,0000606 seconds
2016-02-11T15:37:47.606+0100: 10,691: Total time for which application threads were stopped: 0,0001046 seconds, Stopping threads took: 0,0000243 seconds
2016-02-11T15:37:47.607+0100: 10,692: Total time for which application threads were stopped: 0,0001159 seconds, Stopping threads took: 0,0000343 seconds
2016-02-11T15:37:47.611+0100: 10,696: Total time for which application threads were stopped: 0,0011074 seconds, Stopping threads took: 0,0010040 seconds
2016-02-11T15:37:47.612+0100: 10,697: Total time for which application threads were stopped: 0,0000979 seconds, Stopping threads took: 0,0000321 seconds
2016-02-11T15:37:47.615+0100: 10,700: Total time for which application threads were stopped: 0,0001503 seconds, Stopping threads took: 0,0000279 seconds
2016-02-11T15:37:47.615+0100: 10,700: Total time for which application threads were stopped: 0,0001285 seconds, Stopping threads took: 0,0000195 seconds
2016-02-11T15:37:47.615+0100: 10,700: Total time for which application threads were stopped: 0,0001204 seconds, Stopping threads took: 0,0000204 seconds
2016-02-11T15:37:47.617+0100: 10,702: Total time for which application threads were stopped: 0,0001385 seconds, Stopping threads took: 0,0000298 seconds
2016-02-11T15:37:47.617+0100: 10,702: Total time for which application threads were stopped: 0,0001080 seconds, Stopping threads took: 0,0000237 seconds
2016-02-11T15:37:47.618+0100: 10,703: Total time for which application threads were stopped: 0,0000973 seconds, Stopping threads took: 0,0000314 seconds
2016-02-11T15:37:47.618+0100: 10,703: Total time for which application threads were stopped: 0,0001315 seconds, Stopping threads took: 0,0000692 seconds
2016-02-11T15:37:47.619+0100: 10,704: Total time for which application threads were stopped: 0,0001571 seconds, Stopping threads took: 0,0000507 seconds
2016-02-11T15:37:47.621+0100: 10,706: Total time for which application threads were stopped: 0,0001319 seconds, Stopping threads took: 0,0000488 seconds
2016-02-11T15:37:47.622+0100: 10,707: Total time for which application threads were stopped: 0,0001892 seconds, Stopping threads took: 0,0001285 seconds
2016-02-11T15:37:47.622+0100: 10,707: Total time for which application threads were stopped: 0,0000867 seconds, Stopping threads took: 0,0000371 seconds
2016-02-11T15:37:47.629+0100: 10,714: Total time for which application threads were stopped: 0,0004090 seconds, Stopping threads took: 0,0000473 seconds
2016-02-11T15:37:47.725+0100: 10,810: Total time for which application threads were stopped: 0,0001662 seconds, Stopping threads took: 0,0000276 seconds
2016-02-11T15:37:47.726+0100: 10,811: Total time for which application threads were stopped: 0,0001239 seconds, Stopping threads took: 0,0000392 seconds
2016-02-11T15:37:47.726+0100: 10,811: Total time for which application threads were stopped: 0,0001043 seconds, Stopping threads took: 0,0000144 seconds
2016-02-11T15:37:47.856+0100: 10,941: Total time for which application threads were stopped: 0,0011590 seconds, Stopping threads took: 0,0007344 seconds
2016-02-11T15:37:48.111+0100: 11,197: Total time for which application threads were stopped: 0,0001907 seconds, Stopping threads took: 0,0000280 seconds
2016-02-11T15:37:48.252+0100: 11,337: Total time for which application threads were stopped: 0,0001980 seconds, Stopping threads took: 0,0000345 seconds
2016-02-11T15:37:48.450+0100: 11,535: Total time for which application threads were stopped: 0,0001985 seconds, Stopping threads took: 0,0000306 seconds
2016-02-11T15:37:49.422+0100: 12,507: Total time for which application threads were stopped: 0,0002090 seconds, Stopping threads took: 0,0000313 seconds
{Heap before GC invocations=2 (full 1):
 par new generation   total 436928K, used 366089K [0x0000000080000000, 0x00000000a0000000, 0x00000000a0000000)
  eden space 349568K, 100% used [0x0000000080000000, 0x0000000095560000, 0x0000000095560000)
  from space 87360K,  18% used [0x0000000095560000, 0x00000000965825e0, 0x000000009aab0000)
  to   space 87360K,   0% used [0x000000009aab0000, 0x000000009aab0000, 0x00000000a0000000)
 concurrent mark-sweep generation total 1572864K, used 0K [0x00000000a0000000, 0x0000000100000000, 0x0000000100000000)
 Metaspace       used 31527K, capacity 31886K, committed 32164K, reserved 1077248K
  class space    used 3847K, capacity 3975K, committed 4064K, reserved 1048576K
2016-02-11T15:37:49.472+0100: 12,557: [GC (Allocation Failure) 2016-02-11T15:37:49.472+0100: 12,557: [ParNew
Desired survivor size 80510976 bytes, new threshold 8 (max 8)
- age   1:   23886272 bytes,   23886272 total
- age   2:    2125560 bytes,   26011832 total
- age   3:    6920208 bytes,   32932040 total
: 366089K->34926K(436928K), 0,0323076 secs] 366089K->34926K(2009792K), 0,0324006 secs] [Times: user=0,18 sys=0,00, real=0,03 secs] 
Heap after GC invocations=3 (full 1):
 par new generation   total 436928K, used 34926K [0x0000000080000000, 0x00000000a0000000, 0x00000000a0000000)
  eden space 349568K,   0% used [0x0000000080000000, 0x0000000080000000, 0x0000000095560000)
  from space 87360K,  39% used [0x000000009aab0000, 0x000000009cccb950, 0x00000000a0000000)
  to   space 87360K,   0% used [0x0000000095560000, 0x0000000095560000, 0x000000009aab0000)
 concurrent mark-sweep generation total 1572864K, used 0K [0x00000000a0000000, 0x0000000100000000, 0x0000000100000000)
 Metaspace       used 31527K, capacity 31886K, committed 32164K, reserved 1077248K
  class space    used 3847K, capacity 3975K, committed 4064K, reserved 1048576K
}
2016-02-11T15:37:49.504+0100: 12,589: Total time for which application threads were stopped: 0,0326123 seconds, Stopping threads took: 0,0000328 seconds
2016-02-11T15:37:49.689+0100: 12,774: Total time for which application threads were stopped: 0,0001457 seconds, Stopping threads took: 0,0000301 seconds
2016-02-11T15:37:49.691+0100: 12,776: Total time for which application threads were stopped: 0,0001297 seconds, Stopping threads took: 0,0000362 seconds
2016-02-11T15:37:52.866+0100: 15,951: Total time for which application threads were stopped: 0,0005836 seconds, Stopping threads took: 0,0000357 seconds
2016-02-11T15:37:52.970+0100: 16,055: Total time for which application threads were stopped: 0,0002310 seconds, Stopping threads took: 0,0000293 seconds
2016-02-11T15:37:52.971+0100: 16,056: Total time for which application threads were stopped: 0,0001252 seconds, Stopping threads took: 0,0000631 seconds
2016-02-11T15:37:52.972+0100: 16,057: Total time for which application threads were stopped: 0,0003746 seconds, Stopping threads took: 0,0000162 seconds
2016-02-11T15:37:53.141+0100: 16,226: Total time for which application threads were stopped: 0,0001355 seconds, Stopping threads took: 0,0000261 seconds
2016-02-11T15:37:53.329+0100: 16,414: Total time for which application threads were stopped: 0,0001540 seconds, Stopping threads took: 0,0000364 seconds
2016-02-11T15:37:53.401+0100: 16,486: Total time for which application threads were stopped: 0,0005192 seconds, Stopping threads took: 0,0000264 seconds
2016-02-11T15:37:54.401+0100: 17,486: Total time for which application threads were stopped: 0,0001166 seconds, Stopping threads took: 0,0000282 seconds
2016-02-11T15:37:55.639+0100: 18,724: Total time for which application threads were stopped: 0,0001329 seconds, Stopping threads took: 0,0000488 seconds
2016-02-11T15:37:55.639+0100: 18,724: Total time for which application threads were stopped: 0,0001252 seconds, Stopping threads took: 0,0000599 seconds
2016-02-11T15:37:55.639+0100: 18,724: Total time for which application threads were stopped: 0,0001341 seconds, Stopping threads took: 0,0000542 seconds
2016-02-11T15:37:55.639+0100: 18,724: Total time for which application threads were stopped: 0,0001891 seconds, Stopping threads took: 0,0000161 seconds
2016-02-11T15:37:55.640+0100: 18,725: Total time for which application threads were stopped: 0,0003224 seconds, Stopping threads took: 0,0002673 seconds
2016-02-11T15:37:55.640+0100: 18,725: Total time for which application threads were stopped: 0,0000917 seconds, Stopping threads took: 0,0000402 seconds
2016-02-11T15:37:55.640+0100: 18,725: Total time for which application threads were stopped: 0,0000855 seconds, Stopping threads took: 0,0000385 seconds
2016-02-11T15:37:55.640+0100: 18,725: Total time for which application threads were stopped: 0,0000695 seconds, Stopping threads took: 0,0000239 seconds
2016-02-11T15:37:55.640+0100: 18,725: Total time for which application threads were stopped: 0,0000564 seconds, Stopping threads took: 0,0000185 seconds
2016-02-11T15:37:55.644+0100: 18,729: Total time for which application threads were stopped: 0,0001109 seconds, Stopping threads took: 0,0000261 seconds
2016-02-11T15:37:55.867+0100: 18,952: Total time for which application threads were stopped: 0,0001195 seconds, Stopping threads took: 0,0000304 seconds
2016-02-11T15:37:55.867+0100: 18,952: Total time for which application threads were stopped: 0,0000827 seconds, Stopping threads took: 0,0000103 seconds
2016-02-11T15:37:55.871+0100: 18,956: Total time for which application threads were stopped: 0,0000868 seconds, Stopping threads took: 0,0000211 seconds
2016-02-11T15:37:55.896+0100: 18,981: Total time for which application threads were stopped: 0,0003834 seconds, Stopping threads took: 0,0000178 seconds
2016-02-11T15:37:55.897+0100: 18,982: Total time for which application threads were stopped: 0,0001848 seconds, Stopping threads took: 0,0000138 seconds
2016-02-11T15:37:55.898+0100: 18,983: Total time for which application threads were stopped: 0,0001190 seconds, Stopping threads took: 0,0000497 seconds
2016-02-11T15:37:55.898+0100: 18,983: Total time for which application threads were stopped: 0,0000412 seconds, Stopping threads took: 0,0000084 seconds
2016-02-11T15:37:55.898+0100: 18,983: Total time for which application threads were stopped: 0,0000412 seconds, Stopping threads took: 0,0000107 seconds
2016-02-11T15:37:55.898+0100: 18,983: Total time for which application threads were stopped: 0,0000380 seconds, Stopping threads took: 0,0000063 seconds
2016-02-11T15:37:55.898+0100: 18,983: Total time for which application threads were stopped: 0,0000866 seconds, Stopping threads took: 0,0000374 seconds
2016-02-11T15:37:55.899+0100: 18,984: Total time for which application threads were stopped: 0,0000987 seconds, Stopping threads took: 0,0000316 seconds
2016-02-11T15:37:55.899+0100: 18,984: Total time for which application threads were stopped: 0,0000610 seconds, Stopping threads took: 0,0000215 seconds
2016-02-11T15:37:55.900+0100: 18,985: Total time for which application threads were stopped: 0,0000553 seconds, Stopping threads took: 0,0000188 seconds
2016-02-11T15:37:55.900+0100: 18,985: Total time for which application threads were stopped: 0,0000528 seconds, Stopping threads took: 0,0000149 seconds
2016-02-11T15:37:55.900+0100: 18,985: Total time for which application threads were stopped: 0,0000498 seconds, Stopping threads took: 0,0000134 seconds
2016-02-11T15:37:55.919+0100: 19,004: Total time for which application threads were stopped: 0,0001218 seconds, Stopping threads took: 0,0000256 seconds
2016-02-11T15:37:55.920+0100: 19,005: Total time for which application threads were stopped: 0,0000711 seconds, Stopping threads took: 0,0000252 seconds
2016-02-11T15:37:55.920+0100: 19,005: Total time for which application threads were stopped: 0,0001139 seconds, Stopping threads took: 0,0000424 seconds
2016-02-11T15:37:55.922+0100: 19,007: Total time for which application threads were stopped: 0,0005287 seconds, Stopping threads took: 0,0001114 seconds
2016-02-11T15:37:55.939+0100: 19,024: Total time for which application threads were stopped: 0,0001789 seconds, Stopping threads took: 0,0000326 seconds
2016-02-11T15:37:55.939+0100: 19,024: Total time for which application threads were stopped: 0,0001050 seconds, Stopping threads took: 0,0000282 seconds
2016-02-11T15:37:55.941+0100: 19,026: Total time for which application threads were stopped: 0,0001365 seconds, Stopping threads took: 0,0000284 seconds
2016-02-11T15:37:55.945+0100: 19,030: Total time for which application threads were stopped: 0,0001515 seconds, Stopping threads took: 0,0000579 seconds
2016-02-11T15:37:55.949+0100: 19,034: Total time for which application threads were stopped: 0,0005907 seconds, Stopping threads took: 0,0004931 seconds
2016-02-11T15:37:55.949+0100: 19,034: Total time for which application threads were stopped: 0,0000597 seconds, Stopping threads took: 0,0000105 seconds
2016-02-11T15:37:55.949+0100: 19,034: Total time for which application threads were stopped: 0,0000801 seconds, Stopping threads took: 0,0000252 seconds
2016-02-11T15:37:55.949+0100: 19,034: Total time for which application threads were stopped: 0,0001085 seconds, Stopping threads took: 0,0000395 seconds
2016-02-11T15:37:55.949+0100: 19,034: Total time for which application threads were stopped: 0,0002396 seconds, Stopping threads took: 0,0000281 seconds
2016-02-11T15:37:55.950+0100: 19,035: Total time for which application threads were stopped: 0,0001248 seconds, Stopping threads took: 0,0000403 seconds
2016-02-11T15:37:55.950+0100: 19,035: Total time for which application threads were stopped: 0,0000819 seconds, Stopping threads took: 0,0000132 seconds
2016-02-11T15:37:55.953+0100: 19,038: Total time for which application threads were stopped: 0,0001279 seconds, Stopping threads took: 0,0000406 seconds
2016-02-11T15:37:55.953+0100: 19,038: Total time for which application threads were stopped: 0,0000536 seconds, Stopping threads took: 0,0000091 seconds
2016-02-11T15:37:56.954+0100: 20,039: Total time for which application threads were stopped: 0,0001788 seconds, Stopping threads took: 0,0000517 seconds
2016-02-11T15:38:00.634+0100: 23,719: Total time for which application threads were stopped: 0,0001127 seconds, Stopping threads took: 0,0000360 seconds
2016-02-11T15:38:00.634+0100: 23,719: Total time for which application threads were stopped: 0,0000559 seconds, Stopping threads took: 0,0000214 seconds
2016-02-11T15:38:00.636+0100: 23,721: Total time for which application threads were stopped: 0,0001418 seconds, Stopping threads took: 0,0000549 seconds
2016-02-11T15:38:00.636+0100: 23,721: Total time for which application threads were stopped: 0,0000582 seconds, Stopping threads took: 0,0000104 seconds
2016-02-11T15:38:00.655+0100: 23,740: Total time for which application threads were stopped: 0,0001795 seconds, Stopping threads took: 0,0000671 seconds
2016-02-11T15:38:00.671+0100: 23,756: Total time for which application threads were stopped: 0,0001430 seconds, Stopping threads took: 0,0000384 seconds
2016-02-11T15:38:00.672+0100: 23,757: Total time for which application threads were stopped: 0,0001233 seconds, Stopping threads took: 0,0000336 seconds
2016-02-11T15:38:00.672+0100: 23,757: Total time for which application threads were stopped: 0,0000694 seconds, Stopping threads took: 0,0000122 seconds
2016-02-11T15:38:00.674+0100: 23,759: Total time for which application threads were stopped: 0,0002147 seconds, Stopping threads took: 0,0001073 seconds
2016-02-11T15:38:00.674+0100: 23,759: Total time for which application threads were stopped: 0,0001323 seconds, Stopping threads took: 0,0000296 seconds
2016-02-11T15:38:01.439+0100: 24,524: Total time for which application threads were stopped: 0,0001125 seconds, Stopping threads took: 0,0000227 seconds
2016-02-11T15:38:01.439+0100: 24,524: Total time for which application threads were stopped: 0,0000509 seconds, Stopping threads took: 0,0000113 seconds
2016-02-11T15:38:01.441+0100: 24,526: Total time for which application threads were stopped: 0,0000982 seconds, Stopping threads took: 0,0000219 seconds
2016-02-11T15:38:01.441+0100: 24,526: Total time for which application threads were stopped: 0,0000487 seconds, Stopping threads took: 0,0000083 seconds
2016-02-11T15:38:01.480+0100: 24,565: Total time for which application threads were stopped: 0,0001321 seconds, Stopping threads took: 0,0000427 seconds
2016-02-11T15:38:01.480+0100: 24,565: Total time for which application threads were stopped: 0,0000659 seconds, Stopping threads took: 0,0000221 seconds
2016-02-11T15:38:01.480+0100: 24,565: Total time for which application threads were stopped: 0,0000539 seconds, Stopping threads took: 0,0000120 seconds
2016-02-11T15:38:02.864+0100: 25,949: Total time for which application threads were stopped: 0,0001913 seconds, Stopping threads took: 0,0000498 seconds
2016-02-11T15:38:03.265+0100: 26,350: Total time for which application threads were stopped: 0,0002076 seconds, Stopping threads took: 0,0000529 seconds
2016-02-11T15:38:03.266+0100: 26,351: Total time for which application threads were stopped: 0,0001806 seconds, Stopping threads took: 0,0000459 seconds
2016-02-11T15:38:03.266+0100: 26,351: Total time for which application threads were stopped: 0,0001105 seconds, Stopping threads took: 0,0000242 seconds
2016-02-11T15:38:03.267+0100: 26,352: Total time for which application threads were stopped: 0,0001332 seconds, Stopping threads took: 0,0000588 seconds
2016-02-11T15:38:04.267+0100: 27,352: Total time for which application threads were stopped: 0,0001248 seconds, Stopping threads took: 0,0000388 seconds
2016-02-11T15:38:11.268+0100: 34,353: Total time for which application threads were stopped: 0,0001911 seconds, Stopping threads took: 0,0000540 seconds
2016-02-11T15:38:19.269+0100: 42,354: Total time for which application threads were stopped: 0,0001919 seconds, Stopping threads took: 0,0000605 seconds
2016-02-11T15:38:25.270+0100: 48,355: Total time for which application threads were stopped: 0,0001905 seconds, Stopping threads took: 0,0000527 seconds
2016-02-11T15:38:41.272+0100: 64,357: Total time for which application threads were stopped: 0,0001809 seconds, Stopping threads took: 0,0000514 seconds
2016-02-11T15:38:53.273+0100: 76,358: Total time for which application threads were stopped: 0,0001809 seconds, Stopping threads took: 0,0000500 seconds
2016-02-11T15:39:01.481+0100: 84,566: Total time for which application threads were stopped: 0,0002708 seconds, Stopping threads took: 0,0001314 seconds
2016-02-11T15:39:01.481+0100: 84,566: Total time for which application threads were stopped: 0,0002126 seconds, Stopping threads took: 0,0000880 seconds
2016-02-11T15:39:11.482+0100: 94,567: Total time for which application threads were stopped: 0,0002512 seconds, Stopping threads took: 0,0001390 seconds
2016-02-11T15:39:12.483+0100: 95,568: Total time for which application threads were stopped: 0,0001472 seconds, Stopping threads took: 0,0000400 seconds
2016-02-11T15:39:24.323+0100: 107,408: Total time for which application threads were stopped: 0,0001377 seconds, Stopping threads took: 0,0000266 seconds
2016-02-11T15:39:24.365+0100: 107,450: Total time for which application threads were stopped: 0,0000948 seconds, Stopping threads took: 0,0000232 seconds
2016-02-11T15:39:24.391+0100: 107,476: Total time for which application threads were stopped: 0,0001059 seconds, Stopping threads took: 0,0000242 seconds
2016-02-11T15:39:25.391+0100: 108,476: Total time for which application threads were stopped: 0,0001807 seconds, Stopping threads took: 0,0000465 seconds
2016-02-11T15:40:03.058+0100: 146,143: Total time for which application threads were stopped: 0,0002826 seconds, Stopping threads took: 0,0001277 seconds
2016-02-11T15:40:03.086+0100: 146,171: Total time for which application threads were stopped: 0,0001431 seconds, Stopping threads took: 0,0000322 seconds
2016-02-11T15:40:03.137+0100: 146,222: Total time for which application threads were stopped: 0,0001540 seconds, Stopping threads took: 0,0000332 seconds
2016-02-11T15:40:03.151+0100: 146,237: Total time for which application threads were stopped: 0,0001128 seconds, Stopping threads took: 0,0000245 seconds
2016-02-11T15:40:03.152+0100: 146,237: Total time for which application threads were stopped: 0,0001270 seconds, Stopping threads took: 0,0000273 seconds
2016-02-11T15:40:03.152+0100: 146,237: Total time for which application threads were stopped: 0,0001196 seconds, Stopping threads took: 0,0000260 seconds
2016-02-11T15:40:03.152+0100: 146,237: Total time for which application threads were stopped: 0,0001179 seconds, Stopping threads took: 0,0000254 seconds
2016-02-11T15:40:03.153+0100: 146,238: Total time for which application threads were stopped: 0,0001309 seconds, Stopping threads took: 0,0000500 seconds
2016-02-11T15:40:03.153+0100: 146,238: Total time for which application threads were stopped: 0,0001924 seconds, Stopping threads took: 0,0000739 seconds
2016-02-11T15:40:03.153+0100: 146,238: Total time for which application threads were stopped: 0,0001197 seconds, Stopping threads took: 0,0000579 seconds
2016-02-11T15:40:03.153+0100: 146,238: Total time for which application threads were stopped: 0,0000881 seconds, Stopping threads took: 0,0000274 seconds
2016-02-11T15:40:03.154+0100: 146,239: Total time for which application threads were stopped: 0,0001044 seconds, Stopping threads took: 0,0000165 seconds
2016-02-11T15:40:03.154+0100: 146,239: Total time for which application threads were stopped: 0,0001384 seconds, Stopping threads took: 0,0000667 seconds
2016-02-11T15:40:03.186+0100: 146,271: Total time for which application threads were stopped: 0,0002845 seconds, Stopping threads took: 0,0001338 seconds
2016-02-11T15:40:03.186+0100: 146,271: Total time for which application threads were stopped: 0,0002377 seconds, Stopping threads took: 0,0001203 seconds
2016-02-11T15:40:03.186+0100: 146,272: Total time for which application threads were stopped: 0,0001666 seconds, Stopping threads took: 0,0000693 seconds
2016-02-11T15:40:03.187+0100: 146,272: Total time for which application threads were stopped: 0,0001143 seconds, Stopping threads took: 0,0000289 seconds
2016-02-11T15:40:03.187+0100: 146,272: Total time for which application threads were stopped: 0,0001339 seconds, Stopping threads took: 0,0000306 seconds
2016-02-11T15:40:03.187+0100: 146,273: Total time for which application threads were stopped: 0,0001413 seconds, Stopping threads took: 0,0000472 seconds
2016-02-11T15:40:03.188+0100: 146,273: Total time for which application threads were stopped: 0,0001441 seconds, Stopping threads took: 0,0000511 seconds
2016-02-11T15:40:03.188+0100: 146,273: Total time for which application threads were stopped: 0,0001425 seconds, Stopping threads took: 0,0000509 seconds
2016-02-11T15:40:03.188+0100: 146,273: Total time for which application threads were stopped: 0,0001161 seconds, Stopping threads took: 0,0000334 seconds
2016-02-11T15:40:03.189+0100: 146,274: Total time for which application threads were stopped: 0,0001183 seconds, Stopping threads took: 0,0000297 seconds
2016-02-11T15:40:03.189+0100: 146,274: Total time for which application threads were stopped: 0,0001024 seconds, Stopping threads took: 0,0000157 seconds
2016-02-11T15:40:03.189+0100: 146,274: Total time for which application threads were stopped: 0,0001141 seconds, Stopping threads took: 0,0000376 seconds
2016-02-11T15:40:03.189+0100: 146,274: Total time for which application threads were stopped: 0,0001470 seconds, Stopping threads took: 0,0000586 seconds
2016-02-11T15:40:03.190+0100: 146,275: Total time for which application threads were stopped: 0,0000708 seconds, Stopping threads took: 0,0000152 seconds
2016-02-11T15:40:03.190+0100: 146,275: Total time for which application threads were stopped: 0,0000964 seconds, Stopping threads took: 0,0000370 seconds
2016-02-11T15:40:03.190+0100: 146,275: Total time for which application threads were stopped: 0,0001003 seconds, Stopping threads took: 0,0000385 seconds
2016-02-11T15:40:03.190+0100: 146,275: Total time for which application threads were stopped: 0,0000966 seconds, Stopping threads took: 0,0000244 seconds
2016-02-11T15:40:03.190+0100: 146,275: Total time for which application threads were stopped: 0,0000868 seconds, Stopping threads took: 0,0000184 seconds
2016-02-11T15:40:03.190+0100: 146,275: Total time for which application threads were stopped: 0,0000822 seconds, Stopping threads took: 0,0000149 seconds
2016-02-11T15:40:03.190+0100: 146,276: Total time for which application threads were stopped: 0,0000870 seconds, Stopping threads took: 0,0000185 seconds
2016-02-11T15:40:03.212+0100: 146,298: Total time for which application threads were stopped: 0,0002104 seconds, Stopping threads took: 0,0000701 seconds
2016-02-11T15:40:03.294+0100: 146,379: Total time for which application threads were stopped: 0,0001264 seconds, Stopping threads took: 0,0000206 seconds
2016-02-11T15:40:03.338+0100: 146,423: Total time for which application threads were stopped: 0,0001254 seconds, Stopping threads took: 0,0000273 seconds
2016-02-11T15:40:03.381+0100: 146,466: Total time for which application threads were stopped: 0,0001782 seconds, Stopping threads took: 0,0000231 seconds
2016-02-11T15:40:03.381+0100: 146,466: Total time for which application threads were stopped: 0,0000846 seconds, Stopping threads took: 0,0000177 seconds
2016-02-11T15:40:03.381+0100: 146,466: Total time for which application threads were stopped: 0,0000578 seconds, Stopping threads took: 0,0000105 seconds
2016-02-11T15:40:03.432+0100: 146,518: Total time for which application threads were stopped: 0,0004204 seconds, Stopping threads took: 0,0000195 seconds
2016-02-11T15:40:03.444+0100: 146,529: Total time for which application threads were stopped: 0,0004178 seconds, Stopping threads took: 0,0000330 seconds
2016-02-11T15:40:03.450+0100: 146,535: Total time for which application threads were stopped: 0,0000944 seconds, Stopping threads took: 0,0000292 seconds
2016-02-11T15:40:03.531+0100: 146,616: Total time for which application threads were stopped: 0,0004452 seconds, Stopping threads took: 0,0000346 seconds
2016-02-11T15:40:03.677+0100: 146,762: Total time for which application threads were stopped: 0,0001760 seconds, Stopping threads took: 0,0000427 seconds
2016-02-11T15:40:03.680+0100: 146,765: Total time for which application threads were stopped: 0,0001340 seconds, Stopping threads took: 0,0000296 seconds
2016-02-11T15:40:03.680+0100: 146,765: Total time for which application threads were stopped: 0,0000835 seconds, Stopping threads took: 0,0000157 seconds
2016-02-11T15:40:03.693+0100: 146,778: Total time for which application threads were stopped: 0,0001635 seconds, Stopping threads took: 0,0000476 seconds
2016-02-11T15:40:03.693+0100: 146,778: Total time for which application threads were stopped: 0,0000767 seconds, Stopping threads took: 0,0000167 seconds
{Heap before GC invocations=3 (full 1):
 par new generation   total 436928K, used 384494K [0x0000000080000000, 0x00000000a0000000, 0x00000000a0000000)
  eden space 349568K, 100% used [0x0000000080000000, 0x0000000095560000, 0x0000000095560000)
  from space 87360K,  39% used [0x000000009aab0000, 0x000000009cccb950, 0x00000000a0000000)
  to   space 87360K,   0% used [0x0000000095560000, 0x0000000095560000, 0x000000009aab0000)
 concurrent mark-sweep generation total 1572864K, used 0K [0x00000000a0000000, 0x0000000100000000, 0x0000000100000000)
 Metaspace       used 37419K, capacity 37876K, committed 38180K, reserved 1083392K
  class space    used 4514K, capacity 4662K, committed 4704K, reserved 1048576K
2016-02-11T15:40:04.374+0100: 147,459: [GC (Allocation Failure) 2016-02-11T15:40:04.374+0100: 147,459: [ParNew
Desired survivor size 80510976 bytes, new threshold 8 (max 8)
- age   1:    9695064 bytes,    9695064 total
- age   2:    4046560 bytes,   13741624 total
- age   3:    2115848 bytes,   15857472 total
- age   4:    6901656 bytes,   22759128 total
: 384494K->38162K(436928K), 0,0141638 secs] 384494K->38162K(2009792K), 0,0142576 secs] [Times: user=0,04 sys=0,01, real=0,02 secs] 
Heap after GC invocations=4 (full 1):
 par new generation   total 436928K, used 38162K [0x0000000080000000, 0x00000000a0000000, 0x00000000a0000000)
  eden space 349568K,   0% used [0x0000000080000000, 0x0000000080000000, 0x0000000095560000)
  from space 87360K,  43% used [0x0000000095560000, 0x0000000097aa4900, 0x000000009aab0000)
  to   space 87360K,   0% used [0x000000009aab0000, 0x000000009aab0000, 0x00000000a0000000)
 concurrent mark-sweep generation total 1572864K, used 0K [0x00000000a0000000, 0x0000000100000000, 0x0000000100000000)
 Metaspace       used 37419K, capacity 37876K, committed 38180K, reserved 1083392K
  class space    used 4514K, capacity 4662K, committed 4704K, reserved 1048576K
}
2016-02-11T15:40:04.388+0100: 147,473: Total time for which application threads were stopped: 0,0145252 seconds, Stopping threads took: 0,0000231 seconds
2016-02-11T15:40:05.388+0100: 148,473: Total time for which application threads were stopped: 0,0001975 seconds, Stopping threads took: 0,0000435 seconds
2016-02-11T15:40:08.389+0100: 151,474: Total time for which application threads were stopped: 0,0001725 seconds, Stopping threads took: 0,0000694 seconds
2016-02-11T15:40:17.259+0100: 160,344: Total time for which application threads were stopped: 0,0001500 seconds, Stopping threads took: 0,0000353 seconds
2016-02-11T15:40:17.261+0100: 160,346: Total time for which application threads were stopped: 0,0001472 seconds, Stopping threads took: 0,0000386 seconds
2016-02-11T15:40:25.261+0100: 168,347: Total time for which application threads were stopped: 0,0001988 seconds, Stopping threads took: 0,0000569 seconds
2016-02-11T15:40:25.899+0100: 168,984: Total time for which application threads were stopped: 0,0002009 seconds, Stopping threads took: 0,0000515 seconds
2016-02-11T15:40:26.899+0100: 169,984: Total time for which application threads were stopped: 0,0001489 seconds, Stopping threads took: 0,0000463 seconds
2016-02-11T15:40:50.901+0100: 193,986: Total time for which application threads were stopped: 0,0001936 seconds, Stopping threads took: 0,0000525 seconds
2016-02-11T15:41:02.903+0100: 205,988: Total time for which application threads were stopped: 0,0001543 seconds, Stopping threads took: 0,0000414 seconds
2016-02-11T15:42:08.910+0100: 271,995: Total time for which application threads were stopped: 0,0001721 seconds, Stopping threads took: 0,0000452 seconds
2016-02-11T15:42:21.039+0100: 284,124: Total time for which application threads were stopped: 0,0001841 seconds, Stopping threads took: 0,0000421 seconds
2016-02-11T15:42:21.041+0100: 284,126: Total time for which application threads were stopped: 0,0002020 seconds, Stopping threads took: 0,0000543 seconds
2016-02-11T15:42:21.041+0100: 284,126: Total time for which application threads were stopped: 0,0001415 seconds, Stopping threads took: 0,0000318 seconds
2016-02-11T15:42:22.042+0100: 285,127: Total time for which application threads were stopped: 0,0001787 seconds, Stopping threads took: 0,0000455 seconds
2016-02-11T15:42:23.042+0100: 286,127: Total time for which application threads were stopped: 0,0001937 seconds, Stopping threads took: 0,0000523 seconds
2016-02-11T15:42:30.043+0100: 293,128: Total time for which application threads were stopped: 0,0001353 seconds, Stopping threads took: 0,0000316 seconds
2016-02-11T15:42:41.044+0100: 304,129: Total time for which application threads were stopped: 0,0001324 seconds, Stopping threads took: 0,0000387 seconds
2016-02-11T15:42:43.044+0100: 306,129: Total time for which application threads were stopped: 0,0001881 seconds, Stopping threads took: 0,0000521 seconds
2016-02-11T15:42:45.045+0100: 308,130: Total time for which application threads were stopped: 0,0001460 seconds, Stopping threads took: 0,0000405 seconds
2016-02-11T15:42:47.045+0100: 310,130: Total time for which application threads were stopped: 0,0001428 seconds, Stopping threads took: 0,0000328 seconds
2016-02-11T15:42:57.046+0100: 320,131: Total time for which application threads were stopped: 0,0002676 seconds, Stopping threads took: 0,0000657 seconds
2016-02-11T15:42:59.064+0100: 322,149: Total time for which application threads were stopped: 0,0002685 seconds, Stopping threads took: 0,0000596 seconds
2016-02-11T15:43:23.542+0100: 346,627: Total time for which application threads were stopped: 0,0001382 seconds, Stopping threads took: 0,0000324 seconds
2016-02-11T15:43:23.543+0100: 346,628: Total time for which application threads were stopped: 0,0001561 seconds, Stopping threads took: 0,0000589 seconds
2016-02-11T15:43:27.552+0100: 350,637: Total time for which application threads were stopped: 0,0002661 seconds, Stopping threads took: 0,0001322 seconds
2016-02-11T15:43:31.263+0100: 354,348: Total time for which application threads were stopped: 0,0002163 seconds, Stopping threads took: 0,0000750 seconds
2016-02-11T15:44:01.266+0100: 384,351: Total time for which application threads were stopped: 0,0001908 seconds, Stopping threads took: 0,0000512 seconds
2016-02-11T15:44:02.669+0100: 385,754: Total time for which application threads were stopped: 0,0001400 seconds, Stopping threads took: 0,0000365 seconds
2016-02-11T15:44:02.672+0100: 385,757: Total time for which application threads were stopped: 0,0001339 seconds, Stopping threads took: 0,0000330 seconds
2016-02-11T15:44:03.672+0100: 386,757: Total time for which application threads were stopped: 0,0001391 seconds, Stopping threads took: 0,0000379 seconds
2016-02-11T15:44:10.502+0100: 393,587: Total time for which application threads were stopped: 0,0002241 seconds, Stopping threads took: 0,0000507 seconds
2016-02-11T15:44:30.624+0100: 413,709: Total time for which application threads were stopped: 0,0001735 seconds, Stopping threads took: 0,0000457 seconds
2016-02-11T15:45:19.117+0100: 462,202: Total time for which application threads were stopped: 0,0002426 seconds, Stopping threads took: 0,0000507 seconds
2016-02-11T15:45:19.118+0100: 462,203: Total time for which application threads were stopped: 0,0001558 seconds, Stopping threads took: 0,0000271 seconds
2016-02-11T15:45:19.119+0100: 462,204: Total time for which application threads were stopped: 0,0001437 seconds, Stopping threads took: 0,0000240 seconds
2016-02-11T15:45:19.166+0100: 462,251: Total time for which application threads were stopped: 0,0001689 seconds, Stopping threads took: 0,0000365 seconds
2016-02-11T15:45:19.202+0100: 462,287: Total time for which application threads were stopped: 0,0002098 seconds, Stopping threads took: 0,0000543 seconds
2016-02-11T15:45:19.202+0100: 462,287: Total time for which application threads were stopped: 0,0001290 seconds, Stopping threads took: 0,0000194 seconds
2016-02-11T15:45:19.203+0100: 462,288: Total time for which application threads were stopped: 0,0001288 seconds, Stopping threads took: 0,0000211 seconds
2016-02-11T15:45:19.203+0100: 462,288: Total time for which application threads were stopped: 0,0001771 seconds, Stopping threads took: 0,0000264 seconds
2016-02-11T15:45:19.240+0100: 462,325: Total time for which application threads were stopped: 0,0001321 seconds, Stopping threads took: 0,0000321 seconds
2016-02-11T15:45:19.240+0100: 462,325: Total time for which application threads were stopped: 0,0000931 seconds, Stopping threads took: 0,0000238 seconds
2016-02-11T15:45:19.241+0100: 462,326: Total time for which application threads were stopped: 0,0002261 seconds, Stopping threads took: 0,0000845 seconds
2016-02-11T15:45:19.243+0100: 462,328: Total time for which application threads were stopped: 0,0003019 seconds, Stopping threads took: 0,0000968 seconds
2016-02-11T15:45:19.256+0100: 462,341: Total time for which application threads were stopped: 0,0001811 seconds, Stopping threads took: 0,0000560 seconds
2016-02-11T15:45:19.256+0100: 462,341: Total time for which application threads were stopped: 0,0000889 seconds, Stopping threads took: 0,0000149 seconds
2016-02-11T15:45:20.028+0100: 463,113: Total time for which application threads were stopped: 0,0001848 seconds, Stopping threads took: 0,0000261 seconds
2016-02-11T15:45:20.873+0100: 463,958: Total time for which application threads were stopped: 0,0002499 seconds, Stopping threads took: 0,0000386 seconds
2016-02-11T15:45:21.874+0100: 464,959: Total time for which application threads were stopped: 0,0001981 seconds, Stopping threads took: 0,0000363 seconds
{Heap before GC invocations=4 (full 1):
 par new generation   total 436928K, used 387730K [0x0000000080000000, 0x00000000a0000000, 0x00000000a0000000)
  eden space 349568K, 100% used [0x0000000080000000, 0x0000000095560000, 0x0000000095560000)
  from space 87360K,  43% used [0x0000000095560000, 0x0000000097aa4900, 0x000000009aab0000)
  to   space 87360K,   0% used [0x000000009aab0000, 0x000000009aab0000, 0x00000000a0000000)
 concurrent mark-sweep generation total 1572864K, used 0K [0x00000000a0000000, 0x0000000100000000, 0x0000000100000000)
 Metaspace       used 39349K, capacity 39796K, committed 40356K, reserved 1085440K
  class space    used 4582K, capacity 4726K, committed 4832K, reserved 1048576K
2016-02-11T15:45:22.367+0100: 465,452: [GC (Allocation Failure) 2016-02-11T15:45:22.367+0100: 465,452: [ParNew
Desired survivor size 80510976 bytes, new threshold 8 (max 8)
- age   1:    1876472 bytes,    1876472 total
- age   2:    3503728 bytes,    5380200 total
- age   3:    4043056 bytes,    9423256 total
- age   4:    2114848 bytes,   11538104 total
- age   5:    6896592 bytes,   18434696 total
: 387730K->23829K(436928K), 0,0134903 secs] 387730K->23829K(2009792K), 0,0136039 secs] [Times: user=0,04 sys=0,00, real=0,01 secs] 
Heap after GC invocations=5 (full 1):
 par new generation   total 436928K, used 23829K [0x0000000080000000, 0x00000000a0000000, 0x00000000a0000000)
  eden space 349568K,   0% used [0x0000000080000000, 0x0000000080000000, 0x0000000095560000)
  from space 87360K,  27% used [0x000000009aab0000, 0x000000009c1f5640, 0x00000000a0000000)
  to   space 87360K,   0% used [0x0000000095560000, 0x0000000095560000, 0x000000009aab0000)
 concurrent mark-sweep generation total 1572864K, used 0K [0x00000000a0000000, 0x0000000100000000, 0x0000000100000000)
 Metaspace       used 39349K, capacity 39796K, committed 40356K, reserved 1085440K
  class space    used 4582K, capacity 4726K, committed 4832K, reserved 1048576K
}
2016-02-11T15:45:22.381+0100: 465,466: Total time for which application threads were stopped: 0,0138462 seconds, Stopping threads took: 0,0000322 seconds
2016-02-11T15:45:23.324+0100: 466,409: Total time for which application threads were stopped: 0,0002504 seconds, Stopping threads took: 0,0000249 seconds
2016-02-11T15:45:24.324+0100: 467,409: Total time for which application threads were stopped: 0,0001615 seconds, Stopping threads took: 0,0000288 seconds
2016-02-11T15:45:25.324+0100: 468,409: Total time for which application threads were stopped: 0,0001968 seconds, Stopping threads took: 0,0000657 seconds
2016-02-11T15:45:26.324+0100: 469,409: Total time for which application threads were stopped: 0,0001762 seconds, Stopping threads took: 0,0000436 seconds
{Heap before GC invocations=5 (full 1):
 par new generation   total 436928K, used 373397K [0x0000000080000000, 0x00000000a0000000, 0x00000000a0000000)
  eden space 349568K, 100% used [0x0000000080000000, 0x0000000095560000, 0x0000000095560000)
  from space 87360K,  27% used [0x000000009aab0000, 0x000000009c1f5640, 0x00000000a0000000)
  to   space 87360K,   0% used [0x0000000095560000, 0x0000000095560000, 0x000000009aab0000)
 concurrent mark-sweep generation total 1572864K, used 0K [0x00000000a0000000, 0x0000000100000000, 0x0000000100000000)
 Metaspace       used 39429K, capacity 39860K, committed 40356K, reserved 1085440K
  class space    used 4585K, capacity 4726K, committed 4832K, reserved 1048576K
2016-02-11T15:45:26.420+0100: 469,505: [GC (Allocation Failure) 2016-02-11T15:45:26.420+0100: 469,505: [ParNew
Desired survivor size 80510976 bytes, new threshold 8 (max 8)
- age   1:    1095168 bytes,    1095168 total
- age   2:     576312 bytes,    1671480 total
- age   3:    3501328 bytes,    5172808 total
- age   4:    4043056 bytes,    9215864 total
- age   5:    2114848 bytes,   11330712 total
- age   6:    6896544 bytes,   18227256 total
: 373397K->21891K(436928K), 0,0168377 secs] 373397K->21891K(2009792K), 0,0169520 secs] [Times: user=0,06 sys=0,00, real=0,02 secs] 
Heap after GC invocations=6 (full 1):
 par new generation   total 436928K, used 21891K [0x0000000080000000, 0x00000000a0000000, 0x00000000a0000000)
  eden space 349568K,   0% used [0x0000000080000000, 0x0000000080000000, 0x0000000095560000)
  from space 87360K,  25% used [0x0000000095560000, 0x0000000096ac0ee8, 0x000000009aab0000)
  to   space 87360K,   0% used [0x000000009aab0000, 0x000000009aab0000, 0x00000000a0000000)
 concurrent mark-sweep generation total 1572864K, used 0K [0x00000000a0000000, 0x0000000100000000, 0x0000000100000000)
 Metaspace       used 39429K, capacity 39860K, committed 40356K, reserved 1085440K
  class space    used 4585K, capacity 4726K, committed 4832K, reserved 1048576K
}
2016-02-11T15:45:26.437+0100: 469,522: Total time for which application threads were stopped: 0,0171744 seconds, Stopping threads took: 0,0000299 seconds
2016-02-11T15:45:27.437+0100: 470,522: Total time for which application threads were stopped: 0,0001662 seconds, Stopping threads took: 0,0000370 seconds
2016-02-11T15:45:28.437+0100: 471,522: Total time for which application threads were stopped: 0,0001243 seconds, Stopping threads took: 0,0000281 seconds
2016-02-11T15:45:29.438+0100: 472,523: Total time for which application threads were stopped: 0,0001153 seconds, Stopping threads took: 0,0000231 seconds
{Heap before GC invocations=6 (full 1):
 par new generation   total 436928K, used 371459K [0x0000000080000000, 0x00000000a0000000, 0x00000000a0000000)
  eden space 349568K, 100% used [0x0000000080000000, 0x0000000095560000, 0x0000000095560000)
  from space 87360K,  25% used [0x0000000095560000, 0x0000000096ac0ee8, 0x000000009aab0000)
  to   space 87360K,   0% used [0x000000009aab0000, 0x000000009aab0000, 0x00000000a0000000)
 concurrent mark-sweep generation total 1572864K, used 0K [0x00000000a0000000, 0x0000000100000000, 0x0000000100000000)
 Metaspace       used 39433K, capacity 39860K, committed 40356K, reserved 1085440K
  class space    used 4586K, capacity 4726K, committed 4832K, reserved 1048576K
2016-02-11T15:45:30.078+0100: 473,163: [GC (Allocation Failure) 2016-02-11T15:45:30.078+0100: 473,163: [ParNew
Desired survivor size 80510976 bytes, new threshold 8 (max 8)
- age   1:     998632 bytes,     998632 total
- age   2:      74632 bytes,    1073264 total
- age   3:     560208 bytes,    1633472 total
- age   4:    3501328 bytes,    5134800 total
- age   5:    4043056 bytes,    9177856 total
- age   6:    2114848 bytes,   11292704 total
- age   7:    6896544 bytes,   18189248 total
: 371459K->23673K(436928K), 0,0205891 secs] 371459K->23673K(2009792K), 0,0206739 secs] [Times: user=0,07 sys=0,00, real=0,02 secs] 
Heap after GC invocations=7 (full 1):
 par new generation   total 436928K, used 23673K [0x0000000080000000, 0x00000000a0000000, 0x00000000a0000000)
  eden space 349568K,   0% used [0x0000000080000000, 0x0000000080000000, 0x0000000095560000)
  from space 87360K,  27% used [0x000000009aab0000, 0x000000009c1ce6d0, 0x00000000a0000000)
  to   space 87360K,   0% used [0x0000000095560000, 0x0000000095560000, 0x000000009aab0000)
 concurrent mark-sweep generation total 1572864K, used 0K [0x00000000a0000000, 0x0000000100000000, 0x0000000100000000)
 Metaspace       used 39433K, capacity 39860K, committed 40356K, reserved 1085440K
  class space    used 4586K, capacity 4726K, committed 4832K, reserved 1048576K
}
2016-02-11T15:45:30.099+0100: 473,184: Total time for which application threads were stopped: 0,0208880 seconds, Stopping threads took: 0,0000245 seconds
2016-02-11T15:45:31.099+0100: 474,184: Total time for which application threads were stopped: 0,0001371 seconds, Stopping threads took: 0,0000309 seconds
2016-02-11T15:45:32.099+0100: 475,184: Total time for which application threads were stopped: 0,0001136 seconds, Stopping threads took: 0,0000264 seconds
2016-02-11T15:45:33.099+0100: 476,184: Total time for which application threads were stopped: 0,0001839 seconds, Stopping threads took: 0,0000310 seconds
{Heap before GC invocations=7 (full 1):
 par new generation   total 436928K, used 373241K [0x0000000080000000, 0x00000000a0000000, 0x00000000a0000000)
  eden space 349568K, 100% used [0x0000000080000000, 0x0000000095560000, 0x0000000095560000)
  from space 87360K,  27% used [0x000000009aab0000, 0x000000009c1ce6d0, 0x00000000a0000000)
  to   space 87360K,   0% used [0x0000000095560000, 0x0000000095560000, 0x000000009aab0000)
 concurrent mark-sweep generation total 1572864K, used 0K [0x00000000a0000000, 0x0000000100000000, 0x0000000100000000)
 Metaspace       used 39433K, capacity 39860K, committed 40356K, reserved 1085440K
  class space    used 4586K, capacity 4726K, committed 4832K, reserved 1048576K
2016-02-11T15:45:33.585+0100: 476,670: [GC (Allocation Failure) 2016-02-11T15:45:33.585+0100: 476,670: [ParNew
Desired survivor size 80510976 bytes, new threshold 8 (max 8)
- age   1:    1022328 bytes,    1022328 total
- age   2:      34608 bytes,    1056936 total
- age   3:      63984 bytes,    1120920 total
- age   4:     553672 bytes,    1674592 total
- age   5:    3501296 bytes,    5175888 total
- age   6:    4043056 bytes,    9218944 total
- age   7:    2114848 bytes,   11333792 total
- age   8:    6896544 bytes,   18230336 total
: 373241K->23865K(436928K), 0,0171135 secs] 373241K->23865K(2009792K), 0,0172115 secs] [Times: user=0,05 sys=0,00, real=0,01 secs] 
Heap after GC invocations=8 (full 1):
 par new generation   total 436928K, used 23865K [0x0000000080000000, 0x00000000a0000000, 0x00000000a0000000)
  eden space 349568K,   0% used [0x0000000080000000, 0x0000000080000000, 0x0000000095560000)
  from space 87360K,  27% used [0x0000000095560000, 0x0000000096cae478, 0x000000009aab0000)
  to   space 87360K,   0% used [0x000000009aab0000, 0x000000009aab0000, 0x00000000a0000000)
 concurrent mark-sweep generation total 1572864K, used 0K [0x00000000a0000000, 0x0000000100000000, 0x0000000100000000)
 Metaspace       used 39433K, capacity 39860K, committed 40356K, reserved 1085440K
  class space    used 4586K, capacity 4726K, committed 4832K, reserved 1048576K
}
2016-02-11T15:45:33.602+0100: 476,687: Total time for which application threads were stopped: 0,0174182 seconds, Stopping threads took: 0,0000306 seconds
2016-02-11T15:45:34.603+0100: 477,688: Total time for which application threads were stopped: 0,0001646 seconds, Stopping threads took: 0,0000692 seconds
2016-02-11T15:45:35.603+0100: 478,688: Total time for which application threads were stopped: 0,0001754 seconds, Stopping threads took: 0,0000786 seconds
2016-02-11T15:45:36.603+0100: 479,688: Total time for which application threads were stopped: 0,0002019 seconds, Stopping threads took: 0,0000913 seconds
{Heap before GC invocations=8 (full 1):
 par new generation   total 436928K, used 373433K [0x0000000080000000, 0x00000000a0000000, 0x00000000a0000000)
  eden space 349568K, 100% used [0x0000000080000000, 0x0000000095560000, 0x0000000095560000)
  from space 87360K,  27% used [0x0000000095560000, 0x0000000096cae478, 0x000000009aab0000)
  to   space 87360K,   0% used [0x000000009aab0000, 0x000000009aab0000, 0x00000000a0000000)
 concurrent mark-sweep generation total 1572864K, used 0K [0x00000000a0000000, 0x0000000100000000, 0x0000000100000000)
 Metaspace       used 39436K, capacity 39924K, committed 40356K, reserved 1085440K
  class space    used 4586K, capacity 4726K, committed 4832K, reserved 1048576K
2016-02-11T15:45:36.910+0100: 479,995: [GC (Allocation Failure) 2016-02-11T15:45:36.910+0100: 479,995: [ParNew
Desired survivor size 80510976 bytes, new threshold 8 (max 8)
- age   1:     970504 bytes,     970504 total
- age   2:      44776 bytes,    1015280 total
- age   3:      26072 bytes,    1041352 total
- age   4:      58024 bytes,    1099376 total
- age   5:     550456 bytes,    1649832 total
- age   6:    3501296 bytes,    5151128 total
- age   7:    4043056 bytes,    9194184 total
- age   8:    2114848 bytes,   11309032 total
: 373433K->16323K(436928K), 0,0306837 secs] 373433K->23754K(2009792K), 0,0307768 secs] [Times: user=0,10 sys=0,00, real=0,03 secs] 
Heap after GC invocations=9 (full 1):
 par new generation   total 436928K, used 16323K [0x0000000080000000, 0x00000000a0000000, 0x00000000a0000000)
  eden space 349568K,   0% used [0x0000000080000000, 0x0000000080000000, 0x0000000095560000)
  from space 87360K,  18% used [0x000000009aab0000, 0x000000009baa0ee8, 0x00000000a0000000)
  to   space 87360K,   0% used [0x0000000095560000, 0x0000000095560000, 0x000000009aab0000)
 concurrent mark-sweep generation total 1572864K, used 7431K [0x00000000a0000000, 0x0000000100000000, 0x0000000100000000)
 Metaspace       used 39436K, capacity 39924K, committed 40356K, reserved 1085440K
  class space    used 4586K, capacity 4726K, committed 4832K, reserved 1048576K
}
2016-02-11T15:45:36.941+0100: 480,026: Total time for which application threads were stopped: 0,0309927 seconds, Stopping threads took: 0,0000383 seconds
2016-02-11T15:45:37.941+0100: 481,026: Total time for which application threads were stopped: 0,0001562 seconds, Stopping threads took: 0,0000406 seconds
2016-02-11T15:45:38.942+0100: 482,027: Total time for which application threads were stopped: 0,0001401 seconds, Stopping threads took: 0,0000307 seconds
2016-02-11T15:45:39.431+0100: 482,516: Total time for which application threads were stopped: 0,0001462 seconds, Stopping threads took: 0,0000336 seconds
2016-02-11T15:45:40.432+0100: 483,517: Total time for which application threads were stopped: 0,0001252 seconds, Stopping threads took: 0,0000280 seconds
2016-02-11T15:46:38.223+0100: 541,308: Total time for which application threads were stopped: 0,0002619 seconds, Stopping threads took: 0,0000386 seconds
2016-02-11T15:46:39.223+0100: 542,308: Total time for which application threads were stopped: 0,0001924 seconds, Stopping threads took: 0,0000484 seconds
2016-02-11T15:46:51.225+0100: 554,310: Total time for which application threads were stopped: 0,0001163 seconds, Stopping threads took: 0,0000307 seconds
2016-02-11T15:46:53.229+0100: 556,314: Total time for which application threads were stopped: 0,0001916 seconds, Stopping threads took: 0,0000335 seconds
2016-02-11T15:46:54.230+0100: 557,315: Total time for which application threads were stopped: 0,0001796 seconds, Stopping threads took: 0,0000492 seconds
2016-02-11T15:46:57.230+0100: 560,315: Total time for which application threads were stopped: 0,0001837 seconds, Stopping threads took: 0,0000431 seconds
2016-02-11T15:47:09.260+0100: 572,345: Total time for which application threads were stopped: 0,0002080 seconds, Stopping threads took: 0,0000417 seconds
2016-02-11T15:47:09.262+0100: 572,347: Total time for which application threads were stopped: 0,0001734 seconds, Stopping threads took: 0,0000313 seconds
2016-02-11T15:47:37.332+0100: 600,417: Total time for which application threads were stopped: 0,0002269 seconds, Stopping threads took: 0,0000400 seconds
2016-02-11T15:47:37.378+0100: 600,463: Total time for which application threads were stopped: 0,0002345 seconds, Stopping threads took: 0,0000465 seconds
2016-02-11T15:47:37.380+0100: 600,465: Total time for which application threads were stopped: 0,0001603 seconds, Stopping threads took: 0,0000288 seconds
2016-02-11T15:47:37.388+0100: 600,473: Total time for which application threads were stopped: 0,0002443 seconds, Stopping threads took: 0,0000508 seconds
{Heap before GC invocations=9 (full 1):
 par new generation   total 436928K, used 365891K [0x0000000080000000, 0x00000000a0000000, 0x00000000a0000000)
  eden space 349568K, 100% used [0x0000000080000000, 0x0000000095560000, 0x0000000095560000)
  from space 87360K,  18% used [0x000000009aab0000, 0x000000009baa0ee8, 0x00000000a0000000)
  to   space 87360K,   0% used [0x0000000095560000, 0x0000000095560000, 0x000000009aab0000)
 concurrent mark-sweep generation total 1572864K, used 7431K [0x00000000a0000000, 0x0000000100000000, 0x0000000100000000)
 Metaspace       used 39451K, capacity 39924K, committed 40356K, reserved 1085440K
  class space    used 4588K, capacity 4726K, committed 4832K, reserved 1048576K
2016-02-11T15:47:37.705+0100: 600,790: [GC (Allocation Failure) 2016-02-11T15:47:37.742+0100: 600,827: [ParNew
Desired survivor size 80510976 bytes, new threshold 8 (max 8)
- age   1:    1404576 bytes,    1404576 total
- age   2:      21448 bytes,    1426024 total
- age   3:      39152 bytes,    1465176 total
- age   4:      21128 bytes,    1486304 total
- age   5:      53320 bytes,    1539624 total
- age   6:     193704 bytes,    1733328 total
- age   7:    3501296 bytes,    5234624 total
- age   8:    4043056 bytes,    9277680 total
: 365891K->11328K(436928K), 0,0146241 secs] 373322K->21103K(2009792K), 0,0517986 secs] [Times: user=0,05 sys=0,00, real=0,05 secs] 
Heap after GC invocations=10 (full 1):
 par new generation   total 436928K, used 11328K [0x0000000080000000, 0x00000000a0000000, 0x00000000a0000000)
  eden space 349568K,   0% used [0x0000000080000000, 0x0000000080000000, 0x0000000095560000)
  from space 87360K,  12% used [0x0000000095560000, 0x0000000096070210, 0x000000009aab0000)
  to   space 87360K,   0% used [0x000000009aab0000, 0x000000009aab0000, 0x00000000a0000000)
 concurrent mark-sweep generation total 1572864K, used 9774K [0x00000000a0000000, 0x0000000100000000, 0x0000000100000000)
 Metaspace       used 39451K, capacity 39924K, committed 40356K, reserved 1085440K
  class space    used 4588K, capacity 4726K, committed 4832K, reserved 1048576K
}
2016-02-11T15:47:37.756+0100: 600,842: Total time for which application threads were stopped: 0,0520093 seconds, Stopping threads took: 0,0000260 seconds
2016-02-11T15:47:38.757+0100: 601,842: Total time for which application threads were stopped: 0,0001923 seconds, Stopping threads took: 0,0000698 seconds
2016-02-11T15:47:39.757+0100: 602,842: Total time for which application threads were stopped: 0,0001166 seconds, Stopping threads took: 0,0000361 seconds
2016-02-11T15:47:40.757+0100: 603,842: Total time for which application threads were stopped: 0,0002936 seconds, Stopping threads took: 0,0001298 seconds
{Heap before GC invocations=10 (full 1):
 par new generation   total 436928K, used 360896K [0x0000000080000000, 0x00000000a0000000, 0x00000000a0000000)
  eden space 349568K, 100% used [0x0000000080000000, 0x0000000095560000, 0x0000000095560000)
  from space 87360K,  12% used [0x0000000095560000, 0x0000000096070210, 0x000000009aab0000)
  to   space 87360K,   0% used [0x000000009aab0000, 0x000000009aab0000, 0x00000000a0000000)
 concurrent mark-sweep generation total 1572864K, used 9774K [0x00000000a0000000, 0x0000000100000000, 0x0000000100000000)
 Metaspace       used 39451K, capacity 39924K, committed 40356K, reserved 1085440K
  class space    used 4588K, capacity 4726K, committed 4832K, reserved 1048576K
2016-02-11T15:47:41.390+0100: 604,475: [GC (Allocation Failure) 2016-02-11T15:47:41.390+0100: 604,475: [ParNew
Desired survivor size 80510976 bytes, new threshold 8 (max 8)
- age   1:    1033792 bytes,    1033792 total
- age   2:     394600 bytes,    1428392 total
- age   3:      12520 bytes,    1440912 total
- age   4:      31184 bytes,    1472096 total
- age   5:      13832 bytes,    1485928 total
- age   6:      46216 bytes,    1532144 total
- age   7:     188928 bytes,    1721072 total
- age   8:    3501296 bytes,    5222368 total
: 360896K->10516K(436928K), 0,0165624 secs] 370671K->24275K(2009792K), 0,0166715 secs] [Times: user=0,05 sys=0,00, real=0,02 secs] 
Heap after GC invocations=11 (full 1):
 par new generation   total 436928K, used 10516K [0x0000000080000000, 0x00000000a0000000, 0x00000000a0000000)
  eden space 349568K,   0% used [0x0000000080000000, 0x0000000080000000, 0x0000000095560000)
  from space 87360K,  12% used [0x000000009aab0000, 0x000000009b4f53d0, 0x00000000a0000000)
  to   space 87360K,   0% used [0x0000000095560000, 0x0000000095560000, 0x000000009aab0000)
 concurrent mark-sweep generation total 1572864K, used 13758K [0x00000000a0000000, 0x0000000100000000, 0x0000000100000000)
 Metaspace       used 39451K, capacity 39924K, committed 40356K, reserved 1085440K
  class space    used 4588K, capacity 4726K, committed 4832K, reserved 1048576K
}
2016-02-11T15:47:41.406+0100: 604,491: Total time for which application threads were stopped: 0,0168965 seconds, Stopping threads took: 0,0000292 seconds
2016-02-11T15:47:42.407+0100: 605,492: Total time for which application threads were stopped: 0,0002200 seconds, Stopping threads took: 0,0000594 seconds
2016-02-11T15:47:43.407+0100: 606,492: Total time for which application threads were stopped: 0,0001379 seconds, Stopping threads took: 0,0000346 seconds
2016-02-11T15:47:44.407+0100: 607,492: Total time for which application threads were stopped: 0,0001606 seconds, Stopping threads took: 0,0000341 seconds
{Heap before GC invocations=11 (full 1):
 par new generation   total 436928K, used 360084K [0x0000000080000000, 0x00000000a0000000, 0x00000000a0000000)
  eden space 349568K, 100% used [0x0000000080000000, 0x0000000095560000, 0x0000000095560000)
  from space 87360K,  12% used [0x000000009aab0000, 0x000000009b4f53d0, 0x00000000a0000000)
  to   space 87360K,   0% used [0x0000000095560000, 0x0000000095560000, 0x000000009aab0000)
 concurrent mark-sweep generation total 1572864K, used 13758K [0x00000000a0000000, 0x0000000100000000, 0x0000000100000000)
 Metaspace       used 39456K, capacity 39924K, committed 40356K, reserved 1085440K
  class space    used 4589K, capacity 4726K, committed 4832K, reserved 1048576K
2016-02-11T15:47:45.040+0100: 608,125: [GC (Allocation Failure) 2016-02-11T15:47:45.040+0100: 608,125: [ParNew
Desired survivor size 80510976 bytes, new threshold 8 (max 8)
- age   1:     975488 bytes,     975488 total
- age   2:      52024 bytes,    1027512 total
- age   3:     390640 bytes,    1418152 total
- age   4:      10120 bytes,    1428272 total
- age   5:      28424 bytes,    1456696 total
- age   6:      11576 bytes,    1468272 total
- age   7:      42920 bytes,    1511192 total
- age   8:     187440 bytes,    1698632 total
: 360084K->3824K(436928K), 0,0149755 secs] 373843K->21021K(2009792K), 0,0151203 secs] [Times: user=0,04 sys=0,00, real=0,01 secs] 
Heap after GC invocations=12 (full 1):
 par new generation   total 436928K, used 3824K [0x0000000080000000, 0x00000000a0000000, 0x00000000a0000000)
  eden space 349568K,   0% used [0x0000000080000000, 0x0000000080000000, 0x0000000095560000)
  from space 87360K,   4% used [0x0000000095560000, 0x000000009591c220, 0x000000009aab0000)
  to   space 87360K,   0% used [0x000000009aab0000, 0x000000009aab0000, 0x00000000a0000000)
 concurrent mark-sweep generation total 1572864K, used 17197K [0x00000000a0000000, 0x0000000100000000, 0x0000000100000000)
 Metaspace       used 39456K, capacity 39924K, committed 40356K, reserved 1085440K
  class space    used 4589K, capacity 4726K, committed 4832K, reserved 1048576K
}
2016-02-11T15:47:45.055+0100: 608,140: Total time for which application threads were stopped: 0,0154557 seconds, Stopping threads took: 0,0000544 seconds
{Heap before GC invocations=12 (full 1):
 par new generation   total 436928K, used 353392K [0x0000000080000000, 0x00000000a0000000, 0x00000000a0000000)
  eden space 349568K, 100% used [0x0000000080000000, 0x0000000095560000, 0x0000000095560000)
  from space 87360K,   4% used [0x0000000095560000, 0x000000009591c220, 0x000000009aab0000)
  to   space 87360K,   0% used [0x000000009aab0000, 0x000000009aab0000, 0x00000000a0000000)
 concurrent mark-sweep generation total 1572864K, used 17197K [0x00000000a0000000, 0x0000000100000000, 0x0000000100000000)
 Metaspace       used 39456K, capacity 39924K, committed 40356K, reserved 1085440K
  class space    used 4589K, capacity 4726K, committed 4832K, reserved 1048576K
2016-02-11T15:47:48.958+0100: 612,043: [GC (Allocation Failure) 2016-02-11T15:47:48.958+0100: 612,043: [ParNew
Desired survivor size 80510976 bytes, new threshold 8 (max 8)
- age   1:    1043168 bytes,    1043168 total
- age   2:      43168 bytes,    1086336 total
- age   3:      40880 bytes,    1127216 total
- age   4:     389056 bytes,    1516272 total
- age   5:       8464 bytes,    1524736 total
- age   6:      27320 bytes,    1552056 total
- age   7:      10160 bytes,    1562216 total
- age   8:      41720 bytes,    1603936 total
: 353392K->2027K(436928K), 0,0123765 secs] 370589K->19411K(2009792K), 0,0125066 secs] [Times: user=0,03 sys=0,00, real=0,01 secs] 
Heap after GC invocations=13 (full 1):
 par new generation   total 436928K, used 2027K [0x0000000080000000, 0x00000000a0000000, 0x00000000a0000000)
  eden space 349568K,   0% used [0x0000000080000000, 0x0000000080000000, 0x0000000095560000)
  from space 87360K,   2% used [0x000000009aab0000, 0x000000009acaadc0, 0x00000000a0000000)
  to   space 87360K,   0% used [0x0000000095560000, 0x0000000095560000, 0x000000009aab0000)
 concurrent mark-sweep generation total 1572864K, used 17383K [0x00000000a0000000, 0x0000000100000000, 0x0000000100000000)
 Metaspace       used 39456K, capacity 39924K, committed 40356K, reserved 1085440K
  class space    used 4589K, capacity 4726K, committed 4832K, reserved 1048576K
}
2016-02-11T15:47:48.970+0100: 612,055: Total time for which application threads were stopped: 0,0128300 seconds, Stopping threads took: 0,0000466 seconds
2016-02-11T15:47:51.971+0100: 615,056: Total time for which application threads were stopped: 0,0001327 seconds, Stopping threads took: 0,0000300 seconds
{Heap before GC invocations=13 (full 1):
 par new generation   total 436928K, used 351595K [0x0000000080000000, 0x00000000a0000000, 0x00000000a0000000)
  eden space 349568K, 100% used [0x0000000080000000, 0x0000000095560000, 0x0000000095560000)
  from space 87360K,   2% used [0x000000009aab0000, 0x000000009acaadc0, 0x00000000a0000000)
  to   space 87360K,   0% used [0x0000000095560000, 0x0000000095560000, 0x000000009aab0000)
 concurrent mark-sweep generation total 1572864K, used 17383K [0x00000000a0000000, 0x0000000100000000, 0x0000000100000000)
 Metaspace       used 39456K, capacity 39924K, committed 40356K, reserved 1085440K
  class space    used 4589K, capacity 4726K, committed 4832K, reserved 1048576K
2016-02-11T15:47:52.466+0100: 615,551: [GC (Allocation Failure) 2016-02-11T15:47:52.466+0100: 615,551: [ParNew
Desired survivor size 80510976 bytes, new threshold 8 (max 8)
- age   1:     953528 bytes,     953528 total
- age   2:      36832 bytes,     990360 total
- age   3:      39192 bytes,    1029552 total
- age   4:      36584 bytes,    1066136 total
- age   5:     388192 bytes,    1454328 total
- age   6:       7064 bytes,    1461392 total
- age   7:      26984 bytes,    1488376 total
- age   8:       9824 bytes,    1498200 total
: 351595K->1891K(436928K), 0,0138403 secs] 368979K->19315K(2009792K), 0,0140239 secs] [Times: user=0,04 sys=0,00, real=0,01 secs] 
Heap after GC invocations=14 (full 1):
 par new generation   total 436928K, used 1891K [0x0000000080000000, 0x00000000a0000000, 0x00000000a0000000)
  eden space 349568K,   0% used [0x0000000080000000, 0x0000000080000000, 0x0000000095560000)
  from space 87360K,   2% used [0x0000000095560000, 0x0000000095738f50, 0x000000009aab0000)
  to   space 87360K,   0% used [0x000000009aab0000, 0x000000009aab0000, 0x00000000a0000000)
 concurrent mark-sweep generation total 1572864K, used 17424K [0x00000000a0000000, 0x0000000100000000, 0x0000000100000000)
 Metaspace       used 39456K, capacity 39924K, committed 40356K, reserved 1085440K
  class space    used 4589K, capacity 4726K, committed 4832K, reserved 1048576K
}
2016-02-11T15:47:52.480+0100: 615,565: Total time for which application threads were stopped: 0,0144126 seconds, Stopping threads took: 0,0000479 seconds
2016-02-11T15:47:53.480+0100: 616,566: Total time for which application threads were stopped: 0,0001429 seconds, Stopping threads took: 0,0000323 seconds
2016-02-11T15:47:55.481+0100: 618,566: Total time for which application threads were stopped: 0,0002359 seconds, Stopping threads took: 0,0000753 seconds
{Heap before GC invocations=14 (full 1):
 par new generation   total 436928K, used 351459K [0x0000000080000000, 0x00000000a0000000, 0x00000000a0000000)
  eden space 349568K, 100% used [0x0000000080000000, 0x0000000095560000, 0x0000000095560000)
  from space 87360K,   2% used [0x0000000095560000, 0x0000000095738f50, 0x000000009aab0000)
  to   space 87360K,   0% used [0x000000009aab0000, 0x000000009aab0000, 0x00000000a0000000)
 concurrent mark-sweep generation total 1572864K, used 17424K [0x00000000a0000000, 0x0000000100000000, 0x0000000100000000)
 Metaspace       used 39456K, capacity 39924K, committed 40356K, reserved 1085440K
  class space    used 4589K, capacity 4726K, committed 4832K, reserved 1048576K
2016-02-11T15:47:56.181+0100: 619,266: [GC (Allocation Failure) 2016-02-11T15:47:56.181+0100: 619,266: [ParNew
Desired survivor size 80510976 bytes, new threshold 8 (max 8)
- age   1:    1054592 bytes,    1054592 total
- age   2:      41456 bytes,    1096048 total
- age   3:      34032 bytes,    1130080 total
- age   4:      37264 bytes,    1167344 total
- age   5:      35960 bytes,    1203304 total
- age   6:     387976 bytes,    1591280 total
- age   7:       7016 bytes,    1598296 total
- age   8:      26960 bytes,    1625256 total
: 351459K->1897K(436928K), 0,0121015 secs] 368883K->19330K(2009792K), 0,0122447 secs] [Times: user=0,03 sys=0,00, real=0,01 secs] 
Heap after GC invocations=15 (full 1):
 par new generation   total 436928K, used 1897K [0x0000000080000000, 0x00000000a0000000, 0x00000000a0000000)
  eden space 349568K,   0% used [0x0000000080000000, 0x0000000080000000, 0x0000000095560000)
  from space 87360K,   2% used [0x000000009aab0000, 0x000000009ac8a4c0, 0x00000000a0000000)
  to   space 87360K,   0% used [0x0000000095560000, 0x0000000095560000, 0x000000009aab0000)
 concurrent mark-sweep generation total 1572864K, used 17433K [0x00000000a0000000, 0x0000000100000000, 0x0000000100000000)
 Metaspace       used 39456K, capacity 39924K, committed 40356K, reserved 1085440K
  class space    used 4589K, capacity 4726K, committed 4832K, reserved 1048576K
}
2016-02-11T15:47:56.193+0100: 619,278: Total time for which application threads were stopped: 0,0125603 seconds, Stopping threads took: 0,0000431 seconds
2016-02-11T15:47:56.654+0100: 619,739: Total time for which application threads were stopped: 0,0001975 seconds, Stopping threads took: 0,0000289 seconds
2016-02-11T15:47:56.659+0100: 619,744: Total time for which application threads were stopped: 0,0002100 seconds, Stopping threads took: 0,0000447 seconds
2016-02-11T15:47:57.659+0100: 620,744: Total time for which application threads were stopped: 0,0001248 seconds, Stopping threads took: 0,0000382 seconds
2016-02-11T15:48:28.100+0100: 651,185: Total time for which application threads were stopped: 0,0002156 seconds, Stopping threads took: 0,0000401 seconds
2016-02-11T15:48:29.101+0100: 652,186: Total time for which application threads were stopped: 0,0001817 seconds, Stopping threads took: 0,0000620 seconds
2016-02-11T15:48:42.956+0100: 666,041: Total time for which application threads were stopped: 0,0002610 seconds, Stopping threads took: 0,0000537 seconds
2016-02-11T15:48:43.956+0100: 667,041: Total time for which application threads were stopped: 0,0001804 seconds, Stopping threads took: 0,0000527 seconds
2016-02-11T15:48:56.957+0100: 680,043: Total time for which application threads were stopped: 0,0001607 seconds, Stopping threads took: 0,0000352 seconds
2016-02-11T15:49:03.958+0100: 687,043: Total time for which application threads were stopped: 0,0001949 seconds, Stopping threads took: 0,0000773 seconds
2016-02-11T15:50:42.080+0100: 785,165: Total time for which application threads were stopped: 0,0002071 seconds, Stopping threads took: 0,0000399 seconds
2016-02-11T15:50:42.081+0100: 785,166: Total time for which application threads were stopped: 0,0001400 seconds, Stopping threads took: 0,0000262 seconds
2016-02-11T15:50:43.081+0100: 786,166: Total time for which application threads were stopped: 0,0002007 seconds, Stopping threads took: 0,0000416 seconds
2016-02-11T15:50:48.403+0100: 791,488: Total time for which application threads were stopped: 0,0002194 seconds, Stopping threads took: 0,0000484 seconds
2016-02-11T15:50:55.404+0100: 798,489: Total time for which application threads were stopped: 0,0001976 seconds, Stopping threads took: 0,0000518 seconds
2016-02-11T15:51:00.193+0100: 803,278: Total time for which application threads were stopped: 0,0002083 seconds, Stopping threads took: 0,0000457 seconds
2016-02-11T15:51:00.195+0100: 803,280: Total time for which application threads were stopped: 0,0002318 seconds, Stopping threads took: 0,0000497 seconds
2016-02-11T15:51:07.147+0100: 810,232: Total time for which application threads were stopped: 0,0003076 seconds, Stopping threads took: 0,0000493 seconds
2016-02-11T15:51:16.937+0100: 820,022: Total time for which application threads were stopped: 0,0002924 seconds, Stopping threads took: 0,0001339 seconds
2016-02-11T15:51:28.347+0100: 831,432: Total time for which application threads were stopped: 0,0002553 seconds, Stopping threads took: 0,0000465 seconds
2016-02-11T15:51:45.762+0100: 848,847: Total time for which application threads were stopped: 0,0001964 seconds, Stopping threads took: 0,0000380 seconds
2016-02-11T15:52:11.777+0100: 874,862: Total time for which application threads were stopped: 0,0002454 seconds, Stopping threads took: 0,0000429 seconds
2016-02-11T15:52:31.796+0100: 894,881: Total time for which application threads were stopped: 0,0002039 seconds, Stopping threads took: 0,0000548 seconds
2016-02-11T15:52:33.796+0100: 896,881: Total time for which application threads were stopped: 0,0001462 seconds, Stopping threads took: 0,0000414 seconds
2016-02-11T15:53:19.192+0100: 942,277: Total time for which application threads were stopped: 0,0001990 seconds, Stopping threads took: 0,0000645 seconds
2016-02-11T15:53:20.193+0100: 943,278: Total time for which application threads were stopped: 0,0001925 seconds, Stopping threads took: 0,0000761 seconds
2016-02-11T15:53:35.352+0100: 958,437: Total time for which application threads were stopped: 0,0003206 seconds, Stopping threads took: 0,0001529 seconds
2016-02-11T15:53:35.415+0100: 958,500: Total time for which application threads were stopped: 0,0001881 seconds, Stopping threads took: 0,0000339 seconds
2016-02-11T15:53:35.416+0100: 958,501: Total time for which application threads were stopped: 0,0001345 seconds, Stopping threads took: 0,0000212 seconds
2016-02-11T15:53:35.422+0100: 958,507: Total time for which application threads were stopped: 0,0001669 seconds, Stopping threads took: 0,0000282 seconds
2016-02-11T15:53:36.423+0100: 959,508: Total time for which application threads were stopped: 0,0001376 seconds, Stopping threads took: 0,0000254 seconds
{Heap before GC invocations=15 (full 1):
 par new generation   total 436928K, used 351465K [0x0000000080000000, 0x00000000a0000000, 0x00000000a0000000)
  eden space 349568K, 100% used [0x0000000080000000, 0x0000000095560000, 0x0000000095560000)
  from space 87360K,   2% used [0x000000009aab0000, 0x000000009ac8a4c0, 0x00000000a0000000)
  to   space 87360K,   0% used [0x0000000095560000, 0x0000000095560000, 0x000000009aab0000)
 concurrent mark-sweep generation total 1572864K, used 17433K [0x00000000a0000000, 0x0000000100000000, 0x0000000100000000)
 Metaspace       used 39505K, capacity 39930K, committed 40356K, reserved 1085440K
  class space    used 4594K, capacity 4727K, committed 4832K, reserved 1048576K
2016-02-11T15:53:37.788+0100: 960,873: [GC (Allocation Failure) 2016-02-11T15:53:37.824+0100: 960,909: [ParNew
Desired survivor size 80510976 bytes, new threshold 8 (max 8)
- age   1:    1587776 bytes,    1587776 total
- age   2:      34296 bytes,    1622072 total
- age   3:      36424 bytes,    1658496 total
- age   4:      29808 bytes,    1688304 total
- age   5:      33280 bytes,    1721584 total
- age   6:      32384 bytes,    1753968 total
- age   7:      24648 bytes,    1778616 total
- age   8:       6488 bytes,    1785104 total
: 351465K->2415K(436928K), 0,0128790 secs] 368898K->19874K(2009792K), 0,0489068 secs] [Times: user=0,04 sys=0,00, real=0,04 secs] 
Heap after GC invocations=16 (full 1):
 par new generation   total 436928K, used 2415K [0x0000000080000000, 0x00000000a0000000, 0x00000000a0000000)
  eden space 349568K,   0% used [0x0000000080000000, 0x0000000080000000, 0x0000000095560000)
  from space 87360K,   2% used [0x0000000095560000, 0x00000000957bbce0, 0x000000009aab0000)
  to   space 87360K,   0% used [0x000000009aab0000, 0x000000009aab0000, 0x00000000a0000000)
 concurrent mark-sweep generation total 1572864K, used 17459K [0x00000000a0000000, 0x0000000100000000, 0x0000000100000000)
 Metaspace       used 39505K, capacity 39930K, committed 40356K, reserved 1085440K
  class space    used 4594K, capacity 4727K, committed 4832K, reserved 1048576K
}
2016-02-11T15:53:37.837+0100: 960,922: Total time for which application threads were stopped: 0,0491554 seconds, Stopping threads took: 0,0000299 seconds
2016-02-11T15:53:38.837+0100: 961,922: Total time for which application threads were stopped: 0,0002628 seconds, Stopping threads took: 0,0000708 seconds
2016-02-11T15:53:39.837+0100: 962,922: Total time for which application threads were stopped: 0,0002041 seconds, Stopping threads took: 0,0000412 seconds
{Heap before GC invocations=16 (full 1):
 par new generation   total 436928K, used 351983K [0x0000000080000000, 0x00000000a0000000, 0x00000000a0000000)
  eden space 349568K, 100% used [0x0000000080000000, 0x0000000095560000, 0x0000000095560000)
  from space 87360K,   2% used [0x0000000095560000, 0x00000000957bbce0, 0x000000009aab0000)
  to   space 87360K,   0% used [0x000000009aab0000, 0x000000009aab0000, 0x00000000a0000000)
 concurrent mark-sweep generation total 1572864K, used 17459K [0x00000000a0000000, 0x0000000100000000, 0x0000000100000000)
 Metaspace       used 39511K, capacity 39930K, committed 40356K, reserved 1085440K
  class space    used 4594K, capacity 4727K, committed 4832K, reserved 1048576K
2016-02-11T15:53:41.615+0100: 964,700: [GC (Allocation Failure) 2016-02-11T15:53:41.615+0100: 964,700: [ParNew
Desired survivor size 80510976 bytes, new threshold 8 (max 8)
- age   1:    1105568 bytes,    1105568 total
- age   2:     571920 bytes,    1677488 total
- age   3:      33552 bytes,    1711040 total
- age   4:      36424 bytes,    1747464 total
- age   5:      29688 bytes,    1777152 total
- age   6:      32528 bytes,    1809680 total
- age   7:      32216 bytes,    1841896 total
- age   8:      23400 bytes,    1865296 total
: 351983K->2247K(436928K), 0,0126193 secs] 369442K->19712K(2009792K), 0,0127347 secs] [Times: user=0,04 sys=0,00, real=0,02 secs] 
Heap after GC invocations=17 (full 1):
 par new generation   total 436928K, used 2247K [0x0000000080000000, 0x00000000a0000000, 0x00000000a0000000)
  eden space 349568K,   0% used [0x0000000080000000, 0x0000000080000000, 0x0000000095560000)
  from space 87360K,   2% used [0x000000009aab0000, 0x000000009ace1cc0, 0x00000000a0000000)
  to   space 87360K,   0% used [0x0000000095560000, 0x0000000095560000, 0x000000009aab0000)
 concurrent mark-sweep generation total 1572864K, used 17465K [0x00000000a0000000, 0x0000000100000000, 0x0000000100000000)
 Metaspace       used 39511K, capacity 39930K, committed 40356K, reserved 1085440K
  class space    used 4594K, capacity 4727K, committed 4832K, reserved 1048576K
}
2016-02-11T15:53:41.628+0100: 964,713: Total time for which application threads were stopped: 0,0130203 seconds, Stopping threads took: 0,0000377 seconds
2016-02-11T15:53:42.628+0100: 965,714: Total time for which application threads were stopped: 0,0001844 seconds, Stopping threads took: 0,0000499 seconds
2016-02-11T15:53:43.629+0100: 966,714: Total time for which application threads were stopped: 0,0001623 seconds, Stopping threads took: 0,0000378 seconds
{Heap before GC invocations=17 (full 1):
 par new generation   total 436928K, used 351815K [0x0000000080000000, 0x00000000a0000000, 0x00000000a0000000)
  eden space 349568K, 100% used [0x0000000080000000, 0x0000000095560000, 0x0000000095560000)
  from space 87360K,   2% used [0x000000009aab0000, 0x000000009ace1cc0, 0x00000000a0000000)
  to   space 87360K,   0% used [0x0000000095560000, 0x0000000095560000, 0x000000009aab0000)
 concurrent mark-sweep generation total 1572864K, used 17465K [0x00000000a0000000, 0x0000000100000000, 0x0000000100000000)
 Metaspace       used 39512K, capacity 39930K, committed 40356K, reserved 1085440K
  class space    used 4594K, capacity 4727K, committed 4832K, reserved 1048576K
2016-02-11T15:53:45.402+0100: 968,487: [GC (Allocation Failure) 2016-02-11T15:53:45.402+0100: 968,487: [ParNew
Desired survivor size 80510976 bytes, new threshold 8 (max 8)
- age   1:    1068672 bytes,    1068672 total
- age   2:     105592 bytes,    1174264 total
- age   3:     565192 bytes,    1739456 total
- age   4:      33504 bytes,    1772960 total
- age   5:      36424 bytes,    1809384 total
- age   6:      29664 bytes,    1839048 total
- age   7:      32480 bytes,    1871528 total
- age   8:      32144 bytes,    1903672 total
: 351815K->2827K(436928K), 0,0109129 secs] 369280K->20316K(2009792K), 0,0110185 secs] [Times: user=0,04 sys=0,00, real=0,01 secs] 
Heap after GC invocations=18 (full 1):
 par new generation   total 436928K, used 2827K [0x0000000080000000, 0x00000000a0000000, 0x00000000a0000000)
  eden space 349568K,   0% used [0x0000000080000000, 0x0000000080000000, 0x0000000095560000)
  from space 87360K,   3% used [0x0000000095560000, 0x0000000095822f58, 0x000000009aab0000)
  to   space 87360K,   0% used [0x000000009aab0000, 0x000000009aab0000, 0x00000000a0000000)
 concurrent mark-sweep generation total 1572864K, used 17488K [0x00000000a0000000, 0x0000000100000000, 0x0000000100000000)
 Metaspace       used 39512K, capacity 39930K, committed 40356K, reserved 1085440K
  class space    used 4594K, capacity 4727K, committed 4832K, reserved 1048576K
}
2016-02-11T15:53:45.413+0100: 968,498: Total time for which application threads were stopped: 0,0112485 seconds, Stopping threads took: 0,0000253 seconds
2016-02-11T15:53:47.414+0100: 970,499: Total time for which application threads were stopped: 0,0001814 seconds, Stopping threads took: 0,0000715 seconds
{Heap before GC invocations=18 (full 1):
 par new generation   total 436928K, used 352395K [0x0000000080000000, 0x00000000a0000000, 0x00000000a0000000)
  eden space 349568K, 100% used [0x0000000080000000, 0x0000000095560000, 0x0000000095560000)
  from space 87360K,   3% used [0x0000000095560000, 0x0000000095822f58, 0x000000009aab0000)
  to   space 87360K,   0% used [0x000000009aab0000, 0x000000009aab0000, 0x00000000a0000000)
 concurrent mark-sweep generation total 1572864K, used 17488K [0x00000000a0000000, 0x0000000100000000, 0x0000000100000000)
 Metaspace       used 39512K, capacity 39930K, committed 40356K, reserved 1085440K
  class space    used 4594K, capacity 4727K, committed 4832K, reserved 1048576K
2016-02-11T15:53:49.228+0100: 972,313: [GC (Allocation Failure) 2016-02-11T15:53:49.228+0100: 972,313: [ParNew
Desired survivor size 80510976 bytes, new threshold 8 (max 8)
- age   1:     983008 bytes,     983008 total
- age   2:      72296 bytes,    1055304 total
- age   3:     103168 bytes,    1158472 total
- age   4:     563544 bytes,    1722016 total
- age   5:      33480 bytes,    1755496 total
- age   6:      35576 bytes,    1791072 total
- age   7:      29664 bytes,    1820736 total
- age   8:      32456 bytes,    1853192 total
: 352395K->2388K(436928K), 0,0148173 secs] 369884K->19909K(2009792K), 0,0149176 secs] [Times: user=0,04 sys=0,00, real=0,01 secs] 
Heap after GC invocations=19 (full 1):
 par new generation   total 436928K, used 2388K [0x0000000080000000, 0x00000000a0000000, 0x00000000a0000000)
  eden space 349568K,   0% used [0x0000000080000000, 0x0000000080000000, 0x0000000095560000)
  from space 87360K,   2% used [0x000000009aab0000, 0x000000009ad053e8, 0x00000000a0000000)
  to   space 87360K,   0% used [0x0000000095560000, 0x0000000095560000, 0x000000009aab0000)
 concurrent mark-sweep generation total 1572864K, used 17520K [0x00000000a0000000, 0x0000000100000000, 0x0000000100000000)
 Metaspace       used 39512K, capacity 39930K, committed 40356K, reserved 1085440K
  class space    used 4594K, capacity 4727K, committed 4832K, reserved 1048576K
}
2016-02-11T15:53:49.243+0100: 972,328: Total time for which application threads were stopped: 0,0151669 seconds, Stopping threads took: 0,0000281 seconds
{Heap before GC invocations=19 (full 1):
 par new generation   total 436928K, used 351956K [0x0000000080000000, 0x00000000a0000000, 0x00000000a0000000)
  eden space 349568K, 100% used [0x0000000080000000, 0x0000000095560000, 0x0000000095560000)
  from space 87360K,   2% used [0x000000009aab0000, 0x000000009ad053e8, 0x00000000a0000000)
  to   space 87360K,   0% used [0x0000000095560000, 0x0000000095560000, 0x000000009aab0000)
 concurrent mark-sweep generation total 1572864K, used 17520K [0x00000000a0000000, 0x0000000100000000, 0x0000000100000000)
 Metaspace       used 39512K, capacity 39930K, committed 40356K, reserved 1085440K
  class space    used 4594K, capacity 4727K, committed 4832K, reserved 1048576K
2016-02-11T15:53:53.084+0100: 976,169: [GC (Allocation Failure) 2016-02-11T15:53:53.084+0100: 976,169: [ParNew
Desired survivor size 80510976 bytes, new threshold 8 (max 8)
- age   1:    1045768 bytes,    1045768 total
- age   2:      48272 bytes,    1094040 total
- age   3:      68824 bytes,    1162864 total
- age   4:     100456 bytes,    1263320 total
- age   5:     562560 bytes,    1825880 total
- age   6:      33480 bytes,    1859360 total
- age   7:      35576 bytes,    1894936 total
- age   8:      29664 bytes,    1924600 total
: 351956K->2239K(436928K), 0,0114086 secs] 369477K->19791K(2009792K), 0,0115250 secs] [Times: user=0,04 sys=0,00, real=0,01 secs] 
Heap after GC invocations=20 (full 1):
 par new generation   total 436928K, used 2239K [0x0000000080000000, 0x00000000a0000000, 0x00000000a0000000)
  eden space 349568K,   0% used [0x0000000080000000, 0x0000000080000000, 0x0000000095560000)
  from space 87360K,   2% used [0x0000000095560000, 0x000000009578fe70, 0x000000009aab0000)
  to   space 87360K,   0% used [0x000000009aab0000, 0x000000009aab0000, 0x00000000a0000000)
 concurrent mark-sweep generation total 1572864K, used 17552K [0x00000000a0000000, 0x0000000100000000, 0x0000000100000000)
 Metaspace       used 39512K, capacity 39930K, committed 40356K, reserved 1085440K
  class space    used 4594K, capacity 4727K, committed 4832K, reserved 1048576K
}
2016-02-11T15:53:53.096+0100: 976,181: Total time for which application threads were stopped: 0,0117954 seconds, Stopping threads took: 0,0000341 seconds
2016-02-11T15:53:54.867+0100: 977,952: Total time for which application threads were stopped: 0,0002985 seconds, Stopping threads took: 0,0000517 seconds
2016-02-11T15:53:54.873+0100: 977,958: Total time for which application threads were stopped: 0,0002312 seconds, Stopping threads took: 0,0000426 seconds
2016-02-11T15:53:55.873+0100: 978,958: Total time for which application threads were stopped: 0,0001057 seconds, Stopping threads took: 0,0000290 seconds
2016-02-11T15:54:17.875+0100: 1000,960: Total time for which application threads were stopped: 0,0001868 seconds, Stopping threads took: 0,0000483 seconds
2016-02-11T15:54:45.878+0100: 1028,963: Total time for which application threads were stopped: 0,0001885 seconds, Stopping threads took: 0,0000488 seconds
2016-02-11T15:55:02.407+0100: 1045,492: Total time for which application threads were stopped: 0,0002265 seconds, Stopping threads took: 0,0000422 seconds
2016-02-11T15:55:02.452+0100: 1045,537: Total time for which application threads were stopped: 0,0002335 seconds, Stopping threads took: 0,0000460 seconds
2016-02-11T15:55:02.454+0100: 1045,539: Total time for which application threads were stopped: 0,0005228 seconds, Stopping threads took: 0,0000336 seconds
2016-02-11T15:55:02.461+0100: 1045,546: Total time for which application threads were stopped: 0,0002009 seconds, Stopping threads took: 0,0000311 seconds
2016-02-11T15:55:02.461+0100: 1045,546: Total time for which application threads were stopped: 0,0001469 seconds, Stopping threads took: 0,0000272 seconds
{Heap before GC invocations=20 (full 1):
 par new generation   total 436928K, used 351807K [0x0000000080000000, 0x00000000a0000000, 0x00000000a0000000)
  eden space 349568K, 100% used [0x0000000080000000, 0x0000000095560000, 0x0000000095560000)
  from space 87360K,   2% used [0x0000000095560000, 0x000000009578fe70, 0x000000009aab0000)
  to   space 87360K,   0% used [0x000000009aab0000, 0x000000009aab0000, 0x00000000a0000000)
 concurrent mark-sweep generation total 1572864K, used 17552K [0x00000000a0000000, 0x0000000100000000, 0x0000000100000000)
 Metaspace       used 39570K, capacity 39994K, committed 40356K, reserved 1085440K
  class space    used 4594K, capacity 4727K, committed 4832K, reserved 1048576K
2016-02-11T15:55:03.445+0100: 1046,530: [GC (Allocation Failure) 2016-02-11T15:55:03.504+0100: 1046,590: [ParNew
Desired survivor size 80510976 bytes, new threshold 8 (max 8)
- age   1:    1400608 bytes,    1400608 total
- age   2:      40992 bytes,    1441600 total
- age   3:      45624 bytes,    1487224 total
- age   4:      66224 bytes,    1553448 total
- age   5:      98264 bytes,    1651712 total
- age   6:     248920 bytes,    1900632 total
- age   7:      33480 bytes,    1934112 total
- age   8:      35576 bytes,    1969688 total
: 351807K->2858K(436928K), 0,0127700 secs] 369359K->20440K(2009792K), 0,0727656 secs] [Times: user=0,03 sys=0,01, real=0,08 secs] 
Heap after GC invocations=21 (full 1):
 par new generation   total 436928K, used 2858K [0x0000000080000000, 0x00000000a0000000, 0x00000000a0000000)
  eden space 349568K,   0% used [0x0000000080000000, 0x0000000080000000, 0x0000000095560000)
  from space 87360K,   3% used [0x000000009aab0000, 0x000000009ad7ab28, 0x00000000a0000000)
  to   space 87360K,   0% used [0x0000000095560000, 0x0000000095560000, 0x000000009aab0000)
 concurrent mark-sweep generation total 1572864K, used 17581K [0x00000000a0000000, 0x0000000100000000, 0x0000000100000000)
 Metaspace       used 39570K, capacity 39994K, committed 40356K, reserved 1085440K
  class space    used 4594K, capacity 4727K, committed 4832K, reserved 1048576K
}
2016-02-11T15:55:03.517+0100: 1046,602: Total time for which application threads were stopped: 0,0730209 seconds, Stopping threads took: 0,0000341 seconds
{Heap before GC invocations=21 (full 1):
 par new generation   total 436928K, used 352426K [0x0000000080000000, 0x00000000a0000000, 0x00000000a0000000)
  eden space 349568K, 100% used [0x0000000080000000, 0x0000000095560000, 0x0000000095560000)
  from space 87360K,   3% used [0x000000009aab0000, 0x000000009ad7ab28, 0x00000000a0000000)
  to   space 87360K,   0% used [0x0000000095560000, 0x0000000095560000, 0x000000009aab0000)
 concurrent mark-sweep generation total 1572864K, used 17581K [0x00000000a0000000, 0x0000000100000000, 0x0000000100000000)
 Metaspace       used 39570K, capacity 39994K, committed 40356K, reserved 1085440K
  class space    used 4594K, capacity 4727K, committed 4832K, reserved 1048576K
2016-02-11T15:55:07.353+0100: 1050,439: [GC (Allocation Failure) 2016-02-11T15:55:07.354+0100: 1050,439: [ParNew
Desired survivor size 80510976 bytes, new threshold 8 (max 8)
- age   1:     977144 bytes,     977144 total
- age   2:     375224 bytes,    1352368 total
- age   3:      39744 bytes,    1392112 total
- age   4:      43992 bytes,    1436104 total
- age   5:      64856 bytes,    1500960 total
- age   6:      96336 bytes,    1597296 total
- age   7:     247408 bytes,    1844704 total
- age   8:      33480 bytes,    1878184 total
: 352426K->2541K(436928K), 0,0089746 secs] 370008K->20157K(2009792K), 0,0090653 secs] [Times: user=0,03 sys=0,00, real=0,01 secs] 
Heap after GC invocations=22 (full 1):
 par new generation   total 436928K, used 2541K [0x0000000080000000, 0x00000000a0000000, 0x00000000a0000000)
  eden space 349568K,   0% used [0x0000000080000000, 0x0000000080000000, 0x0000000095560000)
  from space 87360K,   2% used [0x0000000095560000, 0x00000000957db778, 0x000000009aab0000)
  to   space 87360K,   0% used [0x000000009aab0000, 0x000000009aab0000, 0x00000000a0000000)
 concurrent mark-sweep generation total 1572864K, used 17616K [0x00000000a0000000, 0x0000000100000000, 0x0000000100000000)
 Metaspace       used 39570K, capacity 39994K, committed 40356K, reserved 1085440K
  class space    used 4594K, capacity 4727K, committed 4832K, reserved 1048576K
}
2016-02-11T15:55:07.363+0100: 1050,448: Total time for which application threads were stopped: 0,0092722 seconds, Stopping threads took: 0,0000242 seconds
2016-02-11T15:55:09.363+0100: 1052,448: Total time for which application threads were stopped: 0,0001834 seconds, Stopping threads took: 0,0000657 seconds
{Heap before GC invocations=22 (full 1):
 par new generation   total 436928K, used 352109K [0x0000000080000000, 0x00000000a0000000, 0x00000000a0000000)
  eden space 349568K, 100% used [0x0000000080000000, 0x0000000095560000, 0x0000000095560000)
  from space 87360K,   2% used [0x0000000095560000, 0x00000000957db778, 0x000000009aab0000)
  to   space 87360K,   0% used [0x000000009aab0000, 0x000000009aab0000, 0x00000000a0000000)
 concurrent mark-sweep generation total 1572864K, used 17616K [0x00000000a0000000, 0x0000000100000000, 0x0000000100000000)
 Metaspace       used 39574K, capacity 39994K, committed 40356K, reserved 1085440K
  class space    used 4594K, capacity 4727K, committed 4832K, reserved 1048576K
2016-02-11T15:55:11.166+0100: 1054,251: [GC (Allocation Failure) 2016-02-11T15:55:11.167+0100: 1054,252: [ParNew
Desired survivor size 80510976 bytes, new threshold 8 (max 8)
- age   1:    1048392 bytes,    1048392 total
- age   2:      60160 bytes,    1108552 total
- age   3:     373248 bytes,    1481800 total
- age   4:      38496 bytes,    1520296 total
- age   5:      43536 bytes,    1563832 total
- age   6:      64040 bytes,    1627872 total
- age   7:      95616 bytes,    1723488 total
- age   8:     246976 bytes,    1970464 total
: 352109K->2425K(436928K), 0,0136863 secs] 369725K->20074K(2009792K), 0,0138001 secs] [Times: user=0,04 sys=0,00, real=0,01 secs] 
Heap after GC invocations=23 (full 1):
 par new generation   total 436928K, used 2425K [0x0000000080000000, 0x00000000a0000000, 0x00000000a0000000)
  eden space 349568K,   0% used [0x0000000080000000, 0x0000000080000000, 0x0000000095560000)
  from space 87360K,   2% used [0x000000009aab0000, 0x000000009ad0e680, 0x00000000a0000000)
  to   space 87360K,   0% used [0x0000000095560000, 0x0000000095560000, 0x000000009aab0000)
 concurrent mark-sweep generation total 1572864K, used 17648K [0x00000000a0000000, 0x0000000100000000, 0x0000000100000000)
 Metaspace       used 39574K, capacity 39994K, committed 40356K, reserved 1085440K
  class space    used 4594K, capacity 4727K, committed 4832K, reserved 1048576K
}
2016-02-11T15:55:11.180+0100: 1054,265: Total time for which application threads were stopped: 0,0140691 seconds, Stopping threads took: 0,0000292 seconds
2016-02-11T15:55:13.181+0100: 1056,266: Total time for which application threads were stopped: 0,0002486 seconds, Stopping threads took: 0,0001292 seconds
{Heap before GC invocations=23 (full 1):
 par new generation   total 436928K, used 351993K [0x0000000080000000, 0x00000000a0000000, 0x00000000a0000000)
  eden space 349568K, 100% used [0x0000000080000000, 0x0000000095560000, 0x0000000095560000)
  from space 87360K,   2% used [0x000000009aab0000, 0x000000009ad0e680, 0x00000000a0000000)
  to   space 87360K,   0% used [0x0000000095560000, 0x0000000095560000, 0x000000009aab0000)
 concurrent mark-sweep generation total 1572864K, used 17648K [0x00000000a0000000, 0x0000000100000000, 0x0000000100000000)
 Metaspace       used 39575K, capacity 39994K, committed 40356K, reserved 1085440K
  class space    used 4594K, capacity 4727K, committed 4832K, reserved 1048576K
2016-02-11T15:55:14.999+0100: 1058,084: [GC (Allocation Failure) 2016-02-11T15:55:14.999+0100: 1058,084: [ParNew
Desired survivor size 80510976 bytes, new threshold 8 (max 8)
- age   1:    1033248 bytes,    1033248 total
- age   2:      54064 bytes,    1087312 total
- age   3:      58288 bytes,    1145600 total
- age   4:     372648 bytes,    1518248 total
- age   5:      37992 bytes,    1556240 total
- age   6:      43080 bytes,    1599320 total
- age   7:      63656 bytes,    1662976 total
- age   8:      95280 bytes,    1758256 total
: 351993K->2528K(436928K), 0,0132184 secs] 369642K->20419K(2009792K), 0,0133496 secs] [Times: user=0,05 sys=0,00, real=0,01 secs] 
Heap after GC invocations=24 (full 1):
 par new generation   total 436928K, used 2528K [0x0000000080000000, 0x00000000a0000000, 0x00000000a0000000)
  eden space 349568K,   0% used [0x0000000080000000, 0x0000000080000000, 0x0000000095560000)
  from space 87360K,   2% used [0x0000000095560000, 0x00000000957d82e0, 0x000000009aab0000)
  to   space 87360K,   0% used [0x000000009aab0000, 0x000000009aab0000, 0x00000000a0000000)
 concurrent mark-sweep generation total 1572864K, used 17891K [0x00000000a0000000, 0x0000000100000000, 0x0000000100000000)
 Metaspace       used 39575K, capacity 39994K, committed 40356K, reserved 1085440K
  class space    used 4594K, capacity 4727K, committed 4832K, reserved 1048576K
}
2016-02-11T15:55:15.012+0100: 1058,097: Total time for which application threads were stopped: 0,0136364 seconds, Stopping threads took: 0,0000554 seconds
{Heap before GC invocations=24 (full 1):
 par new generation   total 436928K, used 352096K [0x0000000080000000, 0x00000000a0000000, 0x00000000a0000000)
  eden space 349568K, 100% used [0x0000000080000000, 0x0000000095560000, 0x0000000095560000)
  from space 87360K,   2% used [0x0000000095560000, 0x00000000957d82e0, 0x000000009aab0000)
  to   space 87360K,   0% used [0x000000009aab0000, 0x000000009aab0000, 0x00000000a0000000)
 concurrent mark-sweep generation total 1572864K, used 17891K [0x00000000a0000000, 0x0000000100000000, 0x0000000100000000)
 Metaspace       used 39575K, capacity 39994K, committed 40356K, reserved 1085440K
  class space    used 4594K, capacity 4727K, committed 4832K, reserved 1048576K
2016-02-11T15:55:18.894+0100: 1061,979: [GC (Allocation Failure) 2016-02-11T15:55:18.894+0100: 1061,979: [ParNew
Desired survivor size 80510976 bytes, new threshold 8 (max 8)
- age   1:    1020344 bytes,    1020344 total
- age   2:      41296 bytes,    1061640 total
- age   3:      52560 bytes,    1114200 total
- age   4:      57376 bytes,    1171576 total
- age   5:     372144 bytes,    1543720 total
- age   6:      36952 bytes,    1580672 total
- age   7:      42888 bytes,    1623560 total
- age   8:      63368 bytes,    1686928 total
: 352096K->2397K(436928K), 0,0122665 secs] 369987K->20380K(2009792K), 0,0124005 secs] [Times: user=0,04 sys=0,00, real=0,02 secs] 
Heap after GC invocations=25 (full 1):
 par new generation   total 436928K, used 2397K [0x0000000080000000, 0x00000000a0000000, 0x00000000a0000000)
  eden space 349568K,   0% used [0x0000000080000000, 0x0000000080000000, 0x0000000095560000)
  from space 87360K,   2% used [0x000000009aab0000, 0x000000009ad07418, 0x00000000a0000000)
  to   space 87360K,   0% used [0x0000000095560000, 0x0000000095560000, 0x000000009aab0000)
 concurrent mark-sweep generation total 1572864K, used 17983K [0x00000000a0000000, 0x0000000100000000, 0x0000000100000000)
 Metaspace       used 39575K, capacity 39994K, committed 40356K, reserved 1085440K
  class space    used 4594K, capacity 4727K, committed 4832K, reserved 1048576K
}
2016-02-11T15:55:18.907+0100: 1061,992: Total time for which application threads were stopped: 0,0127228 seconds, Stopping threads took: 0,0000426 seconds
2016-02-11T15:55:21.957+0100: 1065,043: Total time for which application threads were stopped: 0,0002025 seconds, Stopping threads took: 0,0000508 seconds
{Heap before GC invocations=25 (full 1):
 par new generation   total 436928K, used 351965K [0x0000000080000000, 0x00000000a0000000, 0x00000000a0000000)
  eden space 349568K, 100% used [0x0000000080000000, 0x0000000095560000, 0x0000000095560000)
  from space 87360K,   2% used [0x000000009aab0000, 0x000000009ad07418, 0x00000000a0000000)
  to   space 87360K,   0% used [0x0000000095560000, 0x0000000095560000, 0x000000009aab0000)
 concurrent mark-sweep generation total 1572864K, used 17983K [0x00000000a0000000, 0x0000000100000000, 0x0000000100000000)
 Metaspace       used 39575K, capacity 39994K, committed 40356K, reserved 1085440K
  class space    used 4594K, capacity 4727K, committed 4832K, reserved 1048576K
2016-02-11T15:55:22.728+0100: 1065,813: [GC (Allocation Failure) 2016-02-11T15:55:22.728+0100: 1065,813: [ParNew
Desired survivor size 80510976 bytes, new threshold 8 (max 8)
- age   1:    1073712 bytes,    1073712 total
- age   2:      39600 bytes,    1113312 total
- age   3:      38936 bytes,    1152248 total
- age   4:      50488 bytes,    1202736 total
- age   5:      56776 bytes,    1259512 total
- age   6:     363336 bytes,    1622848 total
- age   7:      36712 bytes,    1659560 total
- age   8:      42648 bytes,    1702208 total
: 351965K->1989K(436928K), 0,0105650 secs] 369948K->20035K(2009792K), 0,0106858 secs] [Times: user=0,03 sys=0,00, real=0,01 secs] 
Heap after GC invocations=26 (full 1):
 par new generation   total 436928K, used 1989K [0x0000000080000000, 0x00000000a0000000, 0x00000000a0000000)
  eden space 349568K,   0% used [0x0000000080000000, 0x0000000080000000, 0x0000000095560000)
  from space 87360K,   2% used [0x0000000095560000, 0x0000000095751520, 0x000000009aab0000)
  to   space 87360K,   0% used [0x000000009aab0000, 0x000000009aab0000, 0x00000000a0000000)
 concurrent mark-sweep generation total 1572864K, used 18045K [0x00000000a0000000, 0x0000000100000000, 0x0000000100000000)
 Metaspace       used 39575K, capacity 39994K, committed 40356K, reserved 1085440K
  class space    used 4594K, capacity 4727K, committed 4832K, reserved 1048576K
}
2016-02-11T15:55:22.739+0100: 1065,824: Total time for which application threads were stopped: 0,0109281 seconds, Stopping threads took: 0,0000286 seconds
2016-02-11T15:55:23.739+0100: 1066,824: Total time for which application threads were stopped: 0,0001654 seconds, Stopping threads took: 0,0000405 seconds
2016-02-11T15:56:13.745+0100: 1116,830: Total time for which application threads were stopped: 0,0001885 seconds, Stopping threads took: 0,0000517 seconds
2016-02-11T15:56:57.414+0100: 1160,499: Total time for which application threads were stopped: 0,0001906 seconds, Stopping threads took: 0,0000336 seconds
2016-02-11T15:56:57.450+0100: 1160,535: Total time for which application threads were stopped: 0,0002419 seconds, Stopping threads took: 0,0000483 seconds
2016-02-11T15:56:57.452+0100: 1160,537: Total time for which application threads were stopped: 0,0001629 seconds, Stopping threads took: 0,0000282 seconds
2016-02-11T15:56:57.460+0100: 1160,545: Total time for which application threads were stopped: 0,0002701 seconds, Stopping threads took: 0,0000550 seconds
2016-02-11T15:56:58.460+0100: 1161,545: Total time for which application threads were stopped: 0,0001522 seconds, Stopping threads took: 0,0000296 seconds
2016-02-11T15:57:00.460+0100: 1163,545: Total time for which application threads were stopped: 0,0002127 seconds, Stopping threads took: 0,0000803 seconds
{Heap before GC invocations=26 (full 1):
 par new generation   total 436928K, used 351557K [0x0000000080000000, 0x00000000a0000000, 0x00000000a0000000)
  eden space 349568K, 100% used [0x0000000080000000, 0x0000000095560000, 0x0000000095560000)
  from space 87360K,   2% used [0x0000000095560000, 0x0000000095751520, 0x000000009aab0000)
  to   space 87360K,   0% used [0x000000009aab0000, 0x000000009aab0000, 0x00000000a0000000)
 concurrent mark-sweep generation total 1572864K, used 18045K [0x00000000a0000000, 0x0000000100000000, 0x0000000100000000)
 Metaspace       used 39577K, capacity 39994K, committed 40356K, reserved 1085440K
  class space    used 4594K, capacity 4727K, committed 4832K, reserved 1048576K
2016-02-11T15:57:00.718+0100: 1163,803: [GC (Allocation Failure) 2016-02-11T15:57:00.737+0100: 1163,822: [ParNew
Desired survivor size 80510976 bytes, new threshold 8 (max 8)
- age   1:    1373048 bytes,    1373048 total
- age   2:      46488 bytes,    1419536 total
- age   3:      35864 bytes,    1455400 total
- age   4:      36904 bytes,    1492304 total
- age   5:      47144 bytes,    1539448 total
- age   6:      54312 bytes,    1593760 total
- age   7:      84400 bytes,    1678160 total
- age   8:      36208 bytes,    1714368 total
: 351557K->2935K(436928K), 0,0099292 secs] 369603K->21022K(2009792K), 0,0291792 secs] [Times: user=0,02 sys=0,00, real=0,03 secs] 
Heap after GC invocations=27 (full 1):
 par new generation   total 436928K, used 2935K [0x0000000080000000, 0x00000000a0000000, 0x00000000a0000000)
  eden space 349568K,   0% used [0x0000000080000000, 0x0000000080000000, 0x0000000095560000)
  from space 87360K,   3% used [0x000000009aab0000, 0x000000009ad8de80, 0x00000000a0000000)
  to   space 87360K,   0% used [0x0000000095560000, 0x0000000095560000, 0x000000009aab0000)
 concurrent mark-sweep generation total 1572864K, used 18087K [0x00000000a0000000, 0x0000000100000000, 0x0000000100000000)
 Metaspace       used 39577K, capacity 39994K, committed 40356K, reserved 1085440K
  class space    used 4594K, capacity 4727K, committed 4832K, reserved 1048576K
}
2016-02-11T15:57:00.747+0100: 1163,832: Total time for which application threads were stopped: 0,0295167 seconds, Stopping threads took: 0,0000476 seconds
{Heap before GC invocations=27 (full 1):
 par new generation   total 436928K, used 352503K [0x0000000080000000, 0x00000000a0000000, 0x00000000a0000000)
  eden space 349568K, 100% used [0x0000000080000000, 0x0000000095560000, 0x0000000095560000)
  from space 87360K,   3% used [0x000000009aab0000, 0x000000009ad8de80, 0x00000000a0000000)
  to   space 87360K,   0% used [0x0000000095560000, 0x0000000095560000, 0x000000009aab0000)
 concurrent mark-sweep generation total 1572864K, used 18087K [0x00000000a0000000, 0x0000000100000000, 0x0000000100000000)
 Metaspace       used 39577K, capacity 39994K, committed 40356K, reserved 1085440K
  class space    used 4594K, capacity 4727K, committed 4832K, reserved 1048576K
2016-02-11T15:57:04.519+0100: 1167,605: [GC (Allocation Failure) 2016-02-11T15:57:04.520+0100: 1167,605: [ParNew
Desired survivor size 80510976 bytes, new threshold 8 (max 8)
- age   1:    1034960 bytes,    1034960 total
- age   2:     385464 bytes,    1420424 total
- age   3:      45024 bytes,    1465448 total
- age   4:      34712 bytes,    1500160 total
- age   5:      36352 bytes,    1536512 total
- age   6:      45792 bytes,    1582304 total
- age   7:      53808 bytes,    1636112 total
- age   8:      83584 bytes,    1719696 total
: 352503K->2160K(436928K), 0,0095905 secs] 370590K->20282K(2009792K), 0,0097023 secs] [Times: user=0,03 sys=0,00, real=0,01 secs] 
Heap after GC invocations=28 (full 1):
 par new generation   total 436928K, used 2160K [0x0000000080000000, 0x00000000a0000000, 0x00000000a0000000)
  eden space 349568K,   0% used [0x0000000080000000, 0x0000000080000000, 0x0000000095560000)
  from space 87360K,   2% used [0x0000000095560000, 0x000000009577c080, 0x000000009aab0000)
  to   space 87360K,   0% used [0x000000009aab0000, 0x000000009aab0000, 0x00000000a0000000)
 concurrent mark-sweep generation total 1572864K, used 18122K [0x00000000a0000000, 0x0000000100000000, 0x0000000100000000)
 Metaspace       used 39577K, capacity 39994K, committed 40356K, reserved 1085440K
  class space    used 4594K, capacity 4727K, committed 4832K, reserved 1048576K
}
2016-02-11T15:57:04.529+0100: 1167,614: Total time for which application threads were stopped: 0,0099521 seconds, Stopping threads took: 0,0000324 seconds
{Heap before GC invocations=28 (full 1):
 par new generation   total 436928K, used 351728K [0x0000000080000000, 0x00000000a0000000, 0x00000000a0000000)
  eden space 349568K, 100% used [0x0000000080000000, 0x0000000095560000, 0x0000000095560000)
  from space 87360K,   2% used [0x0000000095560000, 0x000000009577c080, 0x000000009aab0000)
  to   space 87360K,   0% used [0x000000009aab0000, 0x000000009aab0000, 0x00000000a0000000)
 concurrent mark-sweep generation total 1572864K, used 18122K [0x00000000a0000000, 0x0000000100000000, 0x0000000100000000)
 Metaspace       used 39578K, capacity 39994K, committed 40356K, reserved 1085440K
  class space    used 4594K, capacity 4727K, committed 4832K, reserved 1048576K
2016-02-11T15:57:08.362+0100: 1171,447: [GC (Allocation Failure) 2016-02-11T15:57:08.362+0100: 1171,447: [ParNew
Desired survivor size 80510976 bytes, new threshold 8 (max 8)
- age   1:    1034576 bytes,    1034576 total
- age   2:      54960 bytes,    1089536 total
- age   3:     381592 bytes,    1471128 total
- age   4:      44616 bytes,    1515744 total
- age   5:      34376 bytes,    1550120 total
- age   6:      35968 bytes,    1586088 total
- age   7:      45528 bytes,    1631616 total
- age   8:      53616 bytes,    1685232 total
: 351728K->2547K(436928K), 0,0119816 secs] 369850K->20752K(2009792K), 0,0121256 secs] [Times: user=0,02 sys=0,01, real=0,01 secs] 
Heap after GC invocations=29 (full 1):
 par new generation   total 436928K, used 2547K [0x0000000080000000, 0x00000000a0000000, 0x00000000a0000000)
  eden space 349568K,   0% used [0x0000000080000000, 0x0000000080000000, 0x0000000095560000)
  from space 87360K,   2% used [0x000000009aab0000, 0x000000009ad2cf90, 0x00000000a0000000)
  to   space 87360K,   0% used [0x0000000095560000, 0x0000000095560000, 0x000000009aab0000)
 concurrent mark-sweep generation total 1572864K, used 18204K [0x00000000a0000000, 0x0000000100000000, 0x0000000100000000)
 Metaspace       used 39578K, capacity 39994K, committed 40356K, reserved 1085440K
  class space    used 4594K, capacity 4727K, committed 4832K, reserved 1048576K
}
2016-02-11T15:57:08.374+0100: 1171,459: Total time for which application threads were stopped: 0,0124731 seconds, Stopping threads took: 0,0000433 seconds
2016-02-11T15:57:09.374+0100: 1172,459: Total time for which application threads were stopped: 0,0001997 seconds, Stopping threads took: 0,0000436 seconds
{Heap before GC invocations=29 (full 1):
 par new generation   total 436928K, used 352112K [0x0000000080000000, 0x00000000a0000000, 0x00000000a0000000)
  eden space 349568K,  99% used [0x0000000080000000, 0x000000009555f390, 0x0000000095560000)
  from space 87360K,   2% used [0x000000009aab0000, 0x000000009ad2cf90, 0x00000000a0000000)
  to   space 87360K,   0% used [0x0000000095560000, 0x0000000095560000, 0x000000009aab0000)
 concurrent mark-sweep generation total 1572864K, used 18204K [0x00000000a0000000, 0x0000000100000000, 0x0000000100000000)
 Metaspace       used 39581K, capacity 39994K, committed 40356K, reserved 1085440K
  class space    used 4594K, capacity 4727K, committed 4832K, reserved 1048576K
2016-02-11T15:57:12.092+0100: 1175,177: [GC (Allocation Failure) 2016-02-11T15:57:12.092+0100: 1175,177: [ParNew
Desired survivor size 80510976 bytes, new threshold 8 (max 8)
- age   1:    1021368 bytes,    1021368 total
- age   2:      45184 bytes,    1066552 total
- age   3:      53408 bytes,    1119960 total
- age   4:     380344 bytes,    1500304 total
- age   5:      44040 bytes,    1544344 total
- age   6:      33528 bytes,    1577872 total
- age   7:      35752 bytes,    1613624 total
- age   8:      45408 bytes,    1659032 total
: 352112K->2132K(436928K), 0,0095943 secs] 370317K->20389K(2009792K), 0,0096930 secs] [Times: user=0,03 sys=0,00, real=0,01 secs] 
Heap after GC invocations=30 (full 1):
 par new generation   total 436928K, used 2132K [0x0000000080000000, 0x00000000a0000000, 0x00000000a0000000)
  eden space 349568K,   0% used [0x0000000080000000, 0x0000000080000000, 0x0000000095560000)
  from space 87360K,   2% used [0x0000000095560000, 0x0000000095775178, 0x000000009aab0000)
  to   space 87360K,   0% used [0x000000009aab0000, 0x000000009aab0000, 0x00000000a0000000)
 concurrent mark-sweep generation total 1572864K, used 18256K [0x00000000a0000000, 0x0000000100000000, 0x0000000100000000)
 Metaspace       used 39581K, capacity 39994K, committed 40356K, reserved 1085440K
  class space    used 4594K, capacity 4727K, committed 4832K, reserved 1048576K
}
2016-02-11T15:57:12.101+0100: 1175,186: Total time for which application threads were stopped: 0,0099149 seconds, Stopping threads took: 0,0000259 seconds
2016-02-11T15:57:13.102+0100: 1176,187: Total time for which application threads were stopped: 0,0002644 seconds, Stopping threads took: 0,0000912 seconds
{Heap before GC invocations=30 (full 1):
 par new generation   total 436928K, used 351700K [0x0000000080000000, 0x00000000a0000000, 0x00000000a0000000)
  eden space 349568K, 100% used [0x0000000080000000, 0x0000000095560000, 0x0000000095560000)
  from space 87360K,   2% used [0x0000000095560000, 0x0000000095775178, 0x000000009aab0000)
  to   space 87360K,   0% used [0x000000009aab0000, 0x000000009aab0000, 0x00000000a0000000)
 concurrent mark-sweep generation total 1572864K, used 18256K [0x00000000a0000000, 0x0000000100000000, 0x0000000100000000)
 Metaspace       used 39581K, capacity 39994K, committed 40356K, reserved 1085440K
  class space    used 4594K, capacity 4727K, committed 4832K, reserved 1048576K
2016-02-11T15:57:15.409+0100: 1178,494: [GC (Allocation Failure) 2016-02-11T15:57:15.409+0100: 1178,494: [ParNew
Desired survivor size 80510976 bytes, new threshold 8 (max 8)
- age   1:    1043128 bytes,    1043128 total
- age   2:      43216 bytes,    1086344 total
- age   3:      42664 bytes,    1129008 total
- age   4:      51696 bytes,    1180704 total
- age   5:     379688 bytes,    1560392 total
- age   6:      43920 bytes,    1604312 total
- age   7:      33408 bytes,    1637720 total
- age   8:      35512 bytes,    1673232 total
: 351700K->2003K(436928K), 0,0091557 secs] 369957K->20304K(2009792K), 0,0092492 secs] [Times: user=0,03 sys=0,00, real=0,01 secs] 
Heap after GC invocations=31 (full 1):
 par new generation   total 436928K, used 2003K [0x0000000080000000, 0x00000000a0000000, 0x00000000a0000000)
  eden space 349568K,   0% used [0x0000000080000000, 0x0000000080000000, 0x0000000095560000)
  from space 87360K,   2% used [0x000000009aab0000, 0x000000009aca4e10, 0x00000000a0000000)
  to   space 87360K,   0% used [0x0000000095560000, 0x0000000095560000, 0x000000009aab0000)
 concurrent mark-sweep generation total 1572864K, used 18301K [0x00000000a0000000, 0x0000000100000000, 0x0000000100000000)
 Metaspace       used 39581K, capacity 39994K, committed 40356K, reserved 1085440K
  class space    used 4594K, capacity 4727K, committed 4832K, reserved 1048576K
}
2016-02-11T15:57:15.418+0100: 1178,503: Total time for which application threads were stopped: 0,0094767 seconds, Stopping threads took: 0,0000232 seconds
2016-02-11T15:57:15.910+0100: 1178,995: Total time for which application threads were stopped: 0,0002084 seconds, Stopping threads took: 0,0000296 seconds
2016-02-11T15:57:15.915+0100: 1179,000: Total time for which application threads were stopped: 0,0001651 seconds, Stopping threads took: 0,0000385 seconds
2016-02-11T15:57:17.915+0100: 1181,000: Total time for which application threads were stopped: 0,0000977 seconds, Stopping threads took: 0,0000265 seconds
2016-02-11T15:58:07.921+0100: 1231,006: Total time for which application threads were stopped: 0,0001802 seconds, Stopping threads took: 0,0000477 seconds
2016-02-11T15:58:37.429+0100: 1260,514: Total time for which application threads were stopped: 0,0002489 seconds, Stopping threads took: 0,0000423 seconds
2016-02-11T15:58:37.463+0100: 1260,548: Total time for which application threads were stopped: 0,0002884 seconds, Stopping threads took: 0,0000477 seconds
2016-02-11T15:58:37.464+0100: 1260,550: Total time for which application threads were stopped: 0,0002065 seconds, Stopping threads took: 0,0000352 seconds
2016-02-11T15:58:37.472+0100: 1260,557: Total time for which application threads were stopped: 0,0002558 seconds, Stopping threads took: 0,0000487 seconds
{Heap before GC invocations=31 (full 1):
 par new generation   total 436928K, used 351571K [0x0000000080000000, 0x00000000a0000000, 0x00000000a0000000)
  eden space 349568K, 100% used [0x0000000080000000, 0x0000000095560000, 0x0000000095560000)
  from space 87360K,   2% used [0x000000009aab0000, 0x000000009aca4e10, 0x00000000a0000000)
  to   space 87360K,   0% used [0x0000000095560000, 0x0000000095560000, 0x000000009aab0000)
 concurrent mark-sweep generation total 1572864K, used 18301K [0x00000000a0000000, 0x0000000100000000, 0x0000000100000000)
 Metaspace       used 39584K, capacity 39994K, committed 40356K, reserved 1085440K
  class space    used 4594K, capacity 4727K, committed 4832K, reserved 1048576K
2016-02-11T15:58:39.243+0100: 1262,328: [GC (Allocation Failure) 2016-02-11T15:58:39.277+0100: 1262,362: [ParNew
Desired survivor size 80510976 bytes, new threshold 8 (max 8)
- age   1:    1318032 bytes,    1318032 total
- age   2:      35312 bytes,    1353344 total
- age   3:      40776 bytes,    1394120 total
- age   4:      40440 bytes,    1434560 total
- age   5:      49544 bytes,    1484104 total
- age   6:      99000 bytes,    1583104 total
- age   7:      35184 bytes,    1618288 total
- age   8:      33240 bytes,    1651528 total
: 351571K->2138K(436928K), 0,0130521 secs] 369872K->20474K(2009792K), 0,0468818 secs] [Times: user=0,04 sys=0,01, real=0,05 secs] 
Heap after GC invocations=32 (full 1):
 par new generation   total 436928K, used 2138K [0x0000000080000000, 0x00000000a0000000, 0x00000000a0000000)
  eden space 349568K,   0% used [0x0000000080000000, 0x0000000080000000, 0x0000000095560000)
  from space 87360K,   2% used [0x0000000095560000, 0x0000000095776b40, 0x000000009aab0000)
  to   space 87360K,   0% used [0x000000009aab0000, 0x000000009aab0000, 0x00000000a0000000)
 concurrent mark-sweep generation total 1572864K, used 18335K [0x00000000a0000000, 0x0000000100000000, 0x0000000100000000)
 Metaspace       used 39584K, capacity 39994K, committed 40356K, reserved 1085440K
  class space    used 4594K, capacity 4727K, committed 4832K, reserved 1048576K
}
2016-02-11T15:58:39.290+0100: 1262,375: Total time for which application threads were stopped: 0,0471384 seconds, Stopping threads took: 0,0000387 seconds
{Heap before GC invocations=32 (full 1):
 par new generation   total 436928K, used 351706K [0x0000000080000000, 0x00000000a0000000, 0x00000000a0000000)
  eden space 349568K, 100% used [0x0000000080000000, 0x0000000095560000, 0x0000000095560000)
  from space 87360K,   2% used [0x0000000095560000, 0x0000000095776b40, 0x000000009aab0000)
  to   space 87360K,   0% used [0x000000009aab0000, 0x000000009aab0000, 0x00000000a0000000)
 concurrent mark-sweep generation total 1572864K, used 18335K [0x00000000a0000000, 0x0000000100000000, 0x0000000100000000)
 Metaspace       used 39584K, capacity 39994K, committed 40356K, reserved 1085440K
  class space    used 4594K, capacity 4727K, committed 4832K, reserved 1048576K
2016-02-11T15:58:43.093+0100: 1266,178: [GC (Allocation Failure) 2016-02-11T15:58:43.093+0100: 1266,178: [ParNew
Desired survivor size 80510976 bytes, new threshold 8 (max 8)
- age   1:    1060664 bytes,    1060664 total
- age   2:     372264 bytes,    1432928 total
- age   3:      33536 bytes,    1466464 total
- age   4:      39816 bytes,    1506280 total
- age   5:      39600 bytes,    1545880 total
- age   6:      48168 bytes,    1594048 total
- age   7:      97752 bytes,    1691800 total
- age   8:      34752 bytes,    1726552 total
: 351706K->2403K(436928K), 0,0137645 secs] 370042K->20771K(2009792K), 0,0139518 secs] [Times: user=0,04 sys=0,00, real=0,02 secs] 
Heap after GC invocations=33 (full 1):
 par new generation   total 436928K, used 2403K [0x0000000080000000, 0x00000000a0000000, 0x00000000a0000000)
  eden space 349568K,   0% used [0x0000000080000000, 0x0000000080000000, 0x0000000095560000)
  from space 87360K,   2% used [0x000000009aab0000, 0x000000009ad08cd0, 0x00000000a0000000)
  to   space 87360K,   0% used [0x0000000095560000, 0x0000000095560000, 0x000000009aab0000)
 concurrent mark-sweep generation total 1572864K, used 18368K [0x00000000a0000000, 0x0000000100000000, 0x0000000100000000)
 Metaspace       used 39584K, capacity 39994K, committed 40356K, reserved 1085440K
  class space    used 4594K, capacity 4727K, committed 4832K, reserved 1048576K
}
2016-02-11T15:58:43.107+0100: 1266,192: Total time for which application threads were stopped: 0,0143668 seconds, Stopping threads took: 0,0000766 seconds
{Heap before GC invocations=33 (full 1):
 par new generation   total 436928K, used 351971K [0x0000000080000000, 0x00000000a0000000, 0x00000000a0000000)
  eden space 349568K, 100% used [0x0000000080000000, 0x0000000095560000, 0x0000000095560000)
  from space 87360K,   2% used [0x000000009aab0000, 0x000000009ad08cd0, 0x00000000a0000000)
  to   space 87360K,   0% used [0x0000000095560000, 0x0000000095560000, 0x000000009aab0000)
 concurrent mark-sweep generation total 1572864K, used 18368K [0x00000000a0000000, 0x0000000100000000, 0x0000000100000000)
 Metaspace       used 39584K, capacity 39994K, committed 40356K, reserved 1085440K
  class space    used 4594K, capacity 4727K, committed 4832K, reserved 1048576K
2016-02-11T15:58:46.992+0100: 1270,077: [GC (Allocation Failure) 2016-02-11T15:58:46.992+0100: 1270,077: [ParNew
Desired survivor size 80510976 bytes, new threshold 8 (max 8)
- age   1:    1035256 bytes,    1035256 total
- age   2:      56984 bytes,    1092240 total
- age   3:     369264 bytes,    1461504 total
- age   4:      33056 bytes,    1494560 total
- age   5:      39336 bytes,    1533896 total
- age   6:      38880 bytes,    1572776 total
- age   7:      47736 bytes,    1620512 total
- age   8:      97296 bytes,    1717808 total
: 351971K->1963K(436928K), 0,0136196 secs] 370339K->20365K(2009792K), 0,0137448 secs] [Times: user=0,03 sys=0,01, real=0,02 secs] 
Heap after GC invocations=34 (full 1):
 par new generation   total 436928K, used 1963K [0x0000000080000000, 0x00000000a0000000, 0x00000000a0000000)
  eden space 349568K,   0% used [0x0000000080000000, 0x0000000080000000, 0x0000000095560000)
  from space 87360K,   2% used [0x0000000095560000, 0x000000009574ad58, 0x000000009aab0000)
  to   space 87360K,   0% used [0x000000009aab0000, 0x000000009aab0000, 0x00000000a0000000)
 concurrent mark-sweep generation total 1572864K, used 18402K [0x00000000a0000000, 0x0000000100000000, 0x0000000100000000)
 Metaspace       used 39584K, capacity 39994K, committed 40356K, reserved 1085440K
  class space    used 4594K, capacity 4727K, committed 4832K, reserved 1048576K
}
2016-02-11T15:58:47.006+0100: 1270,091: Total time for which application threads were stopped: 0,0140199 seconds, Stopping threads took: 0,0000310 seconds
{Heap before GC invocations=34 (full 1):
 par new generation   total 436928K, used 351531K [0x0000000080000000, 0x00000000a0000000, 0x00000000a0000000)
  eden space 349568K, 100% used [0x0000000080000000, 0x0000000095560000, 0x0000000095560000)
  from space 87360K,   2% used [0x0000000095560000, 0x000000009574ad58, 0x000000009aab0000)
  to   space 87360K,   0% used [0x000000009aab0000, 0x000000009aab0000, 0x00000000a0000000)
 concurrent mark-sweep generation total 1572864K, used 18402K [0x00000000a0000000, 0x0000000100000000, 0x0000000100000000)
 Metaspace       used 39584K, capacity 39994K, committed 40356K, reserved 1085440K
  class space    used 4594K, capacity 4727K, committed 4832K, reserved 1048576K
2016-02-11T15:58:50.694+0100: 1273,779: [GC (Allocation Failure) 2016-02-11T15:58:50.694+0100: 1273,779: [ParNew
Desired survivor size 80510976 bytes, new threshold 8 (max 8)
- age   1:    1015864 bytes,    1015864 total
- age   2:      44152 bytes,    1060016 total
- age   3:      55808 bytes,    1115824 total
- age   4:     368424 bytes,    1484248 total
- age   5:      32016 bytes,    1516264 total
- age   6:      38928 bytes,    1555192 total
- age   7:      38448 bytes,    1593640 total
- age   8:      47448 bytes,    1641088 total
: 351531K->2214K(436928K), 0,0106053 secs] 369933K->20712K(2009792K), 0,0107158 secs] [Times: user=0,03 sys=0,00, real=0,01 secs] 
Heap after GC invocations=35 (full 1):
 par new generation   total 436928K, used 2214K [0x0000000080000000, 0x00000000a0000000, 0x00000000a0000000)
  eden space 349568K,   0% used [0x0000000080000000, 0x0000000080000000, 0x0000000095560000)
  from space 87360K,   2% used [0x000000009aab0000, 0x000000009acd9a10, 0x00000000a0000000)
  to   space 87360K,   0% used [0x0000000095560000, 0x0000000095560000, 0x000000009aab0000)
 concurrent mark-sweep generation total 1572864K, used 18497K [0x00000000a0000000, 0x0000000100000000, 0x0000000100000000)
 Metaspace       used 39584K, capacity 39994K, committed 40356K, reserved 1085440K
  class space    used 4594K, capacity 4727K, committed 4832K, reserved 1048576K
}
2016-02-11T15:58:50.705+0100: 1273,790: Total time for which application threads were stopped: 0,0109682 seconds, Stopping threads took: 0,0000310 seconds
{Heap before GC invocations=35 (full 1):
 par new generation   total 436928K, used 351782K [0x0000000080000000, 0x00000000a0000000, 0x00000000a0000000)
  eden space 349568K, 100% used [0x0000000080000000, 0x0000000095560000, 0x0000000095560000)
  from space 87360K,   2% used [0x000000009aab0000, 0x000000009acd9a10, 0x00000000a0000000)
  to   space 87360K,   0% used [0x0000000095560000, 0x0000000095560000, 0x000000009aab0000)
 concurrent mark-sweep generation total 1572864K, used 18497K [0x00000000a0000000, 0x0000000100000000, 0x0000000100000000)
 Metaspace       used 39584K, capacity 39994K, committed 40356K, reserved 1085440K
  class space    used 4594K, capacity 4727K, committed 4832K, reserved 1048576K
2016-02-11T15:58:54.617+0100: 1277,702: [GC (Allocation Failure) 2016-02-11T15:58:54.617+0100: 1277,702: [ParNew
Desired survivor size 80510976 bytes, new threshold 8 (max 8)
- age   1:    1076264 bytes,    1076264 total
- age   2:      42232 bytes,    1118496 total
- age   3:      43192 bytes,    1161688 total
- age   4:      53904 bytes,    1215592 total
- age   5:     367920 bytes,    1583512 total
- age   6:      31776 bytes,    1615288 total
- age   7:      38664 bytes,    1653952 total
- age   8:      38184 bytes,    1692136 total
: 351782K->2182K(436928K), 0,0118487 secs] 370280K->20726K(2009792K), 0,0119700 secs] [Times: user=0,03 sys=0,00, real=0,01 secs] 
Heap after GC invocations=36 (full 1):
 par new generation   total 436928K, used 2182K [0x0000000080000000, 0x00000000a0000000, 0x00000000a0000000)
  eden space 349568K,   0% used [0x0000000080000000, 0x0000000080000000, 0x0000000095560000)
  from space 87360K,   2% used [0x0000000095560000, 0x0000000095781ad8, 0x000000009aab0000)
  to   space 87360K,   0% used [0x000000009aab0000, 0x000000009aab0000, 0x00000000a0000000)
 concurrent mark-sweep generation total 1572864K, used 18544K [0x00000000a0000000, 0x0000000100000000, 0x0000000100000000)
 Metaspace       used 39584K, capacity 39994K, committed 40356K, reserved 1085440K
  class space    used 4594K, capacity 4727K, committed 4832K, reserved 1048576K
}
2016-02-11T15:58:54.629+0100: 1277,714: Total time for which application threads were stopped: 0,0122390 seconds, Stopping threads took: 0,0000330 seconds
2016-02-11T15:58:56.425+0100: 1279,510: Total time for which application threads were stopped: 0,0003122 seconds, Stopping threads took: 0,0000944 seconds
2016-02-11T15:58:56.431+0100: 1279,516: Total time for which application threads were stopped: 0,0001899 seconds, Stopping threads took: 0,0000374 seconds
2016-02-11T15:59:07.181+0100: 1290,266: Total time for which application threads were stopped: 0,0002129 seconds, Stopping threads took: 0,0000454 seconds
2016-02-11T15:59:08.182+0100: 1291,267: Total time for which application threads were stopped: 0,0001928 seconds, Stopping threads took: 0,0000469 seconds
2016-02-11T15:59:09.182+0100: 1292,267: Total time for which application threads were stopped: 0,0002474 seconds, Stopping threads took: 0,0000466 seconds
2016-02-11T15:59:18.332+0100: 1301,417: Total time for which application threads were stopped: 0,0001845 seconds, Stopping threads took: 0,0000327 seconds
2016-02-11T15:59:19.332+0100: 1302,417: Total time for which application threads were stopped: 0,0001624 seconds, Stopping threads took: 0,0000408 seconds
2016-02-11T15:59:28.334+0100: 1311,419: Total time for which application threads were stopped: 0,0001903 seconds, Stopping threads took: 0,0000516 seconds
2016-02-11T15:59:34.340+0100: 1317,425: Total time for which application threads were stopped: 0,0002713 seconds, Stopping threads took: 0,0000467 seconds
2016-02-11T15:59:34.420+0100: 1317,505: Total time for which application threads were stopped: 0,0002207 seconds, Stopping threads took: 0,0000373 seconds
{Heap before GC invocations=36 (full 1):
 par new generation   total 436928K, used 351750K [0x0000000080000000, 0x00000000a0000000, 0x00000000a0000000)
  eden space 349568K, 100% used [0x0000000080000000, 0x0000000095560000, 0x0000000095560000)
  from space 87360K,   2% used [0x0000000095560000, 0x0000000095781ad8, 0x000000009aab0000)
  to   space 87360K,   0% used [0x000000009aab0000, 0x000000009aab0000, 0x00000000a0000000)
 concurrent mark-sweep generation total 1572864K, used 18544K [0x00000000a0000000, 0x0000000100000000, 0x0000000100000000)
 Metaspace       used 39647K, capacity 40058K, committed 40612K, reserved 1085440K
  class space    used 4604K, capacity 4727K, committed 4832K, reserved 1048576K
2016-02-11T15:59:34.667+0100: 1317,752: [GC (Allocation Failure) 2016-02-11T15:59:34.677+0100: 1317,762: [ParNew
Desired survivor size 80510976 bytes, new threshold 8 (max 8)
- age   1:    1402192 bytes,    1402192 total
- age   2:      37064 bytes,    1439256 total
- age   3:      41088 bytes,    1480344 total
- age   4:      42208 bytes,    1522552 total
- age   5:      53088 bytes,    1575640 total
- age   6:      93392 bytes,    1669032 total
- age   7:      31560 bytes,    1700592 total
- age   8:      38472 bytes,    1739064 total
: 351750K->2155K(436928K), 0,0106646 secs] 370294K->20736K(2009792K), 0,0207693 secs] [Times: user=0,03 sys=0,00, real=0,02 secs] 
Heap after GC invocations=37 (full 1):
 par new generation   total 436928K, used 2155K [0x0000000080000000, 0x00000000a0000000, 0x00000000a0000000)
  eden space 349568K,   0% used [0x0000000080000000, 0x0000000080000000, 0x0000000095560000)
  from space 87360K,   2% used [0x000000009aab0000, 0x000000009accade0, 0x00000000a0000000)
  to   space 87360K,   0% used [0x0000000095560000, 0x0000000095560000, 0x000000009aab0000)
 concurrent mark-sweep generation total 1572864K, used 18581K [0x00000000a0000000, 0x0000000100000000, 0x0000000100000000)
 Metaspace       used 39647K, capacity 40058K, committed 40612K, reserved 1085440K
  class space    used 4604K, capacity 4727K, committed 4832K, reserved 1048576K
}
2016-02-11T15:59:34.688+0100: 1317,773: Total time for which application threads were stopped: 0,0211197 seconds, Stopping threads took: 0,0000429 seconds
{Heap before GC invocations=37 (full 1):
 par new generation   total 436928K, used 351723K [0x0000000080000000, 0x00000000a0000000, 0x00000000a0000000)
  eden space 349568K, 100% used [0x0000000080000000, 0x0000000095560000, 0x0000000095560000)
  from space 87360K,   2% used [0x000000009aab0000, 0x000000009accade0, 0x00000000a0000000)
  to   space 87360K,   0% used [0x0000000095560000, 0x0000000095560000, 0x000000009aab0000)
 concurrent mark-sweep generation total 1572864K, used 18581K [0x00000000a0000000, 0x0000000100000000, 0x0000000100000000)
 Metaspace       used 39650K, capacity 40058K, committed 40612K, reserved 1085440K
  class space    used 4604K, capacity 4727K, committed 4832K, reserved 1048576K
2016-02-11T15:59:38.559+0100: 1321,644: [GC (Allocation Failure) 2016-02-11T15:59:38.559+0100: 1321,644: [ParNew
Desired survivor size 80510976 bytes, new threshold 8 (max 8)
- age   1:    1031960 bytes,    1031960 total
- age   2:     362240 bytes,    1394200 total
- age   3:      35072 bytes,    1429272 total
- age   4:      40200 bytes,    1469472 total
- age   5:      41440 bytes,    1510912 total
- age   6:      52272 bytes,    1563184 total
- age   7:      92880 bytes,    1656064 total
- age   8:      31416 bytes,    1687480 total
: 351723K->2606K(436928K), 0,0099137 secs] 370304K->21225K(2009792K), 0,0100165 secs] [Times: user=0,02 sys=0,00, real=0,01 secs] 
Heap after GC invocations=38 (full 1):
 par new generation   total 436928K, used 2606K [0x0000000080000000, 0x00000000a0000000, 0x00000000a0000000)
  eden space 349568K,   0% used [0x0000000080000000, 0x0000000080000000, 0x0000000095560000)
  from space 87360K,   2% used [0x0000000095560000, 0x00000000957eb8f8, 0x000000009aab0000)
  to   space 87360K,   0% used [0x000000009aab0000, 0x000000009aab0000, 0x00000000a0000000)
 concurrent mark-sweep generation total 1572864K, used 18618K [0x00000000a0000000, 0x0000000100000000, 0x0000000100000000)
 Metaspace       used 39650K, capacity 40058K, committed 40612K, reserved 1085440K
  class space    used 4604K, capacity 4727K, committed 4832K, reserved 1048576K
}
2016-02-11T15:59:38.569+0100: 1321,654: Total time for which application threads were stopped: 0,0102275 seconds, Stopping threads took: 0,0000363 seconds
2016-02-11T15:59:40.569+0100: 1323,654: Total time for which application threads were stopped: 0,0001803 seconds, Stopping threads took: 0,0000534 seconds
{Heap before GC invocations=38 (full 1):
 par new generation   total 436928K, used 352174K [0x0000000080000000, 0x00000000a0000000, 0x00000000a0000000)
  eden space 349568K, 100% used [0x0000000080000000, 0x0000000095560000, 0x0000000095560000)
  from space 87360K,   2% used [0x0000000095560000, 0x00000000957eb8f8, 0x000000009aab0000)
  to   space 87360K,   0% used [0x000000009aab0000, 0x000000009aab0000, 0x00000000a0000000)
 concurrent mark-sweep generation total 1572864K, used 18618K [0x00000000a0000000, 0x0000000100000000, 0x0000000100000000)
 Metaspace       used 39650K, capacity 40058K, committed 40612K, reserved 1085440K
  class space    used 4604K, capacity 4727K, committed 4832K, reserved 1048576K
2016-02-11T15:59:42.294+0100: 1325,379: [GC (Allocation Failure) 2016-02-11T15:59:42.294+0100: 1325,379: [ParNew
Desired survivor size 80510976 bytes, new threshold 8 (max 8)
- age   1:     958656 bytes,     958656 total
- age   2:      43232 bytes,    1001888 total
- age   3:     360840 bytes,    1362728 total
- age   4:      34136 bytes,    1396864 total
- age   5:      39624 bytes,    1436488 total
- age   6:      40656 bytes,    1477144 total
- age   7:      51584 bytes,    1528728 total
- age   8:      92592 bytes,    1621320 total
: 352174K->1960K(436928K), 0,0137517 secs] 370793K->20610K(2009792K), 0,0138566 secs] [Times: user=0,04 sys=0,01, real=0,02 secs] 
Heap after GC invocations=39 (full 1):
 par new generation   total 436928K, used 1960K [0x0000000080000000, 0x00000000a0000000, 0x00000000a0000000)
  eden space 349568K,   0% used [0x0000000080000000, 0x0000000080000000, 0x0000000095560000)
  from space 87360K,   2% used [0x000000009aab0000, 0x000000009ac9a2d0, 0x00000000a0000000)
  to   space 87360K,   0% used [0x0000000095560000, 0x0000000095560000, 0x000000009aab0000)
 concurrent mark-sweep generation total 1572864K, used 18649K [0x00000000a0000000, 0x0000000100000000, 0x0000000100000000)
 Metaspace       used 39650K, capacity 40058K, committed 40612K, reserved 1085440K
  class space    used 4604K, capacity 4727K, committed 4832K, reserved 1048576K
}
2016-02-11T15:59:42.308+0100: 1325,393: Total time for which application threads were stopped: 0,0141068 seconds, Stopping threads took: 0,0000303 seconds
{Heap before GC invocations=39 (full 1):
 par new generation   total 436928K, used 351528K [0x0000000080000000, 0x00000000a0000000, 0x00000000a0000000)
  eden space 349568K, 100% used [0x0000000080000000, 0x0000000095560000, 0x0000000095560000)
  from space 87360K,   2% used [0x000000009aab0000, 0x000000009ac9a2d0, 0x00000000a0000000)
  to   space 87360K,   0% used [0x0000000095560000, 0x0000000095560000, 0x000000009aab0000)
 concurrent mark-sweep generation total 1572864K, used 18649K [0x00000000a0000000, 0x0000000100000000, 0x0000000100000000)
 Metaspace       used 39650K, capacity 40058K, committed 40612K, reserved 1085440K
  class space    used 4604K, capacity 4727K, committed 4832K, reserved 1048576K
2016-02-11T15:59:45.914+0100: 1328,999: [GC (Allocation Failure) 2016-02-11T15:59:45.914+0100: 1328,999: [ParNew
Desired survivor size 80510976 bytes, new threshold 8 (max 8)
- age   1:    1023528 bytes,    1023528 total
- age   2:      37496 bytes,    1061024 total
- age   3:      41960 bytes,    1102984 total
- age   4:     360480 bytes,    1463464 total
- age   5:      33704 bytes,    1497168 total
- age   6:      39048 bytes,    1536216 total
- age   7:      40392 bytes,    1576608 total
- age   8:      51392 bytes,    1628000 total
: 351528K->2421K(436928K), 0,0113352 secs] 370178K->21161K(2009792K), 0,0114506 secs] [Times: user=0,03 sys=0,00, real=0,02 secs] 
Heap after GC invocations=40 (full 1):
 par new generation   total 436928K, used 2421K [0x0000000080000000, 0x00000000a0000000, 0x00000000a0000000)
  eden space 349568K,   0% used [0x0000000080000000, 0x0000000080000000, 0x0000000095560000)
  from space 87360K,   2% used [0x0000000095560000, 0x00000000957bd528, 0x000000009aab0000)
  to   space 87360K,   0% used [0x000000009aab0000, 0x000000009aab0000, 0x00000000a0000000)
 concurrent mark-sweep generation total 1572864K, used 18740K [0x00000000a0000000, 0x0000000100000000, 0x0000000100000000)
 Metaspace       used 39650K, capacity 40058K, committed 40612K, reserved 1085440K
  class space    used 4604K, capacity 4727K, committed 4832K, reserved 1048576K
}
2016-02-11T15:59:45.926+0100: 1329,011: Total time for which application threads were stopped: 0,0116823 seconds, Stopping threads took: 0,0000279 seconds
2016-02-11T15:59:46.926+0100: 1330,011: Total time for which application threads were stopped: 0,0001726 seconds, Stopping threads took: 0,0000625 seconds
{Heap before GC invocations=40 (full 1):
 par new generation   total 436928K, used 351989K [0x0000000080000000, 0x00000000a0000000, 0x00000000a0000000)
  eden space 349568K, 100% used [0x0000000080000000, 0x0000000095560000, 0x0000000095560000)
  from space 87360K,   2% used [0x0000000095560000, 0x00000000957bd528, 0x000000009aab0000)
  to   space 87360K,   0% used [0x000000009aab0000, 0x000000009aab0000, 0x00000000a0000000)
 concurrent mark-sweep generation total 1572864K, used 18740K [0x00000000a0000000, 0x0000000100000000, 0x0000000100000000)
 Metaspace       used 39650K, capacity 40058K, committed 40612K, reserved 1085440K
  class space    used 4604K, capacity 4727K, committed 4832K, reserved 1048576K
2016-02-11T15:59:49.630+0100: 1332,716: [GC (Allocation Failure) 2016-02-11T15:59:49.631+0100: 1332,716: [ParNew
Desired survivor size 80510976 bytes, new threshold 8 (max 8)
- age   1:     959560 bytes,     959560 total
- age   2:      37888 bytes,     997448 total
- age   3:      36616 bytes,    1034064 total
- age   4:      41336 bytes,    1075400 total
- age   5:     359992 bytes,    1435392 total
- age   6:      32712 bytes,    1468104 total
- age   7:      38568 bytes,    1506672 total
- age   8:      40200 bytes,    1546872 total
: 351989K->1858K(436928K), 0,0114431 secs] 370729K->20648K(2009792K), 0,0115546 secs] [Times: user=0,03 sys=0,00, real=0,01 secs] 
Heap after GC invocations=41 (full 1):
 par new generation   total 436928K, used 1858K [0x0000000080000000, 0x00000000a0000000, 0x00000000a0000000)
  eden space 349568K,   0% used [0x0000000080000000, 0x0000000080000000, 0x0000000095560000)
  from space 87360K,   2% used [0x000000009aab0000, 0x000000009ac809c0, 0x00000000a0000000)
  to   space 87360K,   0% used [0x0000000095560000, 0x0000000095560000, 0x000000009aab0000)
 concurrent mark-sweep generation total 1572864K, used 18790K [0x00000000a0000000, 0x0000000100000000, 0x0000000100000000)
 Metaspace       used 39650K, capacity 40058K, committed 40612K, reserved 1085440K
  class space    used 4604K, capacity 4727K, committed 4832K, reserved 1048576K
}
2016-02-11T15:59:49.642+0100: 1332,727: Total time for which application threads were stopped: 0,0118177 seconds, Stopping threads took: 0,0000326 seconds
2016-02-11T15:59:52.756+0100: 1335,841: Total time for which application threads were stopped: 0,0001639 seconds, Stopping threads took: 0,0000298 seconds
2016-02-11T15:59:52.761+0100: 1335,846: Total time for which application threads were stopped: 0,0001968 seconds, Stopping threads took: 0,0000346 seconds
{Heap before GC invocations=41 (full 1):
 par new generation   total 436928K, used 351426K [0x0000000080000000, 0x00000000a0000000, 0x00000000a0000000)
  eden space 349568K, 100% used [0x0000000080000000, 0x0000000095560000, 0x0000000095560000)
  from space 87360K,   2% used [0x000000009aab0000, 0x000000009ac809c0, 0x00000000a0000000)
  to   space 87360K,   0% used [0x0000000095560000, 0x0000000095560000, 0x000000009aab0000)
 concurrent mark-sweep generation total 1572864K, used 18790K [0x00000000a0000000, 0x0000000100000000, 0x0000000100000000)
 Metaspace       used 39650K, capacity 40058K, committed 40612K, reserved 1085440K
  class space    used 4604K, capacity 4727K, committed 4832K, reserved 1048576K
2016-02-11T15:59:53.464+0100: 1336,549: [GC (Allocation Failure) 2016-02-11T15:59:53.464+0100: 1336,549: [ParNew
Desired survivor size 80510976 bytes, new threshold 8 (max 8)
- age   1:    1053264 bytes,    1053264 total
- age   2:      33920 bytes,    1087184 total
- age   3:      35664 bytes,    1122848 total
- age   4:      35288 bytes,    1158136 total
- age   5:      40928 bytes,    1199064 total
- age   6:     351232 bytes,    1550296 total
- age   7:      32496 bytes,    1582792 total
- age   8:      38424 bytes,    1621216 total
: 351426K->2637K(436928K), 0,0158654 secs] 370216K->21467K(2009792K), 0,0160525 secs] [Times: user=0,05 sys=0,00, real=0,02 secs] 
Heap after GC invocations=42 (full 1):
 par new generation   total 436928K, used 2637K [0x0000000080000000, 0x00000000a0000000, 0x00000000a0000000)
  eden space 349568K,   0% used [0x0000000080000000, 0x0000000080000000, 0x0000000095560000)
  from space 87360K,   3% used [0x0000000095560000, 0x00000000957f3680, 0x000000009aab0000)
  to   space 87360K,   0% used [0x000000009aab0000, 0x000000009aab0000, 0x00000000a0000000)
 concurrent mark-sweep generation total 1572864K, used 18829K [0x00000000a0000000, 0x0000000100000000, 0x0000000100000000)
 Metaspace       used 39650K, capacity 40058K, committed 40612K, reserved 1085440K
  class space    used 4604K, capacity 4727K, committed 4832K, reserved 1048576K
}
2016-02-11T15:59:53.480+0100: 1336,565: Total time for which application threads were stopped: 0,0163618 seconds, Stopping threads took: 0,0000296 seconds
2016-02-11T16:00:19.980+0100: 1363,065: Total time for which application threads were stopped: 0,0002948 seconds, Stopping threads took: 0,0000485 seconds
2016-02-11T16:00:20.980+0100: 1364,065: Total time for which application threads were stopped: 0,0002067 seconds, Stopping threads took: 0,0000518 seconds
2016-02-11T16:00:44.983+0100: 1388,068: Total time for which application threads were stopped: 0,0001925 seconds, Stopping threads took: 0,0000517 seconds
2016-02-11T16:00:45.612+0100: 1388,697: Total time for which application threads were stopped: 0,0002274 seconds, Stopping threads took: 0,0000417 seconds
2016-02-11T16:00:45.637+0100: 1388,722: Total time for which application threads were stopped: 0,0002458 seconds, Stopping threads took: 0,0000670 seconds
2016-02-11T16:00:45.643+0100: 1388,728: Total time for which application threads were stopped: 0,0002051 seconds, Stopping threads took: 0,0000344 seconds
2016-02-11T16:00:47.643+0100: 1390,728: Total time for which application threads were stopped: 0,0001535 seconds, Stopping threads took: 0,0000514 seconds
{Heap before GC invocations=42 (full 1):
 par new generation   total 436928K, used 352205K [0x0000000080000000, 0x00000000a0000000, 0x00000000a0000000)
  eden space 349568K, 100% used [0x0000000080000000, 0x0000000095560000, 0x0000000095560000)
  from space 87360K,   3% used [0x0000000095560000, 0x00000000957f3680, 0x000000009aab0000)
  to   space 87360K,   0% used [0x000000009aab0000, 0x000000009aab0000, 0x00000000a0000000)
 concurrent mark-sweep generation total 1572864K, used 18829K [0x00000000a0000000, 0x0000000100000000, 0x0000000100000000)
 Metaspace       used 39688K, capacity 40058K, committed 40612K, reserved 1085440K
  class space    used 4607K, capacity 4727K, committed 4832K, reserved 1048576K
2016-02-11T16:00:48.199+0100: 1391,284: [GC (Allocation Failure) 2016-02-11T16:00:48.232+0100: 1391,317: [ParNew
Desired survivor size 80510976 bytes, new threshold 8 (max 8)
- age   1:    1338792 bytes,    1338792 total
- age   2:      38688 bytes,    1377480 total
- age   3:      32672 bytes,    1410152 total
- age   4:      35040 bytes,    1445192 total
- age   5:      34664 bytes,    1479856 total
- age   6:      40304 bytes,    1520160 total
- age   7:      70744 bytes,    1590904 total
- age   8:      32280 bytes,    1623184 total
: 352205K->1995K(436928K), 0,0125978 secs] 371035K->20862K(2009792K), 0,0462320 secs] [Times: user=0,04 sys=0,00, real=0,05 secs] 
Heap after GC invocations=43 (full 1):
 par new generation   total 436928K, used 1995K [0x0000000080000000, 0x00000000a0000000, 0x00000000a0000000)
  eden space 349568K,   0% used [0x0000000080000000, 0x0000000080000000, 0x0000000095560000)
  from space 87360K,   2% used [0x000000009aab0000, 0x000000009aca2c80, 0x00000000a0000000)
  to   space 87360K,   0% used [0x0000000095560000, 0x0000000095560000, 0x000000009aab0000)
 concurrent mark-sweep generation total 1572864K, used 18867K [0x00000000a0000000, 0x0000000100000000, 0x0000000100000000)
 Metaspace       used 39688K, capacity 40058K, committed 40612K, reserved 1085440K
  class space    used 4607K, capacity 4727K, committed 4832K, reserved 1048576K
}
2016-02-11T16:00:48.245+0100: 1391,330: Total time for which application threads were stopped: 0,0464710 seconds, Stopping threads took: 0,0000282 seconds
{Heap before GC invocations=43 (full 1):
 par new generation   total 436928K, used 351563K [0x0000000080000000, 0x00000000a0000000, 0x00000000a0000000)
  eden space 349568K, 100% used [0x0000000080000000, 0x0000000095560000, 0x0000000095560000)
  from space 87360K,   2% used [0x000000009aab0000, 0x000000009aca2c80, 0x00000000a0000000)
  to   space 87360K,   0% used [0x0000000095560000, 0x0000000095560000, 0x000000009aab0000)
 concurrent mark-sweep generation total 1572864K, used 18867K [0x00000000a0000000, 0x0000000100000000, 0x0000000100000000)
 Metaspace       used 39688K, capacity 40058K, committed 40612K, reserved 1085440K
  class space    used 4607K, capacity 4727K, committed 4832K, reserved 1048576K
2016-02-11T16:00:52.101+0100: 1395,186: [GC (Allocation Failure) 2016-02-11T16:00:52.101+0100: 1395,186: [ParNew
Desired survivor size 80510976 bytes, new threshold 8 (max 8)
- age   1:    1041400 bytes,    1041400 total
- age   2:     361344 bytes,    1402744 total
- age   3:      37896 bytes,    1440640 total
- age   4:      31952 bytes,    1472592 total
- age   5:      34608 bytes,    1507200 total
- age   6:      33480 bytes,    1540680 total
- age   7:      39872 bytes,    1580552 total
- age   8:      70504 bytes,    1651056 total
: 351563K->2397K(436928K), 0,0131020 secs] 370430K->21296K(2009792K), 0,0132199 secs] [Times: user=0,04 sys=0,00, real=0,01 secs] 
Heap after GC invocations=44 (full 1):
 par new generation   total 436928K, used 2397K [0x0000000080000000, 0x00000000a0000000, 0x00000000a0000000)
  eden space 349568K,   0% used [0x0000000080000000, 0x0000000080000000, 0x0000000095560000)
  from space 87360K,   2% used [0x0000000095560000, 0x00000000957b7788, 0x000000009aab0000)
  to   space 87360K,   0% used [0x000000009aab0000, 0x000000009aab0000, 0x00000000a0000000)
 concurrent mark-sweep generation total 1572864K, used 18898K [0x00000000a0000000, 0x0000000100000000, 0x0000000100000000)
 Metaspace       used 39688K, capacity 40058K, committed 40612K, reserved 1085440K
  class space    used 4607K, capacity 4727K, committed 4832K, reserved 1048576K
}
2016-02-11T16:00:52.114+0100: 1395,199: Total time for which application threads were stopped: 0,0135075 seconds, Stopping threads took: 0,0000325 seconds
{Heap before GC invocations=44 (full 1):
 par new generation   total 436928K, used 351965K [0x0000000080000000, 0x00000000a0000000, 0x00000000a0000000)
  eden space 349568K, 100% used [0x0000000080000000, 0x0000000095560000, 0x0000000095560000)
  from space 87360K,   2% used [0x0000000095560000, 0x00000000957b7788, 0x000000009aab0000)
  to   space 87360K,   0% used [0x000000009aab0000, 0x000000009aab0000, 0x00000000a0000000)
 concurrent mark-sweep generation total 1572864K, used 18898K [0x00000000a0000000, 0x0000000100000000, 0x0000000100000000)
 Metaspace       used 39693K, capacity 40058K, committed 40612K, reserved 1085440K
  class space    used 4607K, capacity 4727K, committed 4832K, reserved 1048576K
2016-02-11T16:00:55.889+0100: 1398,974: [GC (Allocation Failure) 2016-02-11T16:00:55.889+0100: 1398,974: [ParNew
Desired survivor size 80510976 bytes, new threshold 8 (max 8)
- age   1:    1009152 bytes,    1009152 total
- age   2:      40656 bytes,    1049808 total
- age   3:     357640 bytes,    1407448 total
- age   4:      37464 bytes,    1444912 total
- age   5:      31520 bytes,    1476432 total
- age   6:      34176 bytes,    1510608 total
- age   7:      33216 bytes,    1543824 total
- age   8:      39584 bytes,    1583408 total
: 351965K->1894K(436928K), 0,0105150 secs] 370864K->20862K(2009792K), 0,0106514 secs] [Times: user=0,03 sys=0,00, real=0,01 secs] 
Heap after GC invocations=45 (full 1):
 par new generation   total 436928K, used 1894K [0x0000000080000000, 0x00000000a0000000, 0x00000000a0000000)
  eden space 349568K,   0% used [0x0000000080000000, 0x0000000080000000, 0x0000000095560000)
  from space 87360K,   2% used [0x000000009aab0000, 0x000000009ac89980, 0x00000000a0000000)
  to   space 87360K,   0% used [0x0000000095560000, 0x0000000095560000, 0x000000009aab0000)
 concurrent mark-sweep generation total 1572864K, used 18967K [0x00000000a0000000, 0x0000000100000000, 0x0000000100000000)
 Metaspace       used 39693K, capacity 40058K, committed 40612K, reserved 1085440K
  class space    used 4607K, capacity 4727K, committed 4832K, reserved 1048576K
}
2016-02-11T16:00:55.900+0100: 1398,985: Total time for which application threads were stopped: 0,0109099 seconds, Stopping threads took: 0,0000281 seconds
{Heap before GC invocations=45 (full 1):
 par new generation   total 436928K, used 351462K [0x0000000080000000, 0x00000000a0000000, 0x00000000a0000000)
  eden space 349568K, 100% used [0x0000000080000000, 0x0000000095560000, 0x0000000095560000)
  from space 87360K,   2% used [0x000000009aab0000, 0x000000009ac89980, 0x00000000a0000000)
  to   space 87360K,   0% used [0x0000000095560000, 0x0000000095560000, 0x000000009aab0000)
 concurrent mark-sweep generation total 1572864K, used 18967K [0x00000000a0000000, 0x0000000100000000, 0x0000000100000000)
 Metaspace       used 39693K, capacity 40058K, committed 40612K, reserved 1085440K
  class space    used 4607K, capacity 4727K, committed 4832K, reserved 1048576K
2016-02-11T16:00:59.615+0100: 1402,700: [GC (Allocation Failure) 2016-02-11T16:00:59.615+0100: 1402,700: [ParNew
Desired survivor size 80510976 bytes, new threshold 8 (max 8)
- age   1:    1008488 bytes,    1008488 total
- age   2:      42312 bytes,    1050800 total
- age   3:      39984 bytes,    1090784 total
- age   4:     357096 bytes,    1447880 total
- age   5:      37344 bytes,    1485224 total
- age   6:      30528 bytes,    1515752 total
- age   7:      33864 bytes,    1549616 total
- age   8:      33000 bytes,    1582616 total
: 351462K->2443K(436928K), 0,0108490 secs] 370430K->21450K(2009792K), 0,0109558 secs] [Times: user=0,03 sys=0,00, real=0,02 secs] 
Heap after GC invocations=46 (full 1):
 par new generation   total 436928K, used 2443K [0x0000000080000000, 0x00000000a0000000, 0x00000000a0000000)
  eden space 349568K,   0% used [0x0000000080000000, 0x0000000080000000, 0x0000000095560000)
  from space 87360K,   2% used [0x0000000095560000, 0x00000000957c2fb8, 0x000000009aab0000)
  to   space 87360K,   0% used [0x000000009aab0000, 0x000000009aab0000, 0x00000000a0000000)
 concurrent mark-sweep generation total 1572864K, used 19006K [0x00000000a0000000, 0x0000000100000000, 0x0000000100000000)
 Metaspace       used 39693K, capacity 40058K, committed 40612K, reserved 1085440K
  class space    used 4607K, capacity 4727K, committed 4832K, reserved 1048576K
}
2016-02-11T16:00:59.626+0100: 1402,711: Total time for which application threads were stopped: 0,0111982 seconds, Stopping threads took: 0,0000283 seconds
{Heap before GC invocations=46 (full 1):
 par new generation   total 436928K, used 352011K [0x0000000080000000, 0x00000000a0000000, 0x00000000a0000000)
  eden space 349568K, 100% used [0x0000000080000000, 0x0000000095560000, 0x0000000095560000)
  from space 87360K,   2% used [0x0000000095560000, 0x00000000957c2fb8, 0x000000009aab0000)
  to   space 87360K,   0% used [0x000000009aab0000, 0x000000009aab0000, 0x00000000a0000000)
 concurrent mark-sweep generation total 1572864K, used 19006K [0x00000000a0000000, 0x0000000100000000, 0x0000000100000000)
 Metaspace       used 39696K, capacity 40058K, committed 40612K, reserved 1085440K
  class space    used 4607K, capacity 4727K, committed 4832K, reserved 1048576K
2016-02-11T16:01:03.379+0100: 1406,464: [GC (Allocation Failure) 2016-02-11T16:01:03.379+0100: 1406,464: [ParNew
Desired survivor size 80510976 bytes, new threshold 8 (max 8)
- age   1:    1059016 bytes,    1059016 total
- age   2:      32008 bytes,    1091024 total
- age   3:      39704 bytes,    1130728 total
- age   4:      37744 bytes,    1168472 total
- age   5:     356736 bytes,    1525208 total
- age   6:      37104 bytes,    1562312 total
- age   7:      30240 bytes,    1592552 total
- age   8:      33648 bytes,    1626200 total
: 352011K->2022K(436928K), 0,0109418 secs] 371018K->21061K(2009792K), 0,0110650 secs] [Times: user=0,03 sys=0,00, real=0,01 secs] 
Heap after GC invocations=47 (full 1):
 par new generation   total 436928K, used 2022K [0x0000000080000000, 0x00000000a0000000, 0x00000000a0000000)
  eden space 349568K,   0% used [0x0000000080000000, 0x0000000080000000, 0x0000000095560000)
  from space 87360K,   2% used [0x000000009aab0000, 0x000000009aca9a80, 0x00000000a0000000)
  to   space 87360K,   0% used [0x0000000095560000, 0x0000000095560000, 0x000000009aab0000)
 concurrent mark-sweep generation total 1572864K, used 19038K [0x00000000a0000000, 0x0000000100000000, 0x0000000100000000)
 Metaspace       used 39696K, capacity 40058K, committed 40612K, reserved 1085440K
  class space    used 4607K, capacity 4727K, committed 4832K, reserved 1048576K
}
2016-02-11T16:01:03.390+0100: 1406,475: Total time for which application threads were stopped: 0,0113066 seconds, Stopping threads took: 0,0000316 seconds
2016-02-11T16:01:03.869+0100: 1406,954: Total time for which application threads were stopped: 0,0001913 seconds, Stopping threads took: 0,0000281 seconds
2016-02-11T16:01:03.874+0100: 1406,959: Total time for which application threads were stopped: 0,0001064 seconds, Stopping threads took: 0,0000188 seconds
2016-02-11T16:01:17.875+0100: 1420,960: Total time for which application threads were stopped: 0,0001881 seconds, Stopping threads took: 0,0000452 seconds
2016-02-11T16:01:49.911+0100: 1452,996: Total time for which application threads were stopped: 0,0002274 seconds, Stopping threads took: 0,0000358 seconds
2016-02-11T16:01:49.912+0100: 1452,997: Total time for which application threads were stopped: 0,0001586 seconds, Stopping threads took: 0,0000257 seconds
2016-02-11T16:01:55.913+0100: 1458,998: Total time for which application threads were stopped: 0,0001942 seconds, Stopping threads took: 0,0000528 seconds
2016-02-11T16:02:02.220+0100: 1465,305: Total time for which application threads were stopped: 0,0001883 seconds, Stopping threads took: 0,0000317 seconds
2016-02-11T16:02:50.723+0100: 1513,808: Total time for which application threads were stopped: 0,0002014 seconds, Stopping threads took: 0,0000426 seconds
2016-02-11T16:02:51.723+0100: 1514,808: Total time for which application threads were stopped: 0,0002052 seconds, Stopping threads took: 0,0000529 seconds
2016-02-11T16:03:13.203+0100: 1536,288: Total time for which application threads were stopped: 0,0002531 seconds, Stopping threads took: 0,0000476 seconds
2016-02-11T16:03:13.205+0100: 1536,290: Total time for which application threads were stopped: 0,0002314 seconds, Stopping threads took: 0,0000453 seconds
2016-02-11T16:03:19.124+0100: 1542,209: Total time for which application threads were stopped: 0,0001829 seconds, Stopping threads took: 0,0000401 seconds
2016-02-11T16:04:09.129+0100: 1592,214: Total time for which application threads were stopped: 0,0001971 seconds, Stopping threads took: 0,0000527 seconds
2016-02-11T16:05:00.297+0100: 1643,382: Total time for which application threads were stopped: 0,0002362 seconds, Stopping threads took: 0,0000389 seconds
2016-02-11T16:05:03.920+0100: 1647,005: Total time for which application threads were stopped: 0,0001844 seconds, Stopping threads took: 0,0000365 seconds
2016-02-11T16:05:03.921+0100: 1647,006: Total time for which application threads were stopped: 0,0001543 seconds, Stopping threads took: 0,0000287 seconds
2016-02-11T16:05:08.054+0100: 1651,139: Total time for which application threads were stopped: 0,0001213 seconds, Stopping threads took: 0,0000255 seconds
2016-02-11T16:05:08.394+0100: 1651,479: Total time for which application threads were stopped: 0,0001107 seconds, Stopping threads took: 0,0000247 seconds
2016-02-11T16:05:08.399+0100: 1651,484: Total time for which application threads were stopped: 0,0001157 seconds, Stopping threads took: 0,0000226 seconds
2016-02-11T16:05:08.428+0100: 1651,513: Total time for which application threads were stopped: 0,0001176 seconds, Stopping threads took: 0,0000250 seconds
2016-02-11T16:05:08.428+0100: 1651,513: Total time for which application threads were stopped: 0,0000477 seconds, Stopping threads took: 0,0000091 seconds
2016-02-11T16:05:08.458+0100: 1651,543: Total time for which application threads were stopped: 0,0001356 seconds, Stopping threads took: 0,0000496 seconds
2016-02-11T16:05:08.458+0100: 1651,543: Total time for which application threads were stopped: 0,0000630 seconds, Stopping threads took: 0,0000144 seconds
2016-02-11T16:05:13.908+0100: 1656,993: Total time for which application threads were stopped: 0,0001191 seconds, Stopping threads took: 0,0000261 seconds
2016-02-11T16:05:13.909+0100: 1656,994: Total time for which application threads were stopped: 0,0000535 seconds, Stopping threads took: 0,0000114 seconds
2016-02-11T16:05:13.910+0100: 1656,995: Total time for which application threads were stopped: 0,0000872 seconds, Stopping threads took: 0,0000262 seconds
2016-02-11T16:05:13.910+0100: 1656,995: Total time for which application threads were stopped: 0,0000474 seconds, Stopping threads took: 0,0000055 seconds
2016-02-11T16:05:14.910+0100: 1657,995: Total time for which application threads were stopped: 0,0001392 seconds, Stopping threads took: 0,0000337 seconds
2016-02-11T16:05:15.910+0100: 1658,995: Total time for which application threads were stopped: 0,0001747 seconds, Stopping threads took: 0,0000368 seconds
2016-02-11T16:05:17.349+0100: 1660,434: Total time for which application threads were stopped: 0,0004087 seconds, Stopping threads took: 0,0000596 seconds
2016-02-11T16:05:17.433+0100: 1660,518: Total time for which application threads were stopped: 0,0001236 seconds, Stopping threads took: 0,0000258 seconds
2016-02-11T16:05:17.433+0100: 1660,518: Total time for which application threads were stopped: 0,0000532 seconds, Stopping threads took: 0,0000120 seconds
2016-02-11T16:05:17.439+0100: 1660,524: Total time for which application threads were stopped: 0,0001962 seconds, Stopping threads took: 0,0000481 seconds
2016-02-11T16:05:17.439+0100: 1660,525: Total time for which application threads were stopped: 0,0000839 seconds, Stopping threads took: 0,0000135 seconds
2016-02-11T16:05:17.445+0100: 1660,530: Total time for which application threads were stopped: 0,0001497 seconds, Stopping threads took: 0,0000347 seconds
2016-02-11T16:05:17.445+0100: 1660,530: Total time for which application threads were stopped: 0,0000872 seconds, Stopping threads took: 0,0000471 seconds
2016-02-11T16:05:18.446+0100: 1661,531: Total time for which application threads were stopped: 0,0001863 seconds, Stopping threads took: 0,0000482 seconds
2016-02-11T16:05:25.447+0100: 1668,532: Total time for which application threads were stopped: 0,0001950 seconds, Stopping threads took: 0,0000460 seconds
2016-02-11T16:05:33.864+0100: 1676,949: Total time for which application threads were stopped: 0,0001819 seconds, Stopping threads took: 0,0000359 seconds
2016-02-11T16:05:36.498+0100: 1679,583: Total time for which application threads were stopped: 0,0001857 seconds, Stopping threads took: 0,0000347 seconds
2016-02-11T16:06:04.898+0100: 1707,983: Total time for which application threads were stopped: 0,0002460 seconds, Stopping threads took: 0,0000409 seconds
2016-02-11T16:06:13.909+0100: 1716,994: Total time for which application threads were stopped: 0,0001854 seconds, Stopping threads took: 0,0000362 seconds
2016-02-11T16:06:17.446+0100: 1720,531: Total time for which application threads were stopped: 0,0001827 seconds, Stopping threads took: 0,0000445 seconds
2016-02-11T16:06:33.448+0100: 1736,533: Total time for which application threads were stopped: 0,0001588 seconds, Stopping threads took: 0,0000435 seconds
2016-02-11T16:06:47.449+0100: 1750,534: Total time for which application threads were stopped: 0,0001662 seconds, Stopping threads took: 0,0000429 seconds
2016-02-11T16:06:52.450+0100: 1755,535: Total time for which application threads were stopped: 0,0001702 seconds, Stopping threads took: 0,0000641 seconds
2016-02-11T16:08:29.461+0100: 1852,546: Total time for which application threads were stopped: 0,0002476 seconds, Stopping threads took: 0,0000516 seconds
2016-02-11T16:08:47.467+0100: 1870,552: Total time for which application threads were stopped: 0,0002820 seconds, Stopping threads took: 0,0000533 seconds
2016-02-11T16:09:12.783+0100: 1895,868: Total time for which application threads were stopped: 0,0004917 seconds, Stopping threads took: 0,0003302 seconds
2016-02-11T16:09:13.783+0100: 1896,868: Total time for which application threads were stopped: 0,0001761 seconds, Stopping threads took: 0,0000472 seconds
2016-02-11T16:09:30.439+0100: 1913,524: Total time for which application threads were stopped: 0,0002957 seconds, Stopping threads took: 0,0001218 seconds
2016-02-11T16:09:30.440+0100: 1913,525: Total time for which application threads were stopped: 0,0001530 seconds, Stopping threads took: 0,0000330 seconds
2016-02-11T16:09:31.440+0100: 1914,525: Total time for which application threads were stopped: 0,0001877 seconds, Stopping threads took: 0,0000501 seconds
2016-02-11T16:10:08.582+0100: 1951,667: Total time for which application threads were stopped: 0,0002679 seconds, Stopping threads took: 0,0001176 seconds
2016-02-11T16:10:25.512+0100: 1968,597: Total time for which application threads were stopped: 0,0002694 seconds, Stopping threads took: 0,0000483 seconds
2016-02-11T16:10:38.863+0100: 1981,948: Total time for which application threads were stopped: 0,0002709 seconds, Stopping threads took: 0,0000501 seconds
2016-02-11T16:10:56.207+0100: 1999,292: Total time for which application threads were stopped: 0,0001912 seconds, Stopping threads took: 0,0000399 seconds
2016-02-11T16:11:08.254+0100: 2011,339: Total time for which application threads were stopped: 0,0002154 seconds, Stopping threads took: 0,0000412 seconds
2016-02-11T16:11:08.483+0100: 2011,568: Total time for which application threads were stopped: 0,0001272 seconds, Stopping threads took: 0,0000260 seconds
2016-02-11T16:11:08.531+0100: 2011,616: Total time for which application threads were stopped: 0,0001113 seconds, Stopping threads took: 0,0000239 seconds
2016-02-11T16:11:08.531+0100: 2011,616: Total time for which application threads were stopped: 0,0000727 seconds, Stopping threads took: 0,0000126 seconds
2016-02-11T16:11:08.532+0100: 2011,617: Total time for which application threads were stopped: 0,0002775 seconds, Stopping threads took: 0,0000777 seconds
2016-02-11T16:11:08.532+0100: 2011,618: Total time for which application threads were stopped: 0,0001085 seconds, Stopping threads took: 0,0000106 seconds
2016-02-11T16:11:08.533+0100: 2011,618: Total time for which application threads were stopped: 0,0000959 seconds, Stopping threads took: 0,0000077 seconds
2016-02-11T16:11:09.533+0100: 2012,618: Total time for which application threads were stopped: 0,0001685 seconds, Stopping threads took: 0,0000402 seconds
2016-02-11T16:11:15.800+0100: 2018,885: Total time for which application threads were stopped: 0,0004841 seconds, Stopping threads took: 0,0000486 seconds
2016-02-11T16:11:33.566+0100: 2036,651: Total time for which application threads were stopped: 0,0003014 seconds, Stopping threads took: 0,0001379 seconds
2016-02-11T16:11:33.595+0100: 2036,680: Total time for which application threads were stopped: 0,0009649 seconds, Stopping threads took: 0,0000307 seconds
2016-02-11T16:11:33.596+0100: 2036,681: Total time for which application threads were stopped: 0,0001530 seconds, Stopping threads took: 0,0000334 seconds
2016-02-11T16:11:33.597+0100: 2036,683: Total time for which application threads were stopped: 0,0001613 seconds, Stopping threads took: 0,0000307 seconds
2016-02-11T16:11:33.607+0100: 2036,692: Total time for which application threads were stopped: 0,0002161 seconds, Stopping threads took: 0,0000352 seconds
2016-02-11T16:11:33.641+0100: 2036,726: Total time for which application threads were stopped: 0,0002724 seconds, Stopping threads took: 0,0001153 seconds
{Heap before GC invocations=47 (full 1):
 par new generation   total 436928K, used 351590K [0x0000000080000000, 0x00000000a0000000, 0x00000000a0000000)
  eden space 349568K, 100% used [0x0000000080000000, 0x0000000095560000, 0x0000000095560000)
  from space 87360K,   2% used [0x000000009aab0000, 0x000000009aca9a80, 0x00000000a0000000)
  to   space 87360K,   0% used [0x0000000095560000, 0x0000000095560000, 0x000000009aab0000)
 concurrent mark-sweep generation total 1572864K, used 19038K [0x00000000a0000000, 0x0000000100000000, 0x0000000100000000)
 Metaspace       used 39861K, capacity 40250K, committed 40612K, reserved 1085440K
  class space    used 4631K, capacity 4791K, committed 4832K, reserved 1048576K
2016-02-11T16:11:34.049+0100: 2037,134: [GC (Allocation Failure) 2016-02-11T16:11:34.049+0100: 2037,134: [ParNew
Desired survivor size 80510976 bytes, new threshold 8 (max 8)
- age   1:    3298000 bytes,    3298000 total
- age   2:      63816 bytes,    3361816 total
- age   3:      31144 bytes,    3392960 total
- age   4:      38040 bytes,    3431000 total
- age   5:      36560 bytes,    3467560 total
- age   6:      76608 bytes,    3544168 total
- age   7:      28560 bytes,    3572728 total
- age   8:      30096 bytes,    3602824 total
: 351590K->4124K(436928K), 0,0126237 secs] 370629K->23196K(2009792K), 0,0127645 secs] [Times: user=0,04 sys=0,00, real=0,01 secs] 
Heap after GC invocations=48 (full 1):
 par new generation   total 436928K, used 4124K [0x0000000080000000, 0x00000000a0000000, 0x00000000a0000000)
  eden space 349568K,   0% used [0x0000000080000000, 0x0000000080000000, 0x0000000095560000)
  from space 87360K,   4% used [0x0000000095560000, 0x00000000959673a0, 0x000000009aab0000)
  to   space 87360K,   0% used [0x000000009aab0000, 0x000000009aab0000, 0x00000000a0000000)
 concurrent mark-sweep generation total 1572864K, used 19071K [0x00000000a0000000, 0x0000000100000000, 0x0000000100000000)
 Metaspace       used 39861K, capacity 40250K, committed 40612K, reserved 1085440K
  class space    used 4631K, capacity 4791K, committed 4832K, reserved 1048576K
}
2016-02-11T16:11:34.062+0100: 2037,147: Total time for which application threads were stopped: 0,0915074 seconds, Stopping threads took: 0,0000223 seconds
2016-02-11T16:11:35.062+0100: 2038,148: Total time for which application threads were stopped: 0,0001987 seconds, Stopping threads took: 0,0000488 seconds
2016-02-11T16:11:49.990+0100: 2053,075: Total time for which application threads were stopped: 0,0001476 seconds, Stopping threads took: 0,0000448 seconds
2016-02-11T16:11:50.013+0100: 2053,098: Total time for which application threads were stopped: 0,0002747 seconds, Stopping threads took: 0,0000359 seconds
2016-02-11T16:11:50.025+0100: 2053,110: Total time for which application threads were stopped: 0,0001282 seconds, Stopping threads took: 0,0000303 seconds
2016-02-11T16:11:50.028+0100: 2053,113: Total time for which application threads were stopped: 0,0001219 seconds, Stopping threads took: 0,0000253 seconds
2016-02-11T16:11:50.030+0100: 2053,115: Total time for which application threads were stopped: 0,0001069 seconds, Stopping threads took: 0,0000230 seconds
2016-02-11T16:11:50.030+0100: 2053,115: Total time for which application threads were stopped: 0,0000660 seconds, Stopping threads took: 0,0000238 seconds
2016-02-11T16:11:50.033+0100: 2053,118: Total time for which application threads were stopped: 0,0001814 seconds, Stopping threads took: 0,0000442 seconds
2016-02-11T16:11:50.033+0100: 2053,118: Total time for which application threads were stopped: 0,0000535 seconds, Stopping threads took: 0,0000086 seconds
2016-02-11T16:12:08.531+0100: 2071,616: Total time for which application threads were stopped: 0,0002027 seconds, Stopping threads took: 0,0000396 seconds
2016-02-11T16:12:20.533+0100: 2083,618: Total time for which application threads were stopped: 0,0001966 seconds, Stopping threads took: 0,0000523 seconds
2016-02-11T16:12:26.157+0100: 2089,242: Total time for which application threads were stopped: 0,0002877 seconds, Stopping threads took: 0,0000512 seconds
2016-02-11T16:12:26.200+0100: 2089,285: Total time for which application threads were stopped: 0,0001881 seconds, Stopping threads took: 0,0000355 seconds
2016-02-11T16:12:26.201+0100: 2089,287: Total time for which application threads were stopped: 0,0001149 seconds, Stopping threads took: 0,0000198 seconds
2016-02-11T16:12:26.292+0100: 2089,377: Total time for which application threads were stopped: 0,0001656 seconds, Stopping threads took: 0,0000364 seconds
{Heap before GC invocations=48 (full 1):
 par new generation   total 436928K, used 353692K [0x0000000080000000, 0x00000000a0000000, 0x00000000a0000000)
  eden space 349568K, 100% used [0x0000000080000000, 0x0000000095560000, 0x0000000095560000)
  from space 87360K,   4% used [0x0000000095560000, 0x00000000959673a0, 0x000000009aab0000)
  to   space 87360K,   0% used [0x000000009aab0000, 0x000000009aab0000, 0x00000000a0000000)
 concurrent mark-sweep generation total 1572864K, used 19071K [0x00000000a0000000, 0x0000000100000000, 0x0000000100000000)
 Metaspace       used 39926K, capacity 40314K, committed 40612K, reserved 1085440K
  class space    used 4633K, capacity 4791K, committed 4832K, reserved 1048576K
2016-02-11T16:12:26.883+0100: 2089,968: [GC (Allocation Failure) 2016-02-11T16:12:26.883+0100: 2089,968: [ParNew
Desired survivor size 80510976 bytes, new threshold 8 (max 8)
- age   1:    3177264 bytes,    3177264 total
- age   2:    1020384 bytes,    4197648 total
- age   3:      63552 bytes,    4261200 total
- age   4:      31048 bytes,    4292248 total
- age   5:      37920 bytes,    4330168 total
- age   6:      36344 bytes,    4366512 total
- age   7:      75936 bytes,    4442448 total
- age   8:      28440 bytes,    4470888 total
: 353692K->5219K(436928K), 0,0085313 secs] 372764K->24320K(2009792K), 0,0086417 secs] [Times: user=0,03 sys=0,00, real=0,01 secs] 
Heap after GC invocations=49 (full 1):
 par new generation   total 436928K, used 5219K [0x0000000080000000, 0x00000000a0000000, 0x00000000a0000000)
  eden space 349568K,   0% used [0x0000000080000000, 0x0000000080000000, 0x0000000095560000)
  from space 87360K,   5% used [0x000000009aab0000, 0x000000009afc8df0, 0x00000000a0000000)
  to   space 87360K,   0% used [0x0000000095560000, 0x0000000095560000, 0x000000009aab0000)
 concurrent mark-sweep generation total 1572864K, used 19101K [0x00000000a0000000, 0x0000000100000000, 0x0000000100000000)
 Metaspace       used 39926K, capacity 40314K, committed 40612K, reserved 1085440K
  class space    used 4633K, capacity 4791K, committed 4832K, reserved 1048576K
}
2016-02-11T16:12:26.891+0100: 2089,976: Total time for which application threads were stopped: 0,0089199 seconds, Stopping threads took: 0,0000351 seconds
2016-02-11T16:12:27.892+0100: 2090,977: Total time for which application threads were stopped: 0,0002239 seconds, Stopping threads took: 0,0000379 seconds
2016-02-11T16:12:28.945+0100: 2092,030: Total time for which application threads were stopped: 0,0001576 seconds, Stopping threads took: 0,0000277 seconds
2016-02-11T16:12:28.946+0100: 2092,031: Total time for which application threads were stopped: 0,0000975 seconds, Stopping threads took: 0,0000189 seconds
2016-02-11T16:12:28.950+0100: 2092,035: Total time for which application threads were stopped: 0,0011106 seconds, Stopping threads took: 0,0000241 seconds
2016-02-11T16:12:29.951+0100: 2093,036: Total time for which application threads were stopped: 0,0002141 seconds, Stopping threads took: 0,0000518 seconds
2016-02-11T16:12:50.033+0100: 2113,118: Total time for which application threads were stopped: 0,0002518 seconds, Stopping threads took: 0,0000928 seconds
2016-02-11T16:12:51.797+0100: 2114,882: Total time for which application threads were stopped: 0,0003666 seconds, Stopping threads took: 0,0001805 seconds
2016-02-11T16:12:51.811+0100: 2114,896: Total time for which application threads were stopped: 0,0004689 seconds, Stopping threads took: 0,0000404 seconds
2016-02-11T16:12:52.811+0100: 2115,896: Total time for which application threads were stopped: 0,0002006 seconds, Stopping threads took: 0,0000386 seconds
2016-02-11T16:12:53.145+0100: 2116,230: Total time for which application threads were stopped: 0,0001636 seconds, Stopping threads took: 0,0000521 seconds
2016-02-11T16:12:53.145+0100: 2116,230: Total time for which application threads were stopped: 0,0001585 seconds, Stopping threads took: 0,0000600 seconds
2016-02-11T16:12:54.145+0100: 2117,230: Total time for which application threads were stopped: 0,0002015 seconds, Stopping threads took: 0,0000510 seconds
2016-02-11T16:12:58.182+0100: 2121,267: Total time for which application threads were stopped: 0,0002433 seconds, Stopping threads took: 0,0000495 seconds
2016-02-11T16:12:58.211+0100: 2121,296: Total time for which application threads were stopped: 0,0002229 seconds, Stopping threads took: 0,0000431 seconds
{Heap before GC invocations=49 (full 1):
 par new generation   total 436928K, used 354787K [0x0000000080000000, 0x00000000a0000000, 0x00000000a0000000)
  eden space 349568K, 100% used [0x0000000080000000, 0x0000000095560000, 0x0000000095560000)
  from space 87360K,   5% used [0x000000009aab0000, 0x000000009afc8df0, 0x00000000a0000000)
  to   space 87360K,   0% used [0x0000000095560000, 0x0000000095560000, 0x000000009aab0000)
 concurrent mark-sweep generation total 1572864K, used 19101K [0x00000000a0000000, 0x0000000100000000, 0x0000000100000000)
 Metaspace       used 39954K, capacity 40314K, committed 40612K, reserved 1085440K
  class space    used 4636K, capacity 4791K, committed 4832K, reserved 1048576K
2016-02-11T16:12:58.400+0100: 2121,486: [GC (Allocation Failure) 2016-02-11T16:12:58.401+0100: 2121,486: [ParNew
Desired survivor size 80510976 bytes, new threshold 8 (max 8)
- age   1:    2795520 bytes,    2795520 total
- age   2:     102616 bytes,    2898136 total
- age   3:    1018792 bytes,    3916928 total
- age   4:      63360 bytes,    3980288 total
- age   5:      30976 bytes,    4011264 total
- age   6:      37824 bytes,    4049088 total
- age   7:      36296 bytes,    4085384 total
- age   8:      75864 bytes,    4161248 total
: 354787K->7035K(436928K), 0,0112065 secs] 373888K->26164K(2009792K), 0,0113049 secs] [Times: user=0,04 sys=0,00, real=0,01 secs] 
Heap after GC invocations=50 (full 1):
 par new generation   total 436928K, used 7035K [0x0000000080000000, 0x00000000a0000000, 0x00000000a0000000)
  eden space 349568K,   0% used [0x0000000080000000, 0x0000000080000000, 0x0000000095560000)
  from space 87360K,   8% used [0x0000000095560000, 0x0000000095c3ed88, 0x000000009aab0000)
  to   space 87360K,   0% used [0x000000009aab0000, 0x000000009aab0000, 0x00000000a0000000)
 concurrent mark-sweep generation total 1572864K, used 19128K [0x00000000a0000000, 0x0000000100000000, 0x0000000100000000)
 Metaspace       used 39954K, capacity 40314K, committed 40612K, reserved 1085440K
  class space    used 4636K, capacity 4791K, committed 4832K, reserved 1048576K
}
2016-02-11T16:12:58.412+0100: 2121,497: Total time for which application threads were stopped: 0,0115535 seconds, Stopping threads took: 0,0000397 seconds
2016-02-11T16:12:59.412+0100: 2122,497: Total time for which application threads were stopped: 0,0002394 seconds, Stopping threads took: 0,0000439 seconds
2016-02-11T16:13:07.413+0100: 2130,498: Total time for which application threads were stopped: 0,0001763 seconds, Stopping threads took: 0,0000354 seconds
{Heap before GC invocations=50 (full 1):
 par new generation   total 436928K, used 356603K [0x0000000080000000, 0x00000000a0000000, 0x00000000a0000000)
  eden space 349568K, 100% used [0x0000000080000000, 0x0000000095560000, 0x0000000095560000)
  from space 87360K,   8% used [0x0000000095560000, 0x0000000095c3ed88, 0x000000009aab0000)
  to   space 87360K,   0% used [0x000000009aab0000, 0x000000009aab0000, 0x00000000a0000000)
 concurrent mark-sweep generation total 1572864K, used 19128K [0x00000000a0000000, 0x0000000100000000, 0x0000000100000000)
 Metaspace       used 39956K, capacity 40314K, committed 40612K, reserved 1085440K
  class space    used 4636K, capacity 4791K, committed 4832K, reserved 1048576K
2016-02-11T16:13:10.476+0100: 2133,561: [GC (Allocation Failure) 2016-02-11T16:13:10.552+0100: 2133,637: [ParNew
Desired survivor size 80510976 bytes, new threshold 8 (max 8)
- age   1:    3130448 bytes,    3130448 total
- age   2:     135472 bytes,    3265920 total
- age   3:     102584 bytes,    3368504 total
- age   4:    1018720 bytes,    4387224 total
- age   5:      63168 bytes,    4450392 total
- age   6:      30904 bytes,    4481296 total
- age   7:      37704 bytes,    4519000 total
- age   8:      36176 bytes,    4555176 total
: 356603K->5557K(436928K), 0,0171669 secs] 375732K->24761K(2009792K), 0,0933162 secs] [Times: user=0,06 sys=0,00, real=0,10 secs] 
Heap after GC invocations=51 (full 1):
 par new generation   total 436928K, used 5557K [0x0000000080000000, 0x00000000a0000000, 0x00000000a0000000)
  eden space 349568K,   0% used [0x0000000080000000, 0x0000000080000000, 0x0000000095560000)
  from space 87360K,   6% used [0x000000009aab0000, 0x000000009b01d650, 0x00000000a0000000)
  to   space 87360K,   0% used [0x0000000095560000, 0x0000000095560000, 0x000000009aab0000)
 concurrent mark-sweep generation total 1572864K, used 19203K [0x00000000a0000000, 0x0000000100000000, 0x0000000100000000)
 Metaspace       used 39956K, capacity 40314K, committed 40612K, reserved 1085440K
  class space    used 4636K, capacity 4791K, committed 4832K, reserved 1048576K
}
2016-02-11T16:13:10.569+0100: 2133,654: Total time for which application threads were stopped: 0,0937413 seconds, Stopping threads took: 0,0000691 seconds
2016-02-11T16:13:11.569+0100: 2134,654: Total time for which application threads were stopped: 0,0001325 seconds, Stopping threads took: 0,0000315 seconds
2016-02-11T16:13:29.804+0100: 2152,889: Total time for which application threads were stopped: 0,0002283 seconds, Stopping threads took: 0,0000419 seconds
2016-02-11T16:13:30.804+0100: 2153,889: Total time for which application threads were stopped: 0,0001413 seconds, Stopping threads took: 0,0000273 seconds
{Heap before GC invocations=51 (full 1):
 par new generation   total 436928K, used 355125K [0x0000000080000000, 0x00000000a0000000, 0x00000000a0000000)
  eden space 349568K, 100% used [0x0000000080000000, 0x0000000095560000, 0x0000000095560000)
  from space 87360K,   6% used [0x000000009aab0000, 0x000000009b01d650, 0x00000000a0000000)
  to   space 87360K,   0% used [0x0000000095560000, 0x0000000095560000, 0x000000009aab0000)
 concurrent mark-sweep generation total 1572864K, used 19203K [0x00000000a0000000, 0x0000000100000000, 0x0000000100000000)
 Metaspace       used 39958K, capacity 40314K, committed 40612K, reserved 1085440K
  class space    used 4636K, capacity 4791K, committed 4832K, reserved 1048576K
2016-02-11T16:13:34.318+0100: 2157,403: [GC (Allocation Failure) 2016-02-11T16:13:34.318+0100: 2157,403: [ParNew
Desired survivor size 80510976 bytes, new threshold 8 (max 8)
- age   1:    2348424 bytes,    2348424 total
- age   2:      10584 bytes,    2359008 total
- age   3:      65520 bytes,    2424528 total
- age   4:      89744 bytes,    2514272 total
- age   5:    1004624 bytes,    3518896 total
- age   6:      62904 bytes,    3581800 total
- age   7:      30664 bytes,    3612464 total
- age   8:      37560 bytes,    3650024 total
: 355125K->5762K(436928K), 0,0092642 secs] 374329K->25001K(2009792K), 0,0093675 secs] [Times: user=0,03 sys=0,00, real=0,01 secs] 
Heap after GC invocations=52 (full 1):
 par new generation   total 436928K, used 5762K [0x0000000080000000, 0x00000000a0000000, 0x00000000a0000000)
  eden space 349568K,   0% used [0x0000000080000000, 0x0000000080000000, 0x0000000095560000)
  from space 87360K,   6% used [0x0000000095560000, 0x0000000095b00960, 0x000000009aab0000)
  to   space 87360K,   0% used [0x000000009aab0000, 0x000000009aab0000, 0x00000000a0000000)
 concurrent mark-sweep generation total 1572864K, used 19239K [0x00000000a0000000, 0x0000000100000000, 0x0000000100000000)
 Metaspace       used 39958K, capacity 40314K, committed 40612K, reserved 1085440K
  class space    used 4636K, capacity 4791K, committed 4832K, reserved 1048576K
}
2016-02-11T16:13:34.327+0100: 2157,413: Total time for which application threads were stopped: 0,0096171 seconds, Stopping threads took: 0,0000404 seconds
2016-02-11T16:13:38.328+0100: 2161,413: Total time for which application threads were stopped: 0,0001526 seconds, Stopping threads took: 0,0000461 seconds
2016-02-11T16:13:57.604+0100: 2180,689: Total time for which application threads were stopped: 0,0002175 seconds, Stopping threads took: 0,0000424 seconds
{Heap before GC invocations=52 (full 1):
 par new generation   total 436928K, used 355330K [0x0000000080000000, 0x00000000a0000000, 0x00000000a0000000)
  eden space 349568K, 100% used [0x0000000080000000, 0x0000000095560000, 0x0000000095560000)
  from space 87360K,   6% used [0x0000000095560000, 0x0000000095b00960, 0x000000009aab0000)
  to   space 87360K,   0% used [0x000000009aab0000, 0x000000009aab0000, 0x00000000a0000000)
 concurrent mark-sweep generation total 1572864K, used 19239K [0x00000000a0000000, 0x0000000100000000, 0x0000000100000000)
 Metaspace       used 39958K, capacity 40314K, committed 40612K, reserved 1085440K
  class space    used 4636K, capacity 4791K, committed 4832K, reserved 1048576K
2016-02-11T16:13:58.210+0100: 2181,295: [GC (Allocation Failure) 2016-02-11T16:13:58.242+0100: 2181,327: [ParNew
Desired survivor size 80510976 bytes, new threshold 8 (max 8)
- age   1:    2149016 bytes,    2149016 total
- age   2:      22344 bytes,    2171360 total
- age   3:      10464 bytes,    2181824 total
- age   4:      65352 bytes,    2247176 total
- age   5:      89744 bytes,    2336920 total
- age   6:    1004600 bytes,    3341520 total
- age   7:      62736 bytes,    3404256 total
- age   8:      30400 bytes,    3434656 total
: 355330K->4628K(436928K), 0,0128014 secs] 374569K->23904K(2009792K), 0,0449854 secs] [Times: user=0,04 sys=0,00, real=0,04 secs] 
Heap after GC invocations=53 (full 1):
 par new generation   total 436928K, used 4628K [0x0000000080000000, 0x00000000a0000000, 0x00000000a0000000)
  eden space 349568K,   0% used [0x0000000080000000, 0x0000000080000000, 0x0000000095560000)
  from space 87360K,   5% used [0x000000009aab0000, 0x000000009af35300, 0x00000000a0000000)
  to   space 87360K,   0% used [0x0000000095560000, 0x0000000095560000, 0x000000009aab0000)
 concurrent mark-sweep generation total 1572864K, used 19275K [0x00000000a0000000, 0x0000000100000000, 0x0000000100000000)
 Metaspace       used 39958K, capacity 40314K, committed 40612K, reserved 1085440K
  class space    used 4636K, capacity 4791K, committed 4832K, reserved 1048576K
}
2016-02-11T16:13:58.255+0100: 2181,340: Total time for which application threads were stopped: 0,0452717 seconds, Stopping threads took: 0,0000327 seconds
2016-02-11T16:19:34.290+0100: 2517,375: Total time for which application threads were stopped: 0,0001724 seconds, Stopping threads took: 0,0000421 seconds
2016-02-11T16:20:19.296+0100: 2562,381: Total time for which application threads were stopped: 0,0002011 seconds, Stopping threads took: 0,0000512 seconds
2016-02-11T16:20:39.298+0100: 2582,383: Total time for which application threads were stopped: 0,0001819 seconds, Stopping threads took: 0,0000445 seconds
2016-02-11T16:29:30.787+0100: 3113,872: Total time for which application threads were stopped: 0,0004838 seconds, Stopping threads took: 0,0000413 seconds
2016-02-11T16:29:30.836+0100: 3113,921: Total time for which application threads were stopped: 0,0002543 seconds, Stopping threads took: 0,0000434 seconds
2016-02-11T16:29:30.886+0100: 3113,971: Total time for which application threads were stopped: 0,0002837 seconds, Stopping threads took: 0,0000586 seconds
{Heap before GC invocations=53 (full 1):
 par new generation   total 436928K, used 354196K [0x0000000080000000, 0x00000000a0000000, 0x00000000a0000000)
  eden space 349568K, 100% used [0x0000000080000000, 0x0000000095560000, 0x0000000095560000)
  from space 87360K,   5% used [0x000000009aab0000, 0x000000009af35300, 0x00000000a0000000)
  to   space 87360K,   0% used [0x0000000095560000, 0x0000000095560000, 0x000000009aab0000)
 concurrent mark-sweep generation total 1572864K, used 19275K [0x00000000a0000000, 0x0000000100000000, 0x0000000100000000)
 Metaspace       used 39972K, capacity 40442K, committed 40868K, reserved 1085440K
  class space    used 4636K, capacity 4791K, committed 4832K, reserved 1048576K
2016-02-11T16:29:31.125+0100: 3114,210: [GC (Allocation Failure) 2016-02-11T16:29:31.125+0100: 3114,211: [ParNew
Desired survivor size 80510976 bytes, new threshold 8 (max 8)
- age   1:    2293968 bytes,    2293968 total
- age   2:      24272 bytes,    2318240 total
- age   3:      22064 bytes,    2340304 total
- age   4:      10400 bytes,    2350704 total
- age   5:      40488 bytes,    2391192 total
- age   6:      36864 bytes,    2428056 total
- age   7:    1004448 bytes,    3432504 total
- age   8:      62520 bytes,    3495024 total
: 354196K->4301K(436928K), 0,0084783 secs] 373472K->23607K(2009792K), 0,0085838 secs] [Times: user=0,03 sys=0,00, real=0,00 secs] 
Heap after GC invocations=54 (full 1):
 par new generation   total 436928K, used 4301K [0x0000000080000000, 0x00000000a0000000, 0x00000000a0000000)
  eden space 349568K,   0% used [0x0000000080000000, 0x0000000080000000, 0x0000000095560000)
  from space 87360K,   4% used [0x0000000095560000, 0x00000000959936e0, 0x000000009aab0000)
  to   space 87360K,   0% used [0x000000009aab0000, 0x000000009aab0000, 0x00000000a0000000)
 concurrent mark-sweep generation total 1572864K, used 19305K [0x00000000a0000000, 0x0000000100000000, 0x0000000100000000)
 Metaspace       used 39972K, capacity 40442K, committed 40868K, reserved 1085440K
  class space    used 4636K, capacity 4791K, committed 4832K, reserved 1048576K
}
2016-02-11T16:29:31.134+0100: 3114,219: Total time for which application threads were stopped: 0,0087725 seconds, Stopping threads took: 0,0000222 seconds
2016-02-11T16:29:32.134+0100: 3115,219: Total time for which application threads were stopped: 0,0001717 seconds, Stopping threads took: 0,0000346 seconds
2016-02-11T16:29:39.135+0100: 3122,220: Total time for which application threads were stopped: 0,0002160 seconds, Stopping threads took: 0,0000448 seconds
{Heap before GC invocations=54 (full 1):
 par new generation   total 436928K, used 353869K [0x0000000080000000, 0x00000000a0000000, 0x00000000a0000000)
  eden space 349568K, 100% used [0x0000000080000000, 0x0000000095560000, 0x0000000095560000)
  from space 87360K,   4% used [0x0000000095560000, 0x00000000959936e0, 0x000000009aab0000)
  to   space 87360K,   0% used [0x000000009aab0000, 0x000000009aab0000, 0x00000000a0000000)
 concurrent mark-sweep generation total 1572864K, used 19305K [0x00000000a0000000, 0x0000000100000000, 0x0000000100000000)
 Metaspace       used 39975K, capacity 40442K, committed 40868K, reserved 1085440K
  class space    used 4636K, capacity 4791K, committed 4832K, reserved 1048576K
2016-02-11T16:29:43.001+0100: 3126,086: [GC (Allocation Failure) 2016-02-11T16:29:43.001+0100: 3126,086: [ParNew
Desired survivor size 80510976 bytes, new threshold 8 (max 8)
- age   1:    2109576 bytes,    2109576 total
- age   2:     242016 bytes,    2351592 total
- age   3:      24272 bytes,    2375864 total
- age   4:      22064 bytes,    2397928 total
- age   5:      10400 bytes,    2408328 total
- age   6:      40352 bytes,    2448680 total
- age   7:      36312 bytes,    2484992 total
- age   8:    1004280 bytes,    3489272 total
: 353869K->4485K(436928K), 0,0135604 secs] 373175K->23852K(2009792K), 0,0138390 secs] [Times: user=0,03 sys=0,00, real=0,01 secs] 
